This is pdfTeX, Version 3.141592653-2.6-1.40.27 (TeX Live 2025/nixos.org) (preloaded format=pdflatex 1980.1.1)  23 AUG 2026 07:41
entering extended mode
 restricted \write18 enabled.
 %&-line parsing enabled.
**/data/Projects/PNM-Arch-Paper/Paper/submission/paper_review.tex
(/data/Projects/PNM-Arch-Paper/Paper/submission/paper_review.tex
LaTeX2e <2025-11-01>
L3 programming layer <2026-01-19>

(/nix/store/72dkq4krxcngzb34is3q3p0wrb6mqhvd-texlive-combined-medium-2025-final
-texmfdist/tex/latex/base/article.cls
Document Class: article 2025/01/22 v1.4n Standard LaTeX document class

(/nix/store/72dkq4krxcngzb34is3q3p0wrb6mqhvd-texlive-combined-medium-2025-final
-texmfdist/tex/latex/base/size11.clo
File: size11.clo 2025/01/22 v1.4n Standard LaTeX file (size option)
)
\c@part=\count275
\c@section=\count276
\c@subsection=\count277
\c@subsubsection=\count278
\c@paragraph=\count279
\c@subparagraph=\count280
\c@figure=\count281
\c@table=\count282
\abovecaptionskip=\skip49
\belowcaptionskip=\skip50
\bibindent=\dimen148
)
(/nix/store/72dkq4krxcngzb34is3q3p0wrb6mqhvd-texlive-combined-medium-2025-final
-texmfdist/tex/latex/geometry/geometry.sty
Package: geometry 2020/01/02 v5.9 Page Geometry

(/nix/store/72dkq4krxcngzb34is3q3p0wrb6mqhvd-texlive-combined-medium-2025-final
-texmfdist/tex/latex/graphics/keyval.sty
Package: keyval 2022/05/29 v1.15 key=value parser (DPC)
\KV@toks@=\toks17
)
(/nix/store/72dkq4krxcngzb34is3q3p0wrb6mqhvd-texlive-combined-medium-2025-final
-texmfdist/tex/generic/iftex/ifvtex.sty
Package: ifvtex 2019/10/25 v1.7 ifvtex legacy package. Use iftex instead.

(/nix/store/72dkq4krxcngzb34is3q3p0wrb6mqhvd-texlive-combined-medium-2025-final
-texmfdist/tex/generic/iftex/iftex.sty
Package: iftex 2024/12/12 v1.0g TeX engine tests
))
\Gm@cnth=\count283
\Gm@cntv=\count284
\c@Gm@tempcnt=\count285
\Gm@bindingoffset=\dimen149
\Gm@wd@mp=\dimen150
\Gm@odd@mp=\dimen151
\Gm@even@mp=\dimen152
\Gm@layoutwidth=\dimen153
\Gm@layoutheight=\dimen154
\Gm@layouthoffset=\dimen155
\Gm@layoutvoffset=\dimen156
\Gm@dimlist=\toks18
)
(/nix/store/72dkq4krxcngzb34is3q3p0wrb6mqhvd-texlive-combined-medium-2025-final
-texmfdist/tex/latex/psnfss/times.sty
Package: times 2020/03/25 PSNFSS-v9.3 (SPQR) 
)
(/nix/store/72dkq4krxcngzb34is3q3p0wrb6mqhvd-texlive-combined-medium-2025-final
-texmfdist/tex/latex/setspace/setspace.sty
Package: setspace 2022/12/04 v6.7b set line spacing
)
(/nix/store/72dkq4krxcngzb34is3q3p0wrb6mqhvd-texlive-combined-medium-2025-final
-texmfdist/tex/latex/amsmath/amsmath.sty
Package: amsmath 2025/07/09 v2.17z AMS math features
\@mathmargin=\skip51

For additional information on amsmath, use the `?' option.

(/nix/store/72dkq4krxcngzb34is3q3p0wrb6mqhvd-texlive-combined-medium-2025-final
-texmfdist/tex/latex/amsmath/amstext.sty
Package: amstext 2024/11/17 v2.01 AMS text

(/nix/store/72dkq4krxcngzb34is3q3p0wrb6mqhvd-texlive-combined-medium-2025-final
-texmfdist/tex/latex/amsmath/amsgen.sty
File: amsgen.sty 1999/11/30 v2.0 generic functions
\@emptytoks=\toks19
\ex@=\dimen157
))
(/nix/store/72dkq4krxcngzb34is3q3p0wrb6mqhvd-texlive-combined-medium-2025-final
-texmfdist/tex/latex/amsmath/amsbsy.sty
Package: amsbsy 1999/11/29 v1.2d Bold Symbols
\pmbraise@=\dimen158
)
(/nix/store/72dkq4krxcngzb34is3q3p0wrb6mqhvd-texlive-combined-medium-2025-final
-texmfdist/tex/latex/amsmath/amsopn.sty
Package: amsopn 2022/04/08 v2.04 operator names
)
\inf@bad=\count286
LaTeX Info: Redefining \frac on input line 233.
\uproot@=\count287
\leftroot@=\count288
LaTeX Info: Redefining \overline on input line 398.
LaTeX Info: Redefining \colon on input line 409.
\classnum@=\count289
\DOTSCASE@=\count290
LaTeX Info: Redefining \ldots on input line 495.
LaTeX Info: Redefining \dots on input line 498.
LaTeX Info: Redefining \cdots on input line 619.
\Mathstrutbox@=\box53
\strutbox@=\box54
LaTeX Info: Redefining \big on input line 721.
LaTeX Info: Redefining \Big on input line 722.
LaTeX Info: Redefining \bigg on input line 723.
LaTeX Info: Redefining \Bigg on input line 724.
\big@size=\dimen159
LaTeX Font Info:    Redeclaring font encoding OML on input line 742.
LaTeX Font Info:    Redeclaring font encoding OMS on input line 743.
\macc@depth=\count291
LaTeX Info: Redefining \bmod on input line 904.
LaTeX Info: Redefining \pmod on input line 909.
LaTeX Info: Redefining \smash on input line 939.
LaTeX Info: Redefining \relbar on input line 969.
LaTeX Info: Redefining \Relbar on input line 970.
\c@MaxMatrixCols=\count292
\dotsspace@=\muskip17
\c@parentequation=\count293
\dspbrk@lvl=\count294
\tag@help=\toks20
\row@=\count295
\column@=\count296
\maxfields@=\count297
\andhelp@=\toks21
\eqnshift@=\dimen160
\alignsep@=\dimen161
\tagshift@=\dimen162
\tagwidth@=\dimen163
\totwidth@=\dimen164
\lineht@=\dimen165
\@envbody=\toks22
\multlinegap=\skip52
\multlinetaggap=\skip53
\mathdisplay@stack=\toks23
LaTeX Info: Redefining \[ on input line 2950.
LaTeX Info: Redefining \] on input line 2951.
)
(/nix/store/72dkq4krxcngzb34is3q3p0wrb6mqhvd-texlive-combined-medium-2025-final
-texmfdist/tex/latex/amsfonts/amssymb.sty
Package: amssymb 2013/01/14 v3.01 AMS font symbols

(/nix/store/72dkq4krxcngzb34is3q3p0wrb6mqhvd-texlive-combined-medium-2025-final
-texmfdist/tex/latex/amsfonts/amsfonts.sty
Package: amsfonts 2013/01/14 v3.01 Basic AMSFonts support
\symAMSa=\mathgroup4
\symAMSb=\mathgroup5
LaTeX Font Info:    Redeclaring math symbol \hbar on input line 98.
LaTeX Font Info:    Overwriting math alphabet `\mathfrak' in version `bold'
(Font)                  U/euf/m/n --> U/euf/b/n on input line 106.
))
(/nix/store/72dkq4krxcngzb34is3q3p0wrb6mqhvd-texlive-combined-medium-2025-final
-texmfdist/tex/latex/tools/array.sty
Package: array 2025/09/25 v2.6n Tabular extension package (FMi)
\col@sep=\dimen166
\ar@mcellbox=\box55
\extrarowheight=\dimen167
\NC@list=\toks24
\extratabsurround=\skip54
\backup@length=\skip55
\ar@cellbox=\box56
)
(/nix/store/72dkq4krxcngzb34is3q3p0wrb6mqhvd-texlive-combined-medium-2025-final
-texmfdist/tex/latex/booktabs/booktabs.sty
Package: booktabs 2020/01/12 v1.61803398 Publication quality tables
\heavyrulewidth=\dimen168
\lightrulewidth=\dimen169
\cmidrulewidth=\dimen170
\belowrulesep=\dimen171
\belowbottomsep=\dimen172
\aboverulesep=\dimen173
\abovetopsep=\dimen174
\cmidrulesep=\dimen175
\cmidrulekern=\dimen176
\defaultaddspace=\dimen177
\@cmidla=\count298
\@cmidlb=\count299
\@aboverulesep=\dimen178
\@belowrulesep=\dimen179
\@thisruleclass=\count300
\@lastruleclass=\count301
\@thisrulewidth=\dimen180
)
(/nix/store/72dkq4krxcngzb34is3q3p0wrb6mqhvd-texlive-combined-medium-2025-final
-texmfdist/tex/latex/hyperref/hyperref.sty
Package: hyperref 2026-01-29 v7.01p Hypertext links for LaTeX

(/nix/store/72dkq4krxcngzb34is3q3p0wrb6mqhvd-texlive-combined-medium-2025-final
-texmfdist/tex/latex/kvsetkeys/kvsetkeys.sty
Package: kvsetkeys 2022-10-05 v1.19 Key value parser (HO)
)
(/nix/store/72dkq4krxcngzb34is3q3p0wrb6mqhvd-texlive-combined-medium-2025-final
-texmfdist/tex/generic/kvdefinekeys/kvdefinekeys.sty
Package: kvdefinekeys 2019-12-19 v1.6 Define keys (HO)
)
(/nix/store/72dkq4krxcngzb34is3q3p0wrb6mqhvd-texlive-combined-medium-2025-final
-texmfdist/tex/generic/pdfescape/pdfescape.sty
Package: pdfescape 2019/12/09 v1.15 Implements pdfTeX's escape features (HO)

(/nix/store/72dkq4krxcngzb34is3q3p0wrb6mqhvd-texlive-combined-medium-2025-final
-texmfdist/tex/generic/ltxcmds/ltxcmds.sty
Package: ltxcmds 2023-12-04 v1.26 LaTeX kernel commands for general use (HO)
)
(/nix/store/72dkq4krxcngzb34is3q3p0wrb6mqhvd-texlive-combined-medium-2025-final
-texmfdist/tex/generic/pdftexcmds/pdftexcmds.sty
Package: pdftexcmds 2020-06-27 v0.33 Utility functions of pdfTeX for LuaTeX (HO
)

(/nix/store/72dkq4krxcngzb34is3q3p0wrb6mqhvd-texlive-combined-medium-2025-final
-texmfdist/tex/generic/infwarerr/infwarerr.sty
Package: infwarerr 2019/12/03 v1.5 Providing info/warning/error messages (HO)
)
Package pdftexcmds Info: \pdf@primitive is available.
Package pdftexcmds Info: \pdf@ifprimitive is available.
Package pdftexcmds Info: \pdfdraftmode found.
))
(/nix/store/72dkq4krxcngzb34is3q3p0wrb6mqhvd-texlive-combined-medium-2025-final
-texmfdist/tex/latex/hycolor/hycolor.sty
Package: hycolor 2020-01-27 v1.10 Color options for hyperref/bookmark (HO)
)
(/nix/store/72dkq4krxcngzb34is3q3p0wrb6mqhvd-texlive-combined-medium-2025-final
-texmfdist/tex/latex/hyperref/nameref.sty
Package: nameref 2026-01-29 v2.58 Cross-referencing by name of section

(/nix/store/72dkq4krxcngzb34is3q3p0wrb6mqhvd-texlive-combined-medium-2025-final
-texmfdist/tex/latex/refcount/refcount.sty
Package: refcount 2019/12/15 v3.6 Data extraction from label references (HO)
)
(/nix/store/72dkq4krxcngzb34is3q3p0wrb6mqhvd-texlive-combined-medium-2025-final
-texmfdist/tex/generic/gettitlestring/gettitlestring.sty
Package: gettitlestring 2019/12/15 v1.6 Cleanup title references (HO)

(/nix/store/72dkq4krxcngzb34is3q3p0wrb6mqhvd-texlive-combined-medium-2025-final
-texmfdist/tex/latex/kvoptions/kvoptions.sty
Package: kvoptions 2022-06-15 v3.15 Key value format for package options (HO)
))
\c@section@level=\count302
)
(/nix/store/72dkq4krxcngzb34is3q3p0wrb6mqhvd-texlive-combined-medium-2025-final
-texmfdist/tex/latex/etoolbox/etoolbox.sty
Package: etoolbox 2025/10/02 v2.5m e-TeX tools for LaTeX (JAW)
\etb@tempcnta=\count303
)
(/nix/store/72dkq4krxcngzb34is3q3p0wrb6mqhvd-texlive-combined-medium-2025-final
-texmfdist/tex/generic/stringenc/stringenc.sty
Package: stringenc 2019/11/29 v1.12 Convert strings between diff. encodings (HO
)
)
\@linkdim=\dimen181
\Hy@linkcounter=\count304
\Hy@pagecounter=\count305

(/nix/store/72dkq4krxcngzb34is3q3p0wrb6mqhvd-texlive-combined-medium-2025-final
-texmfdist/tex/latex/hyperref/pd1enc.def
File: pd1enc.def 2026-01-29 v7.01p Hyperref: PDFDocEncoding definition (HO)
Now handling font encoding PD1 ...
... no UTF-8 mapping file for font encoding PD1
)
(/nix/store/72dkq4krxcngzb34is3q3p0wrb6mqhvd-texlive-combined-medium-2025-final
-texmfdist/tex/generic/intcalc/intcalc.sty
Package: intcalc 2019/12/15 v1.3 Expandable calculations with integers (HO)
)
\Hy@SavedSpaceFactor=\count306

(/nix/store/72dkq4krxcngzb34is3q3p0wrb6mqhvd-texlive-combined-medium-2025-final
-texmfdist/tex/latex/hyperref/puenc.def
File: puenc.def 2026-01-29 v7.01p Hyperref: PDF Unicode definition (HO)
Now handling font encoding PU ...
... no UTF-8 mapping file for font encoding PU
)
Package hyperref Info: Hyper figures OFF on input line 4201.
Package hyperref Info: Link nesting OFF on input line 4206.
Package hyperref Info: Hyper index ON on input line 4209.
Package hyperref Info: Plain pages OFF on input line 4216.
Package hyperref Info: Backreferencing OFF on input line 4221.
Package hyperref Info: Implicit mode ON; LaTeX internals redefined.
Package hyperref Info: Bookmarks ON on input line 4468.
\c@Hy@tempcnt=\count307

(/nix/store/72dkq4krxcngzb34is3q3p0wrb6mqhvd-texlive-combined-medium-2025-final
-texmfdist/tex/latex/url/url.sty
\Urlmuskip=\muskip18
Package: url 2013/09/16  ver 3.4  Verb mode for urls, etc.
)
LaTeX Info: Redefining \url on input line 4807.
\XeTeXLinkMargin=\dimen182

(/nix/store/72dkq4krxcngzb34is3q3p0wrb6mqhvd-texlive-combined-medium-2025-final
-texmfdist/tex/generic/bitset/bitset.sty
Package: bitset 2019/12/09 v1.3 Handle bit-vector datatype (HO)

(/nix/store/72dkq4krxcngzb34is3q3p0wrb6mqhvd-texlive-combined-medium-2025-final
-texmfdist/tex/generic/bigintcalc/bigintcalc.sty
Package: bigintcalc 2019/12/15 v1.5 Expandable calculations on big integers (HO
)
))
\Fld@menulength=\count308
\Field@Width=\dimen183
\Fld@charsize=\dimen184
Package hyperref Info: Hyper figures OFF on input line 6084.
Package hyperref Info: Link nesting OFF on input line 6089.
Package hyperref Info: Hyper index ON on input line 6092.
Package hyperref Info: backreferencing OFF on input line 6099.
Package hyperref Info: Link coloring OFF on input line 6104.
Package hyperref Info: Link coloring with OCG OFF on input line 6109.
Package hyperref Info: PDF/A mode OFF on input line 6114.
\Hy@abspage=\count309
\c@Item=\count310
\c@Hfootnote=\count311
)
Package hyperref Info: Driver (autodetected): hpdftex.

(/nix/store/72dkq4krxcngzb34is3q3p0wrb6mqhvd-texlive-combined-medium-2025-final
-texmfdist/tex/latex/hyperref/hpdftex.def
File: hpdftex.def 2026-01-29 v7.01p Hyperref driver for pdfTeX
\Fld@listcount=\count312
\c@bookmark@seq@number=\count313

(/nix/store/72dkq4krxcngzb34is3q3p0wrb6mqhvd-texlive-combined-medium-2025-final
-texmfdist/tex/latex/rerunfilecheck/rerunfilecheck.sty
Package: rerunfilecheck 2025-06-21 v1.11 Rerun checks for auxiliary files (HO)

(/nix/store/72dkq4krxcngzb34is3q3p0wrb6mqhvd-texlive-combined-medium-2025-final
-texmfdist/tex/generic/uniquecounter/uniquecounter.sty
Package: uniquecounter 2019/12/15 v1.4 Provide unlimited unique counter (HO)
)
Package uniquecounter Info: New unique counter `rerunfilecheck' on input line 2
84.
)
\Hy@SectionHShift=\skip56
)
(/nix/store/72dkq4krxcngzb34is3q3p0wrb6mqhvd-texlive-combined-medium-2025-final
-texmfdist/tex/latex/microtype/microtype.sty
Package: microtype 2026/03/01 v3.2d Micro-typographical refinements (RS)
\MT@toks=\toks25
\MT@tempbox=\box57
\MT@count=\count314
LaTeX Info: Redefining \noprotrusionifhmode on input line 1084.
LaTeX Info: Redefining \leftprotrusion on input line 1085.
\MT@prot@toks=\toks26
LaTeX Info: Redefining \rightprotrusion on input line 1104.
LaTeX Info: Redefining \textls on input line 1449.
\MT@outer@kern=\dimen185
LaTeX Info: Redefining \microtypecontext on input line 2053.
LaTeX Info: Redefining \textmicrotypecontext on input line 2070.
\MT@listname@count=\count315

(/nix/store/72dkq4krxcngzb34is3q3p0wrb6mqhvd-texlive-combined-medium-2025-final
-texmfdist/tex/latex/microtype/microtype-pdftex.def
File: microtype-pdftex.def 2026/03/01 v3.2d Definitions specific to pdftex (RS)

LaTeX Info: Redefining \lsstyle on input line 944.
LaTeX Info: Redefining \lslig on input line 944.
\MT@outer@space=\skip57
)
Package microtype Info: Loading configuration file microtype.cfg.

(/nix/store/72dkq4krxcngzb34is3q3p0wrb6mqhvd-texlive-combined-medium-2025-final
-texmfdist/tex/latex/microtype/microtype.cfg
File: microtype.cfg 2026/03/01 v3.2d microtype main configuration file (RS)
)
LaTeX Info: Redefining \microtypesetup on input line 3065.
)
(/nix/store/72dkq4krxcngzb34is3q3p0wrb6mqhvd-texlive-combined-medium-2025-final
-texmfdist/tex/latex/fancyhdr/fancyhdr.sty
Package: fancyhdr 2025/02/07 v5.2 Extensive control of page headers and footers

\f@nch@headwidth=\skip58
\f@nch@offset@elh=\skip59
\f@nch@offset@erh=\skip60
\f@nch@offset@olh=\skip61
\f@nch@offset@orh=\skip62
\f@nch@offset@elf=\skip63
\f@nch@offset@erf=\skip64
\f@nch@offset@olf=\skip65
\f@nch@offset@orf=\skip66
\f@nch@height=\skip67
\f@nch@footalignment=\skip68
\f@nch@widthL=\skip69
\f@nch@widthC=\skip70
\f@nch@widthR=\skip71
\@temptokenb=\toks27
)
LaTeX Font Info:    Trying to load font information for OT1+ptm on input line 2
6.

(/nix/store/72dkq4krxcngzb34is3q3p0wrb6mqhvd-texlive-combined-medium-2025-final
-texmfdist/tex/latex/psnfss/ot1ptm.fd
File: ot1ptm.fd 2001/06/04 font definitions for OT1/ptm.
)
(/nix/store/72dkq4krxcngzb34is3q3p0wrb6mqhvd-texlive-combined-medium-2025-final
-texmfdist/tex/latex/l3backend/l3backend-pdftex.def
File: l3backend-pdftex.def 2025-10-09 L3 backend support: PDF output (pdfTeX)
\l__color_backend_stack_int=\count316
) (./paper_review.aux)
\openout1 = `paper_review.aux'.

LaTeX Font Info:    Checking defaults for OML/cmm/m/it on input line 26.
LaTeX Font Info:    ... okay on input line 26.
LaTeX Font Info:    Checking defaults for OMS/cmsy/m/n on input line 26.
LaTeX Font Info:    ... okay on input line 26.
LaTeX Font Info:    Checking defaults for OT1/cmr/m/n on input line 26.
LaTeX Font Info:    ... okay on input line 26.
LaTeX Font Info:    Checking defaults for T1/cmr/m/n on input line 26.
LaTeX Font Info:    ... okay on input line 26.
LaTeX Font Info:    Checking defaults for TS1/cmr/m/n on input line 26.
LaTeX Font Info:    ... okay on input line 26.
LaTeX Font Info:    Checking defaults for OMX/cmex/m/n on input line 26.
LaTeX Font Info:    ... okay on input line 26.
LaTeX Font Info:    Checking defaults for U/cmr/m/n on input line 26.
LaTeX Font Info:    ... okay on input line 26.
LaTeX Font Info:    Checking defaults for PD1/pdf/m/n on input line 26.
LaTeX Font Info:    ... okay on input line 26.
LaTeX Font Info:    Checking defaults for PU/pdf/m/n on input line 26.
LaTeX Font Info:    ... okay on input line 26.

*geometry* driver: auto-detecting
*geometry* detected driver: pdftex
*geometry* verbose mode - [ preamble ] result:
* driver: pdftex
* paper: <default>
* layout: <same size as paper>
* layoutoffset:(h,v)=(0.0pt,0.0pt)
* modes: 
* h-part:(L,W,R)=(108.405pt, 397.485pt, 108.405pt)
* v-part:(T,H,B)=(108.405pt, 578.15999pt, 108.405pt)
* \paperwidth=614.295pt
* \paperheight=794.96999pt
* \textwidth=397.485pt
* \textheight=578.15999pt
* \oddsidemargin=36.13501pt
* \evensidemargin=36.13501pt
* \topmargin=-0.86499pt
* \headheight=12.0pt
* \headsep=25.0pt
* \topskip=11.0pt
* \footskip=30.0pt
* \marginparwidth=59.0pt
* \marginparsep=10.0pt
* \columnsep=10.0pt
* \skip\footins=10.0pt plus 4.0pt minus 2.0pt
* \hoffset=0.0pt
* \voffset=0.0pt
* \mag=1000
* \@twocolumnfalse
* \@twosidefalse
* \@mparswitchfalse
* \@reversemarginfalse
* (1in=72.27pt=25.4mm, 1cm=28.453pt)

Package hyperref Info: Link coloring OFF on input line 26.
(./paper_review.out) (./paper_review.out)
\@outlinefile=\write3
\openout3 = `paper_review.out'.

LaTeX Info: Redefining \microtypecontext on input line 26.
Package microtype Info: Applying patch `item' on input line 26.
Package microtype Info: Applying patch `toc' on input line 26.
Package microtype Info: Applying patch `eqnum' on input line 26.
Package microtype Info: Applying patch `footnote' on input line 26.
Package microtype Info: Applying patch `verbatim' on input line 26.
LaTeX Info: Redefining \microtypesetup on input line 26.
Package microtype Info: Generating PDF output.
Package microtype Info: Character protrusion enabled (level 2).
Package microtype Info: Using default protrusion set `alltext'.
Package microtype Info: Automatic font expansion enabled (level 2),
(microtype)             stretch: 20, shrink: 20, step: 1, non-selected.
Package microtype Info: Using default expansion set `alltext-nott'.
Package microtype Info: Patching command `\showhyphens'.
Package microtype Info: No adjustment of tracking.
Package microtype Info: No adjustment of interword spacing.
Package microtype Info: No adjustment of character kerning.

(/nix/store/72dkq4krxcngzb34is3q3p0wrb6mqhvd-texlive-combined-medium-2025-final
-texmfdist/tex/latex/microtype/mt-ptm.cfg
File: mt-ptm.cfg 2006/04/20 v1.7 microtype config. file: Times (RS)
)
(/nix/store/72dkq4krxcngzb34is3q3p0wrb6mqhvd-texlive-combined-medium-2025-final
-texmfdist/tex/latex/microtype/mt-cmr.cfg
File: mt-cmr.cfg 2013/05/19 v2.2 microtype config. file: Computer Modern Roman 
(RS)
)
LaTeX Font Info:    Trying to load font information for U+msa on input line 28.


(/nix/store/72dkq4krxcngzb34is3q3p0wrb6mqhvd-texlive-combined-medium-2025-final
-texmfdist/tex/latex/amsfonts/umsa.fd
File: umsa.fd 2013/01/14 v3.01 AMS symbols A
)
(/nix/store/72dkq4krxcngzb34is3q3p0wrb6mqhvd-texlive-combined-medium-2025-final
-texmfdist/tex/latex/microtype/mt-msa.cfg
File: mt-msa.cfg 2006/02/04 v1.1 microtype config. file: AMS symbols (a) (RS)
)
LaTeX Font Info:    Trying to load font information for U+msb on input line 28.


(/nix/store/72dkq4krxcngzb34is3q3p0wrb6mqhvd-texlive-combined-medium-2025-final
-texmfdist/tex/latex/amsfonts/umsb.fd
File: umsb.fd 2013/01/14 v3.01 AMS symbols B
)
(/nix/store/72dkq4krxcngzb34is3q3p0wrb6mqhvd-texlive-combined-medium-2025-final
-texmfdist/tex/latex/microtype/mt-msb.cfg
File: mt-msb.cfg 2005/06/01 v1.0 microtype config. file: AMS symbols (b) (RS)
) [1

{/nix/store/jm123v1lw7ji4x4v429cz3xch5jvssg4-texlive-combined-medium-2025-final
/share/texmf-var/fonts/map/pdftex/updmap/pdftex.map}{/nix/store/72dkq4krxcngzb3
4is3q3p0wrb6mqhvd-texlive-combined-medium-2025-final-texmfdist/fonts/enc/dvips/
base/8r.enc}]
Overfull \hbox (13.76369pt too wide) in paragraph at lines 34--35
[]\OT1/ptm/m/n/10.95 (-20) Keywords: Processing-Near-Memory; Worm-hole Switch-i
ng; De-ter-min-is-tic Rout-ing; Dimension-
 []

LaTeX Font Info:    Trying to load font information for TS1+ptm on input line 4
0.

(/nix/store/72dkq4krxcngzb34is3q3p0wrb6mqhvd-texlive-combined-medium-2025-final
-texmfdist/tex/latex/psnfss/ts1ptm.fd
File: ts1ptm.fd 2001/06/04 font definitions for TS1/ptm.
) [2] [3] [4] [5] [6] [7] [8] [9] [10]
Overfull \hbox (17.99931pt too wide) in paragraph at lines 112--113
[]\OT1/ptm/m/n/10.95 (-20) RESET $\OMS/cmsy/m/n/10.95 !$ \OT1/ptm/m/n/10.95 (-2
0) POST[]DISCOVERY $\OMS/cmsy/m/n/10.95 !$ \OT1/ptm/m/n/10.95 (-20) ROUT-ING[]T
ABLE $\OMS/cmsy/m/n/10.95 !$ \OT1/ptm/m/n/10.95 (-20) WEIGHT[]UPLOAD $\OMS/cmsy
/m/n/10.95 !$ \OT1/ptm/m/n/10.95 (-20) MOE[]LOAD
 []

[11] [12] [13] [14]
Overfull \hbox (75.88535pt too wide) in paragraph at lines 140--141
\OT1/ptm/m/n/10.95 (-20) `PNM[]MAX[]NODES[]TOTAL=512`, `PNM[]MAX[]EXPERTS=256`,
 and `PNM[]KV[]CACHE[]DEPTH=4096`;
 []

[15]
Overfull \hbox (96.64977pt too wide) in paragraph at lines 152--153
\OT1/ptm/m/n/10.95 (-20) `model.layers.0.experts.3.down[]proj` maps to $\OT1/cm
r/m/n/10.95 [[]\OML/cmm/m/it/10.95 ; []\OT1/cmr/m/n/10.95 ]$\OT1/ptm/m/n/10.95 
(-20) ; `model.embed[]tokens.weight`
 []


Overfull \hbox (85.9375pt too wide) in paragraph at lines 152--153
\OT1/ptm/m/n/10.95 (-20) maps to $\OT1/cmr/m/n/10.95 [[]\OML/cmm/m/it/10.95 ; [
]\OT1/cmr/m/n/10.95 ]$\OT1/ptm/m/n/10.95 (-20) ; and `model.layers.0.router.pro
j.weight` maps to $\OT1/cmr/m/n/10.95 [[]\OML/cmm/m/it/10.95 ; []\OT1/cmr/m/n/1
0.95 ]$\OT1/ptm/m/n/10.95 (-20) .
 []

[16] [17]
Overfull \hbox (9.65529pt too wide) in paragraph at lines 164--165
[]\OT1/ptm/m/n/10.95 (-20) For mod-els whose in-di-vid-ual ten-sors ex-ceed nod
e capacity---extreme tensor-parallel scenarios---
 []

[18] [19] [20]
Overfull \hbox (74.02739pt too wide) in paragraph at lines 198--199
\OT1/ptm/m/n/10.95 (-20) com-piler ac-cepts a Hug-ging-Face model di-rec-tory (
con-tain-ing `con-fig.json` and `model.safetensors.index.json`),
 []

[21] [22] [23] [24] [25] [26] [27] [28] [29] [30] [31] [32] [33] [34] [35]
[36] [37] [38]
Overfull \hbox (1.89667pt too wide) in paragraph at lines 342--343
\OT1/ptm/m/n/10.95 (-20) traverse bit-exactly, arriving a deterministic number 
of cycles later, and nothing else happens---
 []

[39] [40] [41]
Overfull \hbox (5.36719pt too wide) detected at line 378
\OML/cmm/m/it/10.95 B[] \OT1/cmr/m/n/10.95 = [] \OMS/cmsy/m/n/10.95 ^^Y \OT1/cm
r/m/n/10.95 1\OML/cmm/m/it/10.95 :\OT1/cmr/m/n/10.95 5 []\OML/cmm/m/it/10.95 ; 
 B[] \OMS/cmsy/m/n/10.95 ^^Y \OT1/cmr/m/n/10.95 3\OML/cmm/m/it/10.95 :\OT1/cmr/
m/n/10.95 0\OML/cmm/m/it/10.95 ;  B[] \OMS/cmsy/m/n/10.95 ^^Y \OT1/cmr/m/n/10.9
5 6\OML/cmm/m/it/10.95 :\OT1/cmr/m/n/10.95 0\OML/cmm/m/it/10.95 :
 []

[42] [43] [44] [45] [46] [47] [48] [49] [50] [51] [52] [53] [54] [55] [56]
[57] [58] [59] [60] [61] (./paper_review.aux)
 ***********
LaTeX2e <2025-11-01>
L3 programming layer <2026-01-19>
 ***********
Package rerunfilecheck Info: File `paper_review.out' has not changed.
(rerunfilecheck)             Checksum: D41D8CD98F00B204E9800998ECF8427E;0.
 ) 
Here is how much of TeX's memory you used:
 12354 strings out of 468657
 197649 string characters out of 5422359
 634360 words of memory out of 5000000
 40594 multiletter control sequences out of 15000+600000
 657276 words of font info for 223 fonts, out of 8000000 for 9000
 430 hyphenation exceptions out of 8191
 75i,13n,79p,2745b,586s stack positions out of 10000i,1000n,20000p,200000b,200000s
</nix/store/72dkq4krxcngzb34is3q3p0wrb6mqhvd-texlive-combined-medium-2025-fin
al-texmfdist/fonts/type1/public/amsfonts/cm/cmmi10.pfb></nix/store/72dkq4krxcng
zb34is3q3p0wrb6mqhvd-texlive-combined-medium-2025-final-texmfdist/fonts/type1/p
ublic/amsfonts/cm/cmmi8.pfb></nix/store/72dkq4krxcngzb34is3q3p0wrb6mqhvd-texliv
e-combined-medium-2025-final-texmfdist/fonts/type1/public/amsfonts/cm/cmr10.pfb
></nix/store/72dkq4krxcngzb34is3q3p0wrb6mqhvd-texlive-combined-medium-2025-fina
l-texmfdist/fonts/type1/public/amsfonts/cm/cmr8.pfb></nix/store/72dkq4krxcngzb3
4is3q3p0wrb6mqhvd-texlive-combined-medium-2025-final-texmfdist/fonts/type1/publ
ic/amsfonts/cm/cmsy10.pfb></nix/store/72dkq4krxcngzb34is3q3p0wrb6mqhvd-texlive-
combined-medium-2025-final-texmfdist/fonts/type1/public/amsfonts/cm/cmsy8.pfb><
/nix/store/72dkq4krxcngzb34is3q3p0wrb6mqhvd-texlive-combined-medium-2025-final-
texmfdist/fonts/type1/urw/times/utmb8a.pfb></nix/store/72dkq4krxcngzb34is3q3p0w
rb6mqhvd-texlive-combined-medium-2025-final-texmfdist/fonts/type1/urw/times/utm
r8a.pfb></nix/store/72dkq4krxcngzb34is3q3p0wrb6mqhvd-texlive-combined-medium-20
25-final-texmfdist/fonts/type1/urw/times/utmri8a.pfb>
Output written on paper_review.pdf (61 pages, 290273 bytes).
PDF statistics:
 689 PDF objects out of 1000 (max. 8388607)
 601 compressed objects within 7 object streams
 138 named destinations out of 1000 (max. 500000)
 43009 words of extra memory for PDF output out of 51595 (max. 10000000)

