This is pdfTeX, Version 3.141592653-2.6-1.40.26 (TeX Live 2024/nixos.org) (preloaded format=pdflatex 1980.1.1)  13 SEP 2026 10:33
entering extended mode
 restricted \write18 enabled.
 %&-line parsing enabled.
**/data/Projects/PNM-Arch-Paper/Paper/paper/submission/paper.tex
(/data/Projects/PNM-Arch-Paper/Paper/paper/submission/paper.tex
LaTeX2e <2024-11-01> patch level 2
L3 programming layer <2025-01-18>

(/nix/store/4l3m65sl104swdhl3hrpnqmachm98qgx-texlive-combined-medium-2024-final
-texmfdist/tex/latex/base/article.cls
Document Class: article 2024/06/29 v1.4n Standard LaTeX document class

(/nix/store/4l3m65sl104swdhl3hrpnqmachm98qgx-texlive-combined-medium-2024-final
-texmfdist/tex/latex/base/size10.clo
File: size10.clo 2024/06/29 v1.4n Standard LaTeX file (size option)
)
\c@part=\count196
\c@section=\count197
\c@subsection=\count198
\c@subsubsection=\count199
\c@paragraph=\count266
\c@subparagraph=\count267
\c@figure=\count268
\c@table=\count269
\abovecaptionskip=\skip49
\belowcaptionskip=\skip50
\bibindent=\dimen141
)
(/nix/store/4l3m65sl104swdhl3hrpnqmachm98qgx-texlive-combined-medium-2024-final
-texmfdist/tex/latex/geometry/geometry.sty
Package: geometry 2020/01/02 v5.9 Page Geometry

(/nix/store/4l3m65sl104swdhl3hrpnqmachm98qgx-texlive-combined-medium-2024-final
-texmfdist/tex/latex/graphics/keyval.sty
Package: keyval 2022/05/29 v1.15 key=value parser (DPC)
\KV@toks@=\toks17
)
(/nix/store/4l3m65sl104swdhl3hrpnqmachm98qgx-texlive-combined-medium-2024-final
-texmfdist/tex/generic/iftex/ifvtex.sty
Package: ifvtex 2019/10/25 v1.7 ifvtex legacy package. Use iftex instead.

(/nix/store/4l3m65sl104swdhl3hrpnqmachm98qgx-texlive-combined-medium-2024-final
-texmfdist/tex/generic/iftex/iftex.sty
Package: iftex 2024/12/12 v1.0g TeX engine tests
))
\Gm@cnth=\count270
\Gm@cntv=\count271
\c@Gm@tempcnt=\count272
\Gm@bindingoffset=\dimen142
\Gm@wd@mp=\dimen143
\Gm@odd@mp=\dimen144
\Gm@even@mp=\dimen145
\Gm@layoutwidth=\dimen146
\Gm@layoutheight=\dimen147
\Gm@layouthoffset=\dimen148
\Gm@layoutvoffset=\dimen149
\Gm@dimlist=\toks18
)
(/nix/store/4l3m65sl104swdhl3hrpnqmachm98qgx-texlive-combined-medium-2024-final
-texmfdist/tex/latex/psnfss/times.sty
Package: times 2020/03/25 PSNFSS-v9.3 (SPQR) 
)
(/nix/store/4l3m65sl104swdhl3hrpnqmachm98qgx-texlive-combined-medium-2024-final
-texmfdist/tex/latex/setspace/setspace.sty
Package: setspace 2022/12/04 v6.7b set line spacing
)
(/nix/store/4l3m65sl104swdhl3hrpnqmachm98qgx-texlive-combined-medium-2024-final
-texmfdist/tex/latex/amsmath/amsmath.sty
Package: amsmath 2024/11/05 v2.17t AMS math features
\@mathmargin=\skip51

For additional information on amsmath, use the `?' option.

(/nix/store/4l3m65sl104swdhl3hrpnqmachm98qgx-texlive-combined-medium-2024-final
-texmfdist/tex/latex/amsmath/amstext.sty
Package: amstext 2021/08/26 v2.01 AMS text

(/nix/store/4l3m65sl104swdhl3hrpnqmachm98qgx-texlive-combined-medium-2024-final
-texmfdist/tex/latex/amsmath/amsgen.sty
File: amsgen.sty 1999/11/30 v2.0 generic functions
\@emptytoks=\toks19
\ex@=\dimen150
))
(/nix/store/4l3m65sl104swdhl3hrpnqmachm98qgx-texlive-combined-medium-2024-final
-texmfdist/tex/latex/amsmath/amsbsy.sty
Package: amsbsy 1999/11/29 v1.2d Bold Symbols
\pmbraise@=\dimen151
)
(/nix/store/4l3m65sl104swdhl3hrpnqmachm98qgx-texlive-combined-medium-2024-final
-texmfdist/tex/latex/amsmath/amsopn.sty
Package: amsopn 2022/04/08 v2.04 operator names
)
\inf@bad=\count273
LaTeX Info: Redefining \frac on input line 233.
\uproot@=\count274
\leftroot@=\count275
LaTeX Info: Redefining \overline on input line 398.
LaTeX Info: Redefining \colon on input line 409.
\classnum@=\count276
\DOTSCASE@=\count277
LaTeX Info: Redefining \ldots on input line 495.
LaTeX Info: Redefining \dots on input line 498.
LaTeX Info: Redefining \cdots on input line 619.
\Mathstrutbox@=\box52
\strutbox@=\box53
LaTeX Info: Redefining \big on input line 721.
LaTeX Info: Redefining \Big on input line 722.
LaTeX Info: Redefining \bigg on input line 723.
LaTeX Info: Redefining \Bigg on input line 724.
\big@size=\dimen152
LaTeX Font Info:    Redeclaring font encoding OML on input line 742.
LaTeX Font Info:    Redeclaring font encoding OMS on input line 743.
\macc@depth=\count278
LaTeX Info: Redefining \bmod on input line 904.
LaTeX Info: Redefining \pmod on input line 909.
LaTeX Info: Redefining \smash on input line 939.
LaTeX Info: Redefining \relbar on input line 969.
LaTeX Info: Redefining \Relbar on input line 970.
\c@MaxMatrixCols=\count279
\dotsspace@=\muskip17
\c@parentequation=\count280
\dspbrk@lvl=\count281
\tag@help=\toks20
\row@=\count282
\column@=\count283
\maxfields@=\count284
\andhelp@=\toks21
\eqnshift@=\dimen153
\alignsep@=\dimen154
\tagshift@=\dimen155
\tagwidth@=\dimen156
\totwidth@=\dimen157
\lineht@=\dimen158
\@envbody=\toks22
\multlinegap=\skip52
\multlinetaggap=\skip53
\mathdisplay@stack=\toks23
LaTeX Info: Redefining \[ on input line 2953.
LaTeX Info: Redefining \] on input line 2954.
)
(/nix/store/4l3m65sl104swdhl3hrpnqmachm98qgx-texlive-combined-medium-2024-final
-texmfdist/tex/latex/amsfonts/amssymb.sty
Package: amssymb 2013/01/14 v3.01 AMS font symbols

(/nix/store/4l3m65sl104swdhl3hrpnqmachm98qgx-texlive-combined-medium-2024-final
-texmfdist/tex/latex/amsfonts/amsfonts.sty
Package: amsfonts 2013/01/14 v3.01 Basic AMSFonts support
\symAMSa=\mathgroup4
\symAMSb=\mathgroup5
LaTeX Font Info:    Redeclaring math symbol \hbar on input line 98.
LaTeX Font Info:    Overwriting math alphabet `\mathfrak' in version `bold'
(Font)                  U/euf/m/n --> U/euf/b/n on input line 106.
))
(/nix/store/4l3m65sl104swdhl3hrpnqmachm98qgx-texlive-combined-medium-2024-final
-texmfdist/tex/latex/tools/array.sty
Package: array 2024/10/17 v2.6g Tabular extension package (FMi)
\col@sep=\dimen159
\ar@mcellbox=\box54
\extrarowheight=\dimen160
\NC@list=\toks24
\extratabsurround=\skip54
\backup@length=\skip55
\ar@cellbox=\box55
)
(/nix/store/4l3m65sl104swdhl3hrpnqmachm98qgx-texlive-combined-medium-2024-final
-texmfdist/tex/latex/booktabs/booktabs.sty
Package: booktabs 2020/01/12 v1.61803398 Publication quality tables
\heavyrulewidth=\dimen161
\lightrulewidth=\dimen162
\cmidrulewidth=\dimen163
\belowrulesep=\dimen164
\belowbottomsep=\dimen165
\aboverulesep=\dimen166
\abovetopsep=\dimen167
\cmidrulesep=\dimen168
\cmidrulekern=\dimen169
\defaultaddspace=\dimen170
\@cmidla=\count285
\@cmidlb=\count286
\@aboverulesep=\dimen171
\@belowrulesep=\dimen172
\@thisruleclass=\count287
\@lastruleclass=\count288
\@thisrulewidth=\dimen173
)
(/nix/store/4l3m65sl104swdhl3hrpnqmachm98qgx-texlive-combined-medium-2024-final
-texmfdist/tex/latex/hyperref/hyperref.sty
Package: hyperref 2024-11-05 v7.01l Hypertext links for LaTeX

(/nix/store/4l3m65sl104swdhl3hrpnqmachm98qgx-texlive-combined-medium-2024-final
-texmfdist/tex/latex/kvsetkeys/kvsetkeys.sty
Package: kvsetkeys 2022-10-05 v1.19 Key value parser (HO)
)
(/nix/store/4l3m65sl104swdhl3hrpnqmachm98qgx-texlive-combined-medium-2024-final
-texmfdist/tex/generic/kvdefinekeys/kvdefinekeys.sty
Package: kvdefinekeys 2019-12-19 v1.6 Define keys (HO)
)
(/nix/store/4l3m65sl104swdhl3hrpnqmachm98qgx-texlive-combined-medium-2024-final
-texmfdist/tex/generic/pdfescape/pdfescape.sty
Package: pdfescape 2019/12/09 v1.15 Implements pdfTeX's escape features (HO)

(/nix/store/4l3m65sl104swdhl3hrpnqmachm98qgx-texlive-combined-medium-2024-final
-texmfdist/tex/generic/ltxcmds/ltxcmds.sty
Package: ltxcmds 2023-12-04 v1.26 LaTeX kernel commands for general use (HO)
)
(/nix/store/4l3m65sl104swdhl3hrpnqmachm98qgx-texlive-combined-medium-2024-final
-texmfdist/tex/generic/pdftexcmds/pdftexcmds.sty
Package: pdftexcmds 2020-06-27 v0.33 Utility functions of pdfTeX for LuaTeX (HO
)

(/nix/store/4l3m65sl104swdhl3hrpnqmachm98qgx-texlive-combined-medium-2024-final
-texmfdist/tex/generic/infwarerr/infwarerr.sty
Package: infwarerr 2019/12/03 v1.5 Providing info/warning/error messages (HO)
)
Package pdftexcmds Info: \pdf@primitive is available.
Package pdftexcmds Info: \pdf@ifprimitive is available.
Package pdftexcmds Info: \pdfdraftmode found.
))
(/nix/store/4l3m65sl104swdhl3hrpnqmachm98qgx-texlive-combined-medium-2024-final
-texmfdist/tex/latex/hycolor/hycolor.sty
Package: hycolor 2020-01-27 v1.10 Color options for hyperref/bookmark (HO)
)
(/nix/store/4l3m65sl104swdhl3hrpnqmachm98qgx-texlive-combined-medium-2024-final
-texmfdist/tex/latex/hyperref/nameref.sty
Package: nameref 2023-11-26 v2.56 Cross-referencing by name of section

(/nix/store/4l3m65sl104swdhl3hrpnqmachm98qgx-texlive-combined-medium-2024-final
-texmfdist/tex/latex/refcount/refcount.sty
Package: refcount 2019/12/15 v3.6 Data extraction from label references (HO)
)
(/nix/store/4l3m65sl104swdhl3hrpnqmachm98qgx-texlive-combined-medium-2024-final
-texmfdist/tex/generic/gettitlestring/gettitlestring.sty
Package: gettitlestring 2019/12/15 v1.6 Cleanup title references (HO)

(/nix/store/4l3m65sl104swdhl3hrpnqmachm98qgx-texlive-combined-medium-2024-final
-texmfdist/tex/latex/kvoptions/kvoptions.sty
Package: kvoptions 2022-06-15 v3.15 Key value format for package options (HO)
))
\c@section@level=\count289
)
(/nix/store/4l3m65sl104swdhl3hrpnqmachm98qgx-texlive-combined-medium-2024-final
-texmfdist/tex/latex/etoolbox/etoolbox.sty
Package: etoolbox 2025/02/11 v2.5l e-TeX tools for LaTeX (JAW)
\etb@tempcnta=\count290
)
(/nix/store/4l3m65sl104swdhl3hrpnqmachm98qgx-texlive-combined-medium-2024-final
-texmfdist/tex/generic/stringenc/stringenc.sty
Package: stringenc 2019/11/29 v1.12 Convert strings between diff. encodings (HO
)
)
\@linkdim=\dimen174
\Hy@linkcounter=\count291
\Hy@pagecounter=\count292

(/nix/store/4l3m65sl104swdhl3hrpnqmachm98qgx-texlive-combined-medium-2024-final
-texmfdist/tex/latex/hyperref/pd1enc.def
File: pd1enc.def 2024-11-05 v7.01l Hyperref: PDFDocEncoding definition (HO)
Now handling font encoding PD1 ...
... no UTF-8 mapping file for font encoding PD1
)
(/nix/store/4l3m65sl104swdhl3hrpnqmachm98qgx-texlive-combined-medium-2024-final
-texmfdist/tex/generic/intcalc/intcalc.sty
Package: intcalc 2019/12/15 v1.3 Expandable calculations with integers (HO)
)
\Hy@SavedSpaceFactor=\count293

(/nix/store/4l3m65sl104swdhl3hrpnqmachm98qgx-texlive-combined-medium-2024-final
-texmfdist/tex/latex/hyperref/puenc.def
File: puenc.def 2024-11-05 v7.01l Hyperref: PDF Unicode definition (HO)
Now handling font encoding PU ...
... no UTF-8 mapping file for font encoding PU
)
Package hyperref Info: Hyper figures OFF on input line 4157.
Package hyperref Info: Link nesting OFF on input line 4162.
Package hyperref Info: Hyper index ON on input line 4165.
Package hyperref Info: Plain pages OFF on input line 4172.
Package hyperref Info: Backreferencing OFF on input line 4177.
Package hyperref Info: Implicit mode ON; LaTeX internals redefined.
Package hyperref Info: Bookmarks ON on input line 4424.
\c@Hy@tempcnt=\count294

(/nix/store/4l3m65sl104swdhl3hrpnqmachm98qgx-texlive-combined-medium-2024-final
-texmfdist/tex/latex/url/url.sty
\Urlmuskip=\muskip18
Package: url 2013/09/16  ver 3.4  Verb mode for urls, etc.
)
LaTeX Info: Redefining \url on input line 4763.
\XeTeXLinkMargin=\dimen175

(/nix/store/4l3m65sl104swdhl3hrpnqmachm98qgx-texlive-combined-medium-2024-final
-texmfdist/tex/generic/bitset/bitset.sty
Package: bitset 2019/12/09 v1.3 Handle bit-vector datatype (HO)

(/nix/store/4l3m65sl104swdhl3hrpnqmachm98qgx-texlive-combined-medium-2024-final
-texmfdist/tex/generic/bigintcalc/bigintcalc.sty
Package: bigintcalc 2019/12/15 v1.5 Expandable calculations on big integers (HO
)
))
\Fld@menulength=\count295
\Field@Width=\dimen176
\Fld@charsize=\dimen177
Package hyperref Info: Hyper figures OFF on input line 6042.
Package hyperref Info: Link nesting OFF on input line 6047.
Package hyperref Info: Hyper index ON on input line 6050.
Package hyperref Info: backreferencing OFF on input line 6057.
Package hyperref Info: Link coloring OFF on input line 6062.
Package hyperref Info: Link coloring with OCG OFF on input line 6067.
Package hyperref Info: PDF/A mode OFF on input line 6072.

(/nix/store/4l3m65sl104swdhl3hrpnqmachm98qgx-texlive-combined-medium-2024-final
-texmfdist/tex/latex/base/atbegshi-ltx.sty
Package: atbegshi-ltx 2021/01/10 v1.0c Emulation of the original atbegshi
package with kernel methods
)
\Hy@abspage=\count296
\c@Item=\count297
\c@Hfootnote=\count298
)
Package hyperref Info: Driver (autodetected): hpdftex.

(/nix/store/4l3m65sl104swdhl3hrpnqmachm98qgx-texlive-combined-medium-2024-final
-texmfdist/tex/latex/hyperref/hpdftex.def
File: hpdftex.def 2024-11-05 v7.01l Hyperref driver for pdfTeX

(/nix/store/4l3m65sl104swdhl3hrpnqmachm98qgx-texlive-combined-medium-2024-final
-texmfdist/tex/latex/base/atveryend-ltx.sty
Package: atveryend-ltx 2020/08/19 v1.0a Emulation of the original atveryend pac
kage
with kernel methods
)
\Fld@listcount=\count299
\c@bookmark@seq@number=\count300

(/nix/store/4l3m65sl104swdhl3hrpnqmachm98qgx-texlive-combined-medium-2024-final
-texmfdist/tex/latex/rerunfilecheck/rerunfilecheck.sty
Package: rerunfilecheck 2022-07-10 v1.10 Rerun checks for auxiliary files (HO)

(/nix/store/4l3m65sl104swdhl3hrpnqmachm98qgx-texlive-combined-medium-2024-final
-texmfdist/tex/generic/uniquecounter/uniquecounter.sty
Package: uniquecounter 2019/12/15 v1.4 Provide unlimited unique counter (HO)
)
Package uniquecounter Info: New unique counter `rerunfilecheck' on input line 2
85.
)
\Hy@SectionHShift=\skip56
)
(/nix/store/4l3m65sl104swdhl3hrpnqmachm98qgx-texlive-combined-medium-2024-final
-texmfdist/tex/latex/microtype/microtype.sty
Package: microtype 2025/02/11 v3.2a Micro-typographical refinements (RS)
\MT@toks=\toks25
\MT@tempbox=\box56
\MT@count=\count301
LaTeX Info: Redefining \noprotrusionifhmode on input line 1087.
LaTeX Info: Redefining \leftprotrusion on input line 1088.
\MT@prot@toks=\toks26
LaTeX Info: Redefining \rightprotrusion on input line 1107.
LaTeX Info: Redefining \textls on input line 1449.
\MT@outer@kern=\dimen178
LaTeX Info: Redefining \microtypecontext on input line 2053.
LaTeX Info: Redefining \textmicrotypecontext on input line 2070.
\MT@listname@count=\count302

(/nix/store/4l3m65sl104swdhl3hrpnqmachm98qgx-texlive-combined-medium-2024-final
-texmfdist/tex/latex/microtype/microtype-pdftex.def
File: microtype-pdftex.def 2025/02/11 v3.2a Definitions specific to pdftex (RS)

LaTeX Info: Redefining \lsstyle on input line 944.
LaTeX Info: Redefining \lslig on input line 944.
\MT@outer@space=\skip57
)
Package microtype Info: Loading configuration file microtype.cfg.

(/nix/store/4l3m65sl104swdhl3hrpnqmachm98qgx-texlive-combined-medium-2024-final
-texmfdist/tex/latex/microtype/microtype.cfg
File: microtype.cfg 2025/02/11 v3.2a microtype main configuration file (RS)
)
LaTeX Info: Redefining \microtypesetup on input line 3065.
)
LaTeX Font Info:    Trying to load font information for OT1+ptm on input line 1
9.

(/nix/store/4l3m65sl104swdhl3hrpnqmachm98qgx-texlive-combined-medium-2024-final
-texmfdist/tex/latex/psnfss/ot1ptm.fd
File: ot1ptm.fd 2001/06/04 font definitions for OT1/ptm.
)
(/nix/store/4l3m65sl104swdhl3hrpnqmachm98qgx-texlive-combined-medium-2024-final
-texmfdist/tex/latex/l3backend/l3backend-pdftex.def
File: l3backend-pdftex.def 2024-05-08 L3 backend support: PDF output (pdfTeX)
\l__color_backend_stack_int=\count303
\l__pdf_internal_box=\box57
) (./paper.aux)
\openout1 = `paper.aux'.

LaTeX Font Info:    Checking defaults for OML/cmm/m/it on input line 19.
LaTeX Font Info:    ... okay on input line 19.
LaTeX Font Info:    Checking defaults for OMS/cmsy/m/n on input line 19.
LaTeX Font Info:    ... okay on input line 19.
LaTeX Font Info:    Checking defaults for OT1/cmr/m/n on input line 19.
LaTeX Font Info:    ... okay on input line 19.
LaTeX Font Info:    Checking defaults for T1/cmr/m/n on input line 19.
LaTeX Font Info:    ... okay on input line 19.
LaTeX Font Info:    Checking defaults for TS1/cmr/m/n on input line 19.
LaTeX Font Info:    ... okay on input line 19.
LaTeX Font Info:    Checking defaults for OMX/cmex/m/n on input line 19.
LaTeX Font Info:    ... okay on input line 19.
LaTeX Font Info:    Checking defaults for U/cmr/m/n on input line 19.
LaTeX Font Info:    ... okay on input line 19.
LaTeX Font Info:    Checking defaults for PD1/pdf/m/n on input line 19.
LaTeX Font Info:    ... okay on input line 19.
LaTeX Font Info:    Checking defaults for PU/pdf/m/n on input line 19.
LaTeX Font Info:    ... okay on input line 19.

*geometry* driver: auto-detecting
*geometry* detected driver: pdftex
*geometry* verbose mode - [ preamble ] result:
* driver: pdftex
* paper: <default>
* layout: <same size as paper>
* layoutoffset:(h,v)=(0.0pt,0.0pt)
* modes: 
* h-part:(L,W,R)=(61.42993pt, 491.43513pt, 61.42993pt)
* v-part:(T,H,B)=(61.42993pt, 672.11012pt, 61.42993pt)
* \paperwidth=614.295pt
* \paperheight=794.96999pt
* \textwidth=491.43513pt
* \textheight=672.11012pt
* \oddsidemargin=-10.84006pt
* \evensidemargin=-10.84006pt
* \topmargin=-47.84006pt
* \headheight=12.0pt
* \headsep=25.0pt
* \topskip=10.0pt
* \footskip=30.0pt
* \marginparwidth=4.0pt
* \marginparsep=10.0pt
* \columnsep=10.0pt
* \skip\footins=9.0pt plus 4.0pt minus 2.0pt
* \hoffset=0.0pt
* \voffset=0.0pt
* \mag=1000
* \@twocolumntrue
* \@twosidefalse
* \@mparswitchfalse
* \@reversemarginfalse
* (1in=72.27pt=25.4mm, 1cm=28.453pt)

Package hyperref Info: Link coloring OFF on input line 19.
(./paper.out) (./paper.out)
\@outlinefile=\write3
\openout3 = `paper.out'.

LaTeX Info: Redefining \microtypecontext on input line 19.
Package microtype Info: Applying patch `item' on input line 19.
Package microtype Info: Applying patch `toc' on input line 19.
Package microtype Info: Applying patch `eqnum' on input line 19.
Package microtype Info: Applying patch `footnote' on input line 19.
Package microtype Info: Applying patch `verbatim' on input line 19.
LaTeX Info: Redefining \microtypesetup on input line 19.
Package microtype Info: Generating PDF output.
Package microtype Info: Character protrusion enabled (level 2).
Package microtype Info: Using default protrusion set `alltext'.
Package microtype Info: Automatic font expansion enabled (level 2),
(microtype)             stretch: 20, shrink: 20, step: 1, non-selected.
Package microtype Info: Using default expansion set `alltext-nott'.
LaTeX Info: Redefining \showhyphens on input line 19.
Package microtype Info: No adjustment of tracking.
Package microtype Info: No adjustment of interword spacing.
Package microtype Info: No adjustment of character kerning.

(/nix/store/4l3m65sl104swdhl3hrpnqmachm98qgx-texlive-combined-medium-2024-final
-texmfdist/tex/latex/microtype/mt-ptm.cfg
File: mt-ptm.cfg 2006/04/20 v1.7 microtype config. file: Times (RS)
)
(/nix/store/4l3m65sl104swdhl3hrpnqmachm98qgx-texlive-combined-medium-2024-final
-texmfdist/tex/latex/microtype/mt-cmr.cfg
File: mt-cmr.cfg 2013/05/19 v2.2 microtype config. file: Computer Modern Roman 
(RS)
)
LaTeX Font Info:    Trying to load font information for U+msa on input line 21.


(/nix/store/4l3m65sl104swdhl3hrpnqmachm98qgx-texlive-combined-medium-2024-final
-texmfdist/tex/latex/amsfonts/umsa.fd
File: umsa.fd 2013/01/14 v3.01 AMS symbols A
)
(/nix/store/4l3m65sl104swdhl3hrpnqmachm98qgx-texlive-combined-medium-2024-final
-texmfdist/tex/latex/microtype/mt-msa.cfg
File: mt-msa.cfg 2006/02/04 v1.1 microtype config. file: AMS symbols (a) (RS)
)
LaTeX Font Info:    Trying to load font information for U+msb on input line 21.


(/nix/store/4l3m65sl104swdhl3hrpnqmachm98qgx-texlive-combined-medium-2024-final
-texmfdist/tex/latex/amsfonts/umsb.fd
File: umsb.fd 2013/01/14 v3.01 AMS symbols B
)
(/nix/store/4l3m65sl104swdhl3hrpnqmachm98qgx-texlive-combined-medium-2024-final
-texmfdist/tex/latex/microtype/mt-msb.cfg
File: mt-msb.cfg 2005/06/01 v1.0 microtype config. file: AMS symbols (b) (RS)
)
Underfull \vbox (badness 10000) has occurred while \output is active []



LaTeX Font Info:    Trying to load font information for TS1+ptm on input line 4
1.

(/nix/store/4l3m65sl104swdhl3hrpnqmachm98qgx-texlive-combined-medium-2024-final
-texmfdist/tex/latex/psnfss/ts1ptm.fd
File: ts1ptm.fd 2001/06/04 font definitions for TS1/ptm.
)

[1{/nix/store/25d08fhkn9pzi5cjpd12r00irabg760m-texlive-combined-medium-2024-fin
al/share/texmf-var/fonts/map/pdftex/updmap/pdftex.map}{/nix/store/4l3m65sl104sw
dhl3hrpnqmachm98qgx-texlive-combined-medium-2024-final-texmfdist/fonts/enc/dvip
s/base/8r.enc}


]
Underfull \hbox (badness 1259) in paragraph at lines 45--46
\OT1/ptm/m/n/10 (+20) by Unix pipelines[[]], pure func-tional programming[[]],
 []




Underfull \vbox (badness 10000) has occurred while \output is active []



[2]
Underfull \vbox (badness 1102) has occurred while \output is active []





[3]
Underfull \hbox (badness 1681) in paragraph at lines 85--86
[]\OT1/ptm/m/n/10 (+20) The com-piler se-lects among these pat-terns dur-ing it
s
 []





[4]
Underfull \vbox (badness 10000) has occurred while \output is active []





[5]
Underfull \vbox (badness 10000) has occurred while \output is active []





[6]
Underfull \hbox (badness 10000) in paragraph at lines 155--156
\OT1/ptm/m/n/10 (+20) `PNM[]MAX[]NODES[]TOTAL=32`,
 []


Underfull \hbox (badness 10000) in paragraph at lines 155--156
\OT1/ptm/m/n/10 (+20) `PNM[]MAX[]EXPERTS=16`, and
 []


Underfull \hbox (badness 10000) in paragraph at lines 155--156
\OT1/ptm/m/n/10 (+20) `PNM[]KV[]CACHE[]DEPTH=64`), and the full
 []


Underfull \hbox (badness 10000) in paragraph at lines 155--156
\OT1/ptm/m/n/10 (+20) SoC de-faults oth-er-wise (`PNM[]MAX[]LAYERS=8`,
 []


Underfull \hbox (badness 10000) in paragraph at lines 155--156
\OT1/ptm/m/n/10 (+20) `PNM[]MAX[]NODES[]TOTAL=512`,
 []


Underfull \hbox (badness 10000) in paragraph at lines 155--156
\OT1/ptm/m/n/10 (+20) `PNM[]MAX[]EXPERTS=256`, and
 []


Underfull \hbox (badness 10000) in paragraph at lines 155--156
\OT1/ptm/m/n/10 (+20) `PNM[]KV[]CACHE[]DEPTH=4096`); it im-ple-ments
 []


Underfull \vbox (badness 10000) has occurred while \output is active []




Underfull \hbox (badness 10000) in paragraph at lines 169--170
[]\OT1/ptm/m/n/10 (+20) For ex-am-ple, `model.layers.0.self attn.q
 []


Underfull \hbox (badness 10000) in paragraph at lines 169--170
\OT1/ptm/m/n/10 (+20) proj.weight` maps to $\OT1/cmr/m/n/10 [[]\OML/cmm/m/it/10
 ; []\OT1/cmr/m/n/10 ]$\OT1/ptm/m/n/10 (+20) ;
 []


Underfull \hbox (badness 10000) in paragraph at lines 169--170
\OT1/ptm/m/n/10 (+20) `model.layers.0.experts.3.gate[]up[]proj` maps
 []


Underfull \hbox (badness 10000) in paragraph at lines 169--170
\OT1/ptm/m/n/10 (+20) to $\OT1/cmr/m/n/10 [2 \OMS/cmsy/m/n/10 ^^B []\OML/cmm/m/
it/10 ; []\OT1/cmr/m/n/10 ]$\OT1/ptm/m/n/10 (+20) ;
 []


Underfull \hbox (badness 10000) in paragraph at lines 169--170
\OT1/ptm/m/n/10 (+20) `model.layers.0.experts.3.down[]proj` maps
 []


Underfull \hbox (badness 10000) in paragraph at lines 169--170
\OT1/ptm/m/n/10 (+20) to $\OT1/cmr/m/n/10 [[]\OML/cmm/m/it/10 ; []\OT1/cmr/m/n/
10 ]$\OT1/ptm/m/n/10 (+20) ;
 []


Underfull \hbox (badness 10000) in paragraph at lines 169--170
\OT1/ptm/m/n/10 (+20) `model.embed[]tokens.weight` maps
 []


Underfull \hbox (badness 10000) in paragraph at lines 169--170
\OT1/ptm/m/n/10 (+20) to $\OT1/cmr/m/n/10 [[]\OML/cmm/m/it/10 ; []\OT1/cmr/m/n/
10 ]$\OT1/ptm/m/n/10 (+20) ; and
 []


Underfull \hbox (badness 10000) in paragraph at lines 169--170
\OT1/ptm/m/n/10 (+20) `model.layers.0.router.proj.weight` maps to
 []



[7]
Underfull \hbox (badness 2547) in paragraph at lines 173--174
\OMS/cmsy/m/n/10 d[]\OML/cmm/m/it/10 =[]\OMS/cmsy/m/n/10 e$\OT1/ptm/m/n/10 (+20
) . For a 30-layer
 []


Underfull \vbox (badness 10000) has occurred while \output is active []




Underfull \vbox (badness 10000) has occurred while \output is active []



[8]
Underfull \hbox (badness 3386) in paragraph at lines 191--192
\OT1/ptm/m/n/10 (+20) pert[]gate[]up,'' the com-piler records a map-ping from
 []


Underfull \vbox (badness 10000) has occurred while \output is active []




Underfull \vbox (badness 10000) has occurred while \output is active []



[9]



[10]


Underfull \vbox (badness 10000) has occurred while \output is active []



[11]
Underfull \vbox (badness 10000) has occurred while \output is active []





[12]
Underfull \hbox (badness 8151) in paragraph at lines 291--291
[][]\OT1/ptm/b/n/12 (+20) 2.15 Ver-i-fi-ca-tion method-ol-ogy: machine-
 []




Underfull \vbox (badness 10000) has occurred while \output is active []



[13]


Underfull \vbox (badness 10000) has occurred while \output is active []



[14]
Underfull \hbox (badness 2334) in paragraph at lines 333--334
[]\OT1/ptm/m/n/10 (+20) The cur-rent RTL im-ple-ments the RV32IMA base-line
 []


Underfull \hbox (badness 3503) in paragraph at lines 333--334
\OT1/ptm/m/n/10 (+20) as a proof of con-cept; pro-duc-tion sil-i-con up-grades
 []


Underfull \hbox (badness 2790) in paragraph at lines 333--334
\OT1/ptm/m/n/10 (+20) to RV32IMAFC (adding com-pressed in-struc-tions and
 []




Underfull \hbox (badness 10000) in paragraph at lines 337--338
[]\OT1/ptm/m/n/10 (+20) Concretely: the host com-piles R/Haskell/HLSL
 []


Underfull \hbox (badness 10000) in paragraph at lines 337--338
\OT1/ptm/m/n/10 (+20) source to typed IR (the ex-ist-ing Com-
 []


Underfull \hbox (badness 10000) in paragraph at lines 337--338
\OT1/ptm/m/n/10 (+20) pileR/CompileHaskell/CompileHLSL pipeline), ships
 []


Underfull \hbox (badness 1789) in paragraph at lines 341--342
[]\OT1/ptm/m/n/10 (+20) The mem-ory map par-ti-tions the 32-bit ad-dress space
 []


Underfull \hbox (badness 6625) in paragraph at lines 343--344
\OT1/ptm/m/n/10 (+20) test-bench (tb[]bmc[]orchestrator.v, tb[]orchestrator[]mc
u.v,
 []


Underfull \vbox (badness 10000) has occurred while \output is active []



[15]
Underfull \hbox (badness 3701) in paragraph at lines 349--350
[]\OT1/ptm/m/n/10 (+20) The de-sign is ver-i-fied by a self-checking test-bench

 []


Underfull \vbox (badness 10000) has occurred while \output is active []





[16]



[17]


Overfull \hbox (129.71992pt too wide) detected at line 402
\OML/cmm/m/it/10 B[] \OT1/cmr/m/n/10 = [] \OMS/cmsy/m/n/10 ^^Y \OT1/cmr/m/n/10 
1\OML/cmm/m/it/10 :\OT1/cmr/m/n/10 5 []\OML/cmm/m/it/10 ;  B[] \OMS/cmsy/m/n/10
 ^^Y \OT1/cmr/m/n/10 3\OML/cmm/m/it/10 :\OT1/cmr/m/n/10 0\OML/cmm/m/it/10 ;  B[
] \OMS/cmsy/m/n/10 ^^Y \OT1/cmr/m/n/10 6\OML/cmm/m/it/10 :\OT1/cmr/m/n/10 0\OML
/cmm/m/it/10 :
 []



[18]
Overfull \hbox (1.5824pt too wide) in paragraph at lines 429--430
\OT1/ptm/m/n/10 (-20) sin-gle byte is dropped. stress re-fuses all 36 corrupt-C
RC flits---
 []




Underfull \vbox (badness 10000) has occurred while \output is active []



[19]


Underfull \vbox (badness 10000) has occurred while \output is active []



[20]
Underfull \vbox (badness 10000) has occurred while \output is active []




Underfull \vbox (badness 10000) has occurred while \output is active []



[21]
Underfull \vbox (badness 3838) has occurred while \output is active []





[22]


Underfull \vbox (badness 10000) has occurred while \output is active []



[23]
Underfull \vbox (badness 10000) has occurred while \output is active []




Overfull \hbox (1.63248pt too wide) in paragraph at lines 526--527
\OT1/ptm/m/n/10 (-20) a sub-second dis-patch out-age. There is no live router f
ailover---
 []



[24]
Underfull \vbox (badness 10000) has occurred while \output is active []





[25]


Underfull \hbox (badness 3713) in paragraph at lines 550--551
[]\OT1/ptm/m/n/10 (+20) The full repos-i-tory, in-clud-ing Ver-ilog HDL sources
,
 []


Underfull \hbox (badness 6559) in paragraph at lines 550--551
\OT1/ptm/m/n/10 (+20) build scripts, and this manuscript, is avail-able at
 []



[26]
Underfull \hbox (badness 1199) in paragraph at lines 574--575
[]\OT1/ptm/m/n/10 (+20) JEDEC Solid State Tech-nol-ogy As-so-ci-a-tion. Low
 []




Underfull \hbox (badness 4726) in paragraph at lines 586--587
\OT1/ptm/m/n/10 (+20) ture doc-u-men-ta-tion: NOMMU (no-MMU) sup-
 []



[27] (./paper.aux)
 ***********
LaTeX2e <2024-11-01> patch level 2
L3 programming layer <2025-01-18>
 ***********
Package rerunfilecheck Info: File `paper.out' has not changed.
(rerunfilecheck)             Checksum: D41D8CD98F00B204E9800998ECF8427E;0.
 ) 
Here is how much of TeX's memory you used:
 12011 strings out of 474315
 192304 string characters out of 5718334
 630954 words of memory out of 5000000
 34625 multiletter control sequences out of 15000+600000
 587232 words of font info for 223 fonts, out of 8000000 for 9000
 430 hyphenation exceptions out of 8191
 75i,8n,79p,2950b,572s stack positions out of 10000i,1000n,20000p,200000b,200000s
</nix/store/4l3m65sl104swdhl3hrpnqmachm98qgx-texlive-combined-medium-2024-fin
al-texmfdist/fonts/type1/public/amsfonts/cm/cmmi10.pfb></nix/store/4l3m65sl104s
wdhl3hrpnqmachm98qgx-texlive-combined-medium-2024-final-texmfdist/fonts/type1/p
ublic/amsfonts/cm/cmmi7.pfb></nix/store/4l3m65sl104swdhl3hrpnqmachm98qgx-texliv
e-combined-medium-2024-final-texmfdist/fonts/type1/public/amsfonts/cm/cmr10.pfb
></nix/store/4l3m65sl104swdhl3hrpnqmachm98qgx-texlive-combined-medium-2024-fina
l-texmfdist/fonts/type1/public/amsfonts/cm/cmr7.pfb></nix/store/4l3m65sl104swdh
l3hrpnqmachm98qgx-texlive-combined-medium-2024-final-texmfdist/fonts/type1/publ
ic/amsfonts/cm/cmsy10.pfb></nix/store/4l3m65sl104swdhl3hrpnqmachm98qgx-texlive-
combined-medium-2024-final-texmfdist/fonts/type1/public/amsfonts/cm/cmsy7.pfb><
/nix/store/4l3m65sl104swdhl3hrpnqmachm98qgx-texlive-combined-medium-2024-final-
texmfdist/fonts/type1/urw/times/utmb8a.pfb></nix/store/4l3m65sl104swdhl3hrpnqma
chm98qgx-texlive-combined-medium-2024-final-texmfdist/fonts/type1/urw/times/utm
r8a.pfb></nix/store/4l3m65sl104swdhl3hrpnqmachm98qgx-texlive-combined-medium-20
24-final-texmfdist/fonts/type1/urw/times/utmri8a.pfb>
Output written on paper.pdf (27 pages, 305295 bytes).
PDF statistics:
 603 PDF objects out of 1000 (max. 8388607)
 550 compressed objects within 6 object streams
 104 named destinations out of 1000 (max. 500000)
 39937 words of extra memory for PDF output out of 42996 (max. 10000000)

