#! /nix/store/izfaj4rkgk6i24w2ppnk6khir81i1db2-iverilog-13.0/bin/vvp
:ivl_version "13.0 (stable)" "(v13_0)";
:ivl_delay_selection "TYPICAL";
:vpi_time_precision - 12;
:vpi_module "/nix/store/izfaj4rkgk6i24w2ppnk6khir81i1db2-iverilog-13.0/lib/ivl/system.vpi";
:vpi_module "/nix/store/izfaj4rkgk6i24w2ppnk6khir81i1db2-iverilog-13.0/lib/ivl/vhdl_sys.vpi";
:vpi_module "/nix/store/izfaj4rkgk6i24w2ppnk6khir81i1db2-iverilog-13.0/lib/ivl/vhdl_textio.vpi";
:vpi_module "/nix/store/izfaj4rkgk6i24w2ppnk6khir81i1db2-iverilog-13.0/lib/ivl/v2005_math.vpi";
:vpi_module "/nix/store/izfaj4rkgk6i24w2ppnk6khir81i1db2-iverilog-13.0/lib/ivl/va_math.vpi";
S_0x5af9e1d5de90 .scope module, "tb_fabric" "tb_fabric" 2 40;
 .timescale -9 -12;
v0x5af9e1d9c740_0 .var "b_data", 7 0;
v0x5af9e1d9c870_0 .var "b_eop", 0 0;
v0x5af9e1d9c980_0 .net "b_ready", 0 0, L_0x5af9e1da3fc0;  1 drivers
v0x5af9e1d9ca70_0 .var "b_sop", 0 0;
v0x5af9e1d9cb60_0 .var "b_valid", 0 0;
v0x5af9e1d9cca0_0 .var "clk", 0 0;
v0x5af9e1d9cd40_0 .net "ej_y_data", 7 0, L_0x5af9e1da4980;  1 drivers
v0x5af9e1d9ce30_0 .net "ej_y_eop", 0 0, L_0x5af9e1da4e60;  1 drivers
L_0x743029cbf570 .functor BUFT 1, C4<1>, C4<0>, C4<0>, C4<0>;
v0x5af9e1d9cf20_0 .net "ej_y_ready", 0 0, L_0x743029cbf570;  1 drivers
v0x5af9e1d9cfc0_0 .net "ej_y_sop", 0 0, L_0x5af9e1da4c70;  1 drivers
v0x5af9e1d9d0b0_0 .net "ej_y_valid", 0 0, L_0x5af9e1da4c00;  1 drivers
v0x5af9e1d9d1a0_0 .var/i "errors", 31 0;
v0x5af9e1d9d260_0 .net "h1_data", 7 0, v0x5af9e1d86030_0;  1 drivers
v0x5af9e1d9d320_0 .net "h1_eop", 0 0, v0x5af9e1d86110_0;  1 drivers
v0x5af9e1d9d3c0_0 .net "h1_ready", 0 0, L_0x5af9e1da3230;  1 drivers
v0x5af9e1d9d460_0 .net "h1_sop", 0 0, v0x5af9e1d86290_0;  1 drivers
v0x5af9e1d9d500_0 .net "h1_valid", 0 0, v0x5af9e1d86350_0;  1 drivers
v0x5af9e1d9d6b0_0 .net "hb_data", 7 0, v0x5af9e1d86f80_0;  1 drivers
v0x5af9e1d9d770_0 .net "hb_eop", 0 0, v0x5af9e1d87060_0;  1 drivers
v0x5af9e1d9d810_0 .net "hb_ready", 0 0, L_0x5af9e1da6180;  1 drivers
v0x5af9e1d9d8b0_0 .net "hb_sop", 0 0, v0x5af9e1d871e0_0;  1 drivers
v0x5af9e1d9d950_0 .net "hb_valid", 0 0, v0x5af9e1d872a0_0;  1 drivers
v0x5af9e1d9d9f0_0 .net "i1p_data", 7 0, L_0x5af9e1da14d0;  1 drivers
v0x5af9e1d9dab0_0 .net "i1p_eop", 0 0, L_0x5af9e1da1a60;  1 drivers
v0x5af9e1d9db50_0 .net "i1p_ready", 0 0, L_0x5af9e1da1f80;  1 drivers
v0x5af9e1d9dbf0_0 .net "i1p_sop", 0 0, L_0x5af9e1da18f0;  1 drivers
v0x5af9e1d9dc90_0 .net "i1p_valid", 0 0, L_0x5af9e1da1760;  1 drivers
v0x5af9e1d9dd30_0 .net "i2p_data", 7 0, L_0x5af9e1da2b60;  1 drivers
v0x5af9e1d9ddf0_0 .net "i2p_eop", 0 0, L_0x5af9e1da3000;  1 drivers
v0x5af9e1d9de90_0 .net "i2p_ready", 0 0, v0x5af9e1d93640_0;  1 drivers
v0x5af9e1d9df30_0 .net "i2p_sop", 0 0, L_0x5af9e1da2e90;  1 drivers
v0x5af9e1d9dfd0_0 .net "i2p_valid", 0 0, L_0x5af9e1da2d90;  1 drivers
v0x5af9e1d9e070_0 .net "n1_count", 15 0, v0x5af9e1d90740_0;  1 drivers
v0x5af9e1d9e340_0 .net "n1_data", 7 0, L_0x5af9e1d6ff00;  1 drivers
v0x5af9e1d9e3e0_0 .net "n1_eop", 0 0, L_0x5af9e1da13d0;  1 drivers
v0x5af9e1d9e480_0 .net "n1_first", 7 0, v0x5af9e1d90820_0;  1 drivers
v0x5af9e1d9e540_0 .net "n1_ready", 0 0, v0x5af9e1d90b60_0;  1 drivers
v0x5af9e1d9e5e0_0 .net "n1_second", 7 0, v0x5af9e1d90fe0_0;  1 drivers
v0x5af9e1d9e680_0 .net "n1_sop", 0 0, L_0x5af9e1da1280;  1 drivers
v0x5af9e1d9e720_0 .net "n1_valid", 0 0, L_0x5af9e1da1180;  1 drivers
v0x5af9e1d9e7c0_0 .net "n2_count", 15 0, v0x5af9e1d91640_0;  1 drivers
v0x5af9e1d9e860_0 .net "n2_data", 7 0, L_0x5af9e1da2530;  1 drivers
v0x5af9e1d9e900_0 .net "n2_eop", 0 0, L_0x5af9e1da29d0;  1 drivers
v0x5af9e1d9e9a0_0 .net "n2_first", 7 0, v0x5af9e1d91720_0;  1 drivers
v0x5af9e1d9ea60_0 .net "n2_ready", 0 0, v0x5af9e1d91a30_0;  1 drivers
v0x5af9e1d9eb00_0 .net "n2_second", 7 0, v0x5af9e1d91da0_0;  1 drivers
v0x5af9e1d9eba0_0 .net "n2_sop", 0 0, L_0x5af9e1da2880;  1 drivers
v0x5af9e1d9ec40_0 .net "n2_valid", 0 0, L_0x5af9e1da2780;  1 drivers
v0x5af9e1d9ece0_0 .net "nd_data", 7 0, L_0x5af9e1da44b0;  1 drivers
v0x5af9e1d9ed80_0 .net "nd_eop", 0 0, L_0x5af9e1da4880;  1 drivers
v0x5af9e1d9ee20_0 .net "nd_ready", 0 0, v0x5af9e1d927f0_0;  1 drivers
v0x5af9e1d9eec0_0 .net "nd_sop", 0 0, L_0x5af9e1da4730;  1 drivers
v0x5af9e1d9ef60_0 .net "nd_valid", 0 0, L_0x5af9e1da4630;  1 drivers
v0x5af9e1d9f000_0 .net "node_count", 15 0, v0x5af9e1d92400_0;  1 drivers
v0x5af9e1d9f0c0_0 .net "node_first", 7 0, v0x5af9e1d924e0_0;  1 drivers
v0x5af9e1d9f160_0 .net "node_second", 7 0, v0x5af9e1d92b60_0;  1 drivers
v0x5af9e1d9f200_0 .net "pass_count", 15 0, v0x5af9e1d93250_0;  1 drivers
v0x5af9e1d9f2a0_0 .net "pass_first", 7 0, v0x5af9e1d93330_0;  1 drivers
v0x5af9e1d9f340_0 .net "pass_second", 7 0, v0x5af9e1d939b0_0;  1 drivers
v0x5af9e1d9f3e0_0 .var "rst_n", 0 0;
v0x5af9e1d9f480_0 .var "s_data", 7 0;
v0x5af9e1d9f570_0 .var "s_eop", 0 0;
v0x5af9e1d9f660_0 .net "s_ready", 0 0, L_0x5af9e1da1d20;  1 drivers
v0x5af9e1d9f750_0 .var "s_sop", 0 0;
v0x5af9e1d9f840_0 .var "s_valid", 0 0;
v0x5af9e1d9f930_0 .net "t2x_data", 7 0, L_0x5af9e1da39b0;  1 drivers
v0x5af9e1d9f9f0_0 .net "t2x_eop", 0 0, L_0x5af9e1da3e30;  1 drivers
v0x5af9e1d9fa90_0 .net "t2x_ready", 0 0, L_0x5af9e1da51d0;  1 drivers
v0x5af9e1d9fb30_0 .net "t2x_sop", 0 0, L_0x5af9e1da3d30;  1 drivers
v0x5af9e1d9fbd0_0 .net "t2x_valid", 0 0, L_0x5af9e1da3ba0;  1 drivers
v0x5af9e1d9fc70_0 .net "t2y_data", 7 0, L_0x5af9e1da3580;  1 drivers
v0x5af9e1d9fd30_0 .net "t2y_eop", 0 0, L_0x5af9e1da3940;  1 drivers
v0x5af9e1d9fe60_0 .net "t2y_ready", 0 0, L_0x5af9e1da4f70;  1 drivers
v0x5af9e1d9ff90_0 .net "t2y_sop", 0 0, L_0x5af9e1da3800;  1 drivers
v0x5af9e1da00c0_0 .net "t2y_valid", 0 0, L_0x5af9e1da3790;  1 drivers
v0x5af9e1da01f0_0 .net "t5x_data", 7 0, L_0x5af9e1da5c90;  1 drivers
v0x5af9e1da02b0_0 .net "t5x_eop", 0 0, L_0x5af9e1da6080;  1 drivers
v0x5af9e1da0350_0 .net "t5x_ready", 0 0, v0x5af9e1d94430_0;  1 drivers
v0x5af9e1da03f0_0 .net "t5x_sop", 0 0, L_0x5af9e1da5f80;  1 drivers
v0x5af9e1da0490_0 .net "t5x_valid", 0 0, L_0x5af9e1da5e80;  1 drivers
v0x5af9e1da0530_0 .net "t5y_data", 7 0, L_0x5af9e1da5610;  1 drivers
v0x5af9e1da05f0_0 .net "t5y_eop", 0 0, L_0x5af9e1da5b00;  1 drivers
v0x5af9e1da0690_0 .net "t5y_ready", 0 0, v0x5af9e1d95270_0;  1 drivers
v0x5af9e1da0730_0 .net "t5y_sop", 0 0, L_0x5af9e1da59c0;  1 drivers
v0x5af9e1da07d0_0 .net "t5y_valid", 0 0, L_0x5af9e1da5870;  1 drivers
v0x5af9e1da0870_0 .net "x_count", 15 0, v0x5af9e1d940a0_0;  1 drivers
v0x5af9e1da0930_0 .net "x_first", 7 0, v0x5af9e1d94180_0;  1 drivers
v0x5af9e1da09d0_0 .net "x_second", 7 0, v0x5af9e1d94710_0;  1 drivers
v0x5af9e1da0a70_0 .net "y5_count", 15 0, v0x5af9e1d94ee0_0;  1 drivers
v0x5af9e1da0b10_0 .net "y5_first", 7 0, v0x5af9e1d94fc0_0;  1 drivers
v0x5af9e1da0bb0_0 .net "y5_second", 7 0, v0x5af9e1d95550_0;  1 drivers
S_0x5af9e1d39e60 .scope task, "check_eq" "check_eq" 2 276, 2 276 0, S_0x5af9e1d5de90;
 .timescale -9 -12;
v0x5af9e1d415b0_0 .var/i "exp", 31 0;
v0x5af9e1d41680_0 .var/i "got", 31 0;
v0x5af9e1d59c40_0 .var "name", 255 0;
TD_tb_fabric.check_eq ;
    %load/vec4 v0x5af9e1d41680_0;
    %load/vec4 v0x5af9e1d415b0_0;
    %cmp/ne;
    %jmp/0xz  T_0.0, 6;
    %vpi_call 2 282 "$display", "FAIL: %0s got %0d expected %0d", v0x5af9e1d59c40_0, v0x5af9e1d41680_0, v0x5af9e1d415b0_0 {0 0 0};
    %load/vec4 v0x5af9e1d9d1a0_0;
    %addi 1, 0, 32;
    %store/vec4 v0x5af9e1d9d1a0_0, 0, 32;
    %jmp T_0.1;
T_0.0 ;
    %vpi_call 2 285 "$display", "PASS: %0s = %0d", v0x5af9e1d59c40_0, v0x5af9e1d41680_0 {0 0 0};
T_0.1 ;
    %end;
S_0x5af9e1d42d20 .scope task, "check_hex" "check_hex" 2 290, 2 290 0, S_0x5af9e1d5de90;
 .timescale -9 -12;
v0x5af9e1d59d40_0 .var "exp", 7 0;
v0x5af9e1d61760_0 .var "got", 7 0;
v0x5af9e1d51830_0 .var "name", 255 0;
TD_tb_fabric.check_hex ;
    %load/vec4 v0x5af9e1d61760_0;
    %load/vec4 v0x5af9e1d59d40_0;
    %cmp/ne;
    %jmp/0xz  T_1.2, 6;
    %vpi_call 2 296 "$display", "FAIL: %0s got 0x%02h expected 0x%02h", v0x5af9e1d51830_0, v0x5af9e1d61760_0, v0x5af9e1d59d40_0 {0 0 0};
    %load/vec4 v0x5af9e1d9d1a0_0;
    %addi 1, 0, 32;
    %store/vec4 v0x5af9e1d9d1a0_0, 0, 32;
    %jmp T_1.3;
T_1.2 ;
    %vpi_call 2 299 "$display", "PASS: %0s = 0x%02h", v0x5af9e1d51830_0, v0x5af9e1d61760_0 {0 0 0};
T_1.3 ;
    %end;
S_0x5af9e1d4ded0 .scope module, "eject25" "node_eject" 2 143, 3 13 0, S_0x5af9e1d5de90;
 .timescale 0 0;
    .port_info 0 /INPUT 1 "clk";
    .port_info 1 /INPUT 1 "rst_n";
    .port_info 2 /INPUT 8 "yin_data";
    .port_info 3 /INPUT 1 "yin_valid";
    .port_info 4 /INPUT 1 "yin_sop";
    .port_info 5 /INPUT 1 "yin_eop";
    .port_info 6 /OUTPUT 1 "yin_ready";
    .port_info 7 /OUTPUT 8 "yout_data";
    .port_info 8 /OUTPUT 1 "yout_valid";
    .port_info 9 /OUTPUT 1 "yout_sop";
    .port_info 10 /OUTPUT 1 "yout_eop";
    .port_info 11 /INPUT 1 "yout_ready";
    .port_info 12 /OUTPUT 8 "node_data";
    .port_info 13 /OUTPUT 1 "node_valid";
    .port_info 14 /OUTPUT 1 "node_sop";
    .port_info 15 /OUTPUT 1 "node_eop";
    .port_info 16 /INPUT 1 "node_ready";
P_0x5af9e1d823a0 .param/l "LOCAL_MODULE" 0 3 14, C4<00100101>;
v0x5af9e1d84990_0 .net "clk", 0 0, v0x5af9e1d9cca0_0;  1 drivers
v0x5af9e1d84a50_0 .net "node_data", 7 0, L_0x5af9e1da44b0;  alias, 1 drivers
v0x5af9e1d84af0_0 .net "node_eop", 0 0, L_0x5af9e1da4880;  alias, 1 drivers
v0x5af9e1d84bc0_0 .net "node_ready", 0 0, v0x5af9e1d927f0_0;  alias, 1 drivers
v0x5af9e1d84c90_0 .net "node_sop", 0 0, L_0x5af9e1da4730;  alias, 1 drivers
v0x5af9e1d84d30_0 .net "node_valid", 0 0, L_0x5af9e1da4630;  alias, 1 drivers
v0x5af9e1d84e00_0 .net "rst_n", 0 0, v0x5af9e1d9f3e0_0;  1 drivers
v0x5af9e1d84ed0_0 .net "yin_data", 7 0, L_0x5af9e1da3580;  alias, 1 drivers
v0x5af9e1d84fa0_0 .net "yin_eop", 0 0, L_0x5af9e1da3940;  alias, 1 drivers
v0x5af9e1d85070_0 .net "yin_ready", 0 0, L_0x5af9e1da4f70;  alias, 1 drivers
v0x5af9e1d85140_0 .net "yin_sop", 0 0, L_0x5af9e1da3800;  alias, 1 drivers
v0x5af9e1d85210_0 .net "yin_valid", 0 0, L_0x5af9e1da3790;  alias, 1 drivers
v0x5af9e1d852e0_0 .net "yout_data", 7 0, L_0x5af9e1da4980;  alias, 1 drivers
v0x5af9e1d853b0_0 .net "yout_eop", 0 0, L_0x5af9e1da4e60;  alias, 1 drivers
v0x5af9e1d85480_0 .net "yout_ready", 0 0, L_0x743029cbf570;  alias, 1 drivers
v0x5af9e1d85550_0 .net "yout_sop", 0 0, L_0x5af9e1da4c70;  alias, 1 drivers
v0x5af9e1d85620_0 .net "yout_valid", 0 0, L_0x5af9e1da4c00;  alias, 1 drivers
S_0x5af9e1d82670 .scope module, "gate" "flit_gate" 3 45, 4 17 0, S_0x5af9e1d4ded0;
 .timescale 0 0;
    .port_info 0 /INPUT 1 "clk";
    .port_info 1 /INPUT 1 "rst_n";
    .port_info 2 /INPUT 8 "in_data";
    .port_info 3 /INPUT 1 "in_valid";
    .port_info 4 /INPUT 1 "in_sop";
    .port_info 5 /INPUT 1 "in_eop";
    .port_info 6 /OUTPUT 1 "in_ready";
    .port_info 7 /OUTPUT 8 "match_data";
    .port_info 8 /OUTPUT 1 "match_valid";
    .port_info 9 /OUTPUT 1 "match_sop";
    .port_info 10 /OUTPUT 1 "match_eop";
    .port_info 11 /INPUT 1 "match_ready";
    .port_info 12 /OUTPUT 8 "pass_data";
    .port_info 13 /OUTPUT 1 "pass_valid";
    .port_info 14 /OUTPUT 1 "pass_sop";
    .port_info 15 /OUTPUT 1 "pass_eop";
    .port_info 16 /INPUT 1 "pass_ready";
P_0x5af9e1d82870 .param/l "MATCH_MASK" 0 4 19, C4<11111111>;
P_0x5af9e1d828b0 .param/l "MATCH_VALUE" 0 4 18, C4<00100101>;
P_0x5af9e1d828f0 .param/l "STRIP_ON_MATCH" 0 4 20, +C4<00000000000000000000000000000001>;
L_0x743029cbf408 .functor BUFT 1, C4<00100101>, C4<0>, C4<0>, C4<0>;
L_0x5af9e1da4180 .functor XOR 8, L_0x5af9e1da3580, L_0x743029cbf408, C4<00000000>, C4<00000000>;
L_0x743029cbf450 .functor BUFT 1, C4<11111111>, C4<0>, C4<0>, C4<0>;
L_0x5af9e1da41f0 .functor AND 8, L_0x5af9e1da4180, L_0x743029cbf450, C4<11111111>, C4<11111111>;
L_0x743029cbf4e0 .functor BUFT 1, C4<1>, C4<0>, C4<0>, C4<0>;
L_0x5af9e1da43a0 .functor AND 1, L_0x743029cbf4e0, L_0x5af9e1da3800, C4<1>, C4<1>;
L_0x5af9e1da4410 .functor AND 1, L_0x5af9e1da43a0, L_0x5af9e1da4300, C4<1>, C4<1>;
L_0x5af9e1da44b0 .functor BUFZ 8, L_0x5af9e1da3580, C4<00000000>, C4<00000000>, C4<00000000>;
L_0x5af9e1da4520 .functor AND 1, L_0x5af9e1da3790, L_0x5af9e1da4300, C4<1>, C4<1>;
L_0x5af9e1da4630 .functor AND 1, L_0x5af9e1da4520, L_0x5af9e1da4590, C4<1>, C4<1>;
L_0x5af9e1da4730 .functor BUFZ 1, v0x5af9e1d846b0_0, C4<0>, C4<0>, C4<0>;
L_0x5af9e1da4880 .functor BUFZ 1, L_0x5af9e1da3940, C4<0>, C4<0>, C4<0>;
L_0x5af9e1da4980 .functor BUFZ 8, L_0x5af9e1da3580, C4<00000000>, C4<00000000>, C4<00000000>;
L_0x5af9e1da4c00 .functor AND 1, L_0x5af9e1da3790, L_0x5af9e1da4b60, C4<1>, C4<1>;
L_0x5af9e1da4c70 .functor BUFZ 1, L_0x5af9e1da3800, C4<0>, C4<0>, C4<0>;
L_0x5af9e1da4e60 .functor BUFZ 1, L_0x5af9e1da3940, C4<0>, C4<0>, C4<0>;
v0x5af9e1d61ab0_0 .net/2u *"_ivl_0", 7 0, L_0x743029cbf408;  1 drivers
v0x5af9e1d82d40_0 .net/2u *"_ivl_14", 0 0, L_0x743029cbf4e0;  1 drivers
v0x5af9e1d82e20_0 .net *"_ivl_17", 0 0, L_0x5af9e1da43a0;  1 drivers
v0x5af9e1d82ec0_0 .net *"_ivl_2", 7 0, L_0x5af9e1da4180;  1 drivers
v0x5af9e1d82fa0_0 .net *"_ivl_23", 0 0, L_0x5af9e1da4520;  1 drivers
v0x5af9e1d830b0_0 .net *"_ivl_25", 0 0, L_0x5af9e1da4590;  1 drivers
v0x5af9e1d83170_0 .net *"_ivl_35", 0 0, L_0x5af9e1da4b60;  1 drivers
v0x5af9e1d83230_0 .net/2u *"_ivl_4", 7 0, L_0x743029cbf450;  1 drivers
L_0x743029cbf528 .functor BUFT 1, C4<1>, C4<0>, C4<0>, C4<0>;
v0x5af9e1d83310_0 .net/2u *"_ivl_42", 0 0, L_0x743029cbf528;  1 drivers
v0x5af9e1d833f0_0 .net *"_ivl_44", 0 0, L_0x5af9e1da4ed0;  1 drivers
v0x5af9e1d834d0_0 .net *"_ivl_6", 7 0, L_0x5af9e1da41f0;  1 drivers
L_0x743029cbf498 .functor BUFT 1, C4<00000000>, C4<0>, C4<0>, C4<0>;
v0x5af9e1d835b0_0 .net/2u *"_ivl_8", 7 0, L_0x743029cbf498;  1 drivers
v0x5af9e1d83690_0 .net "clk", 0 0, v0x5af9e1d9cca0_0;  alias, 1 drivers
v0x5af9e1d83750_0 .net "cmp_match", 0 0, L_0x5af9e1da4260;  1 drivers
v0x5af9e1d83810_0 .net "in_data", 7 0, L_0x5af9e1da3580;  alias, 1 drivers
v0x5af9e1d838f0_0 .net "in_eop", 0 0, L_0x5af9e1da3940;  alias, 1 drivers
v0x5af9e1d839b0_0 .net "in_ready", 0 0, L_0x5af9e1da4f70;  alias, 1 drivers
v0x5af9e1d83a70_0 .net "in_sop", 0 0, L_0x5af9e1da3800;  alias, 1 drivers
v0x5af9e1d83b30_0 .net "in_valid", 0 0, L_0x5af9e1da3790;  alias, 1 drivers
v0x5af9e1d83bf0_0 .net "match_data", 7 0, L_0x5af9e1da44b0;  alias, 1 drivers
v0x5af9e1d83cd0_0 .net "match_drop", 0 0, L_0x5af9e1da4410;  1 drivers
v0x5af9e1d83d90_0 .net "match_eop", 0 0, L_0x5af9e1da4880;  alias, 1 drivers
v0x5af9e1d83e50_0 .net "match_ready", 0 0, v0x5af9e1d927f0_0;  alias, 1 drivers
v0x5af9e1d83f10_0 .net "match_sop", 0 0, L_0x5af9e1da4730;  alias, 1 drivers
v0x5af9e1d83fd0_0 .net "match_valid", 0 0, L_0x5af9e1da4630;  alias, 1 drivers
v0x5af9e1d84090_0 .net "pass_data", 7 0, L_0x5af9e1da4980;  alias, 1 drivers
v0x5af9e1d84170_0 .net "pass_eop", 0 0, L_0x5af9e1da4e60;  alias, 1 drivers
v0x5af9e1d84230_0 .net "pass_ready", 0 0, L_0x743029cbf570;  alias, 1 drivers
v0x5af9e1d842f0_0 .net "pass_sop", 0 0, L_0x5af9e1da4c70;  alias, 1 drivers
v0x5af9e1d843b0_0 .net "pass_valid", 0 0, L_0x5af9e1da4c00;  alias, 1 drivers
v0x5af9e1d84470_0 .net "route_match", 0 0, L_0x5af9e1da4300;  1 drivers
v0x5af9e1d84530_0 .var "route_match_q", 0 0;
v0x5af9e1d845f0_0 .net "rst_n", 0 0, v0x5af9e1d9f3e0_0;  alias, 1 drivers
v0x5af9e1d846b0_0 .var "strip_next_q", 0 0;
E_0x5af9e1cdb590/0 .event negedge, v0x5af9e1d845f0_0;
E_0x5af9e1cdb590/1 .event posedge, v0x5af9e1d83690_0;
E_0x5af9e1cdb590 .event/or E_0x5af9e1cdb590/0, E_0x5af9e1cdb590/1;
L_0x5af9e1da4260 .cmp/eq 8, L_0x5af9e1da41f0, L_0x743029cbf498;
L_0x5af9e1da4300 .functor MUXZ 1, v0x5af9e1d84530_0, L_0x5af9e1da4260, L_0x5af9e1da3800, C4<>;
L_0x5af9e1da4590 .reduce/nor L_0x5af9e1da4410;
L_0x5af9e1da4b60 .reduce/nor L_0x5af9e1da4300;
L_0x5af9e1da4ed0 .functor MUXZ 1, v0x5af9e1d927f0_0, L_0x743029cbf528, L_0x5af9e1da4410, C4<>;
L_0x5af9e1da4f70 .functor MUXZ 1, L_0x743029cbf570, L_0x5af9e1da4ed0, L_0x5af9e1da4300, C4<>;
S_0x5af9e1d85730 .scope module, "h1" "hfr" 2 75, 5 12 0, S_0x5af9e1d5de90;
 .timescale 0 0;
    .port_info 0 /INPUT 1 "clk";
    .port_info 1 /INPUT 1 "rst_n";
    .port_info 2 /INPUT 8 "in_data";
    .port_info 3 /INPUT 1 "in_valid";
    .port_info 4 /INPUT 1 "in_sop";
    .port_info 5 /INPUT 1 "in_eop";
    .port_info 6 /OUTPUT 1 "in_ready";
    .port_info 7 /OUTPUT 8 "out_data";
    .port_info 8 /OUTPUT 1 "out_valid";
    .port_info 9 /OUTPUT 1 "out_sop";
    .port_info 10 /OUTPUT 1 "out_eop";
    .port_info 11 /INPUT 1 "out_ready";
L_0x5af9e1da1f80 .functor OR 1, L_0x5af9e1da3230, L_0x5af9e1da1e50, C4<0>, C4<0>;
v0x5af9e1d85a50_0 .net *"_ivl_1", 0 0, L_0x5af9e1da1e50;  1 drivers
v0x5af9e1d85b30_0 .net "clk", 0 0, v0x5af9e1d9cca0_0;  alias, 1 drivers
v0x5af9e1d85c40_0 .net "in_data", 7 0, L_0x5af9e1da14d0;  alias, 1 drivers
v0x5af9e1d85ce0_0 .net "in_eop", 0 0, L_0x5af9e1da1a60;  alias, 1 drivers
v0x5af9e1d85da0_0 .net "in_ready", 0 0, L_0x5af9e1da1f80;  alias, 1 drivers
v0x5af9e1d85eb0_0 .net "in_sop", 0 0, L_0x5af9e1da18f0;  alias, 1 drivers
v0x5af9e1d85f70_0 .net "in_valid", 0 0, L_0x5af9e1da1760;  alias, 1 drivers
v0x5af9e1d86030_0 .var "out_data", 7 0;
v0x5af9e1d86110_0 .var "out_eop", 0 0;
v0x5af9e1d861d0_0 .net "out_ready", 0 0, L_0x5af9e1da3230;  alias, 1 drivers
v0x5af9e1d86290_0 .var "out_sop", 0 0;
v0x5af9e1d86350_0 .var "out_valid", 0 0;
v0x5af9e1d86410_0 .net "rst_n", 0 0, v0x5af9e1d9f3e0_0;  alias, 1 drivers
L_0x5af9e1da1e50 .reduce/nor v0x5af9e1d86350_0;
S_0x5af9e1d86630 .scope module, "hb" "hfr" 2 156, 5 12 0, S_0x5af9e1d5de90;
 .timescale 0 0;
    .port_info 0 /INPUT 1 "clk";
    .port_info 1 /INPUT 1 "rst_n";
    .port_info 2 /INPUT 8 "in_data";
    .port_info 3 /INPUT 1 "in_valid";
    .port_info 4 /INPUT 1 "in_sop";
    .port_info 5 /INPUT 1 "in_eop";
    .port_info 6 /OUTPUT 1 "in_ready";
    .port_info 7 /OUTPUT 8 "out_data";
    .port_info 8 /OUTPUT 1 "out_valid";
    .port_info 9 /OUTPUT 1 "out_sop";
    .port_info 10 /OUTPUT 1 "out_eop";
    .port_info 11 /INPUT 1 "out_ready";
L_0x5af9e1da51d0 .functor OR 1, L_0x5af9e1da6180, L_0x5af9e1da50a0, C4<0>, C4<0>;
v0x5af9e1d869f0_0 .net *"_ivl_1", 0 0, L_0x5af9e1da50a0;  1 drivers
v0x5af9e1d86ad0_0 .net "clk", 0 0, v0x5af9e1d9cca0_0;  alias, 1 drivers
v0x5af9e1d86b90_0 .net "in_data", 7 0, L_0x5af9e1da39b0;  alias, 1 drivers
v0x5af9e1d86c30_0 .net "in_eop", 0 0, L_0x5af9e1da3e30;  alias, 1 drivers
v0x5af9e1d86cf0_0 .net "in_ready", 0 0, L_0x5af9e1da51d0;  alias, 1 drivers
v0x5af9e1d86e00_0 .net "in_sop", 0 0, L_0x5af9e1da3d30;  alias, 1 drivers
v0x5af9e1d86ec0_0 .net "in_valid", 0 0, L_0x5af9e1da3ba0;  alias, 1 drivers
v0x5af9e1d86f80_0 .var "out_data", 7 0;
v0x5af9e1d87060_0 .var "out_eop", 0 0;
v0x5af9e1d87120_0 .net "out_ready", 0 0, L_0x5af9e1da6180;  alias, 1 drivers
v0x5af9e1d871e0_0 .var "out_sop", 0 0;
v0x5af9e1d872a0_0 .var "out_valid", 0 0;
v0x5af9e1d87360_0 .net "rst_n", 0 0, v0x5af9e1d9f3e0_0;  alias, 1 drivers
L_0x5af9e1da50a0 .reduce/nor v0x5af9e1d872a0_0;
S_0x5af9e1d87580 .scope module, "ing1" "z_ingress" 2 65, 6 16 0, S_0x5af9e1d5de90;
 .timescale 0 0;
    .port_info 0 /INPUT 1 "clk";
    .port_info 1 /INPUT 1 "rst_n";
    .port_info 2 /INPUT 8 "spin_data";
    .port_info 3 /INPUT 1 "spin_valid";
    .port_info 4 /INPUT 1 "spin_sop";
    .port_info 5 /INPUT 1 "spin_eop";
    .port_info 6 /OUTPUT 1 "spin_ready";
    .port_info 7 /OUTPUT 8 "spout_data";
    .port_info 8 /OUTPUT 1 "spout_valid";
    .port_info 9 /OUTPUT 1 "spout_sop";
    .port_info 10 /OUTPUT 1 "spout_eop";
    .port_info 11 /INPUT 1 "spout_ready";
    .port_info 12 /OUTPUT 8 "nob_data";
    .port_info 13 /OUTPUT 1 "nob_valid";
    .port_info 14 /OUTPUT 1 "nob_sop";
    .port_info 15 /OUTPUT 1 "nob_eop";
    .port_info 16 /INPUT 1 "nob_ready";
P_0x5af9e1cc4140 .param/l "LAYER_MASK" 0 6 18, C4<11111111>;
P_0x5af9e1cc4180 .param/l "LOCAL_LAYER" 0 6 17, C4<00000001>;
v0x5af9e1d8a070_0 .net "clk", 0 0, v0x5af9e1d9cca0_0;  alias, 1 drivers
v0x5af9e1d8a130_0 .net "nob_data", 7 0, L_0x5af9e1d6ff00;  alias, 1 drivers
v0x5af9e1d8a220_0 .net "nob_eop", 0 0, L_0x5af9e1da13d0;  alias, 1 drivers
v0x5af9e1d8a320_0 .net "nob_ready", 0 0, v0x5af9e1d90b60_0;  alias, 1 drivers
v0x5af9e1d8a3f0_0 .net "nob_sop", 0 0, L_0x5af9e1da1280;  alias, 1 drivers
v0x5af9e1d8a490_0 .net "nob_valid", 0 0, L_0x5af9e1da1180;  alias, 1 drivers
v0x5af9e1d8a560_0 .net "rst_n", 0 0, v0x5af9e1d9f3e0_0;  alias, 1 drivers
v0x5af9e1d8a600_0 .net "spin_data", 7 0, v0x5af9e1d9f480_0;  1 drivers
v0x5af9e1d8a6d0_0 .net "spin_eop", 0 0, v0x5af9e1d9f570_0;  1 drivers
v0x5af9e1d8a7a0_0 .net "spin_ready", 0 0, L_0x5af9e1da1d20;  alias, 1 drivers
v0x5af9e1d8a870_0 .net "spin_sop", 0 0, v0x5af9e1d9f750_0;  1 drivers
v0x5af9e1d8a940_0 .net "spin_valid", 0 0, v0x5af9e1d9f840_0;  1 drivers
v0x5af9e1d8aa10_0 .net "spout_data", 7 0, L_0x5af9e1da14d0;  alias, 1 drivers
v0x5af9e1d8aab0_0 .net "spout_eop", 0 0, L_0x5af9e1da1a60;  alias, 1 drivers
v0x5af9e1d8ab50_0 .net "spout_ready", 0 0, L_0x5af9e1da1f80;  alias, 1 drivers
v0x5af9e1d8abf0_0 .net "spout_sop", 0 0, L_0x5af9e1da18f0;  alias, 1 drivers
v0x5af9e1d8ace0_0 .net "spout_valid", 0 0, L_0x5af9e1da1760;  alias, 1 drivers
S_0x5af9e1d87a20 .scope module, "gate" "flit_gate" 6 49, 4 17 0, S_0x5af9e1d87580;
 .timescale 0 0;
    .port_info 0 /INPUT 1 "clk";
    .port_info 1 /INPUT 1 "rst_n";
    .port_info 2 /INPUT 8 "in_data";
    .port_info 3 /INPUT 1 "in_valid";
    .port_info 4 /INPUT 1 "in_sop";
    .port_info 5 /INPUT 1 "in_eop";
    .port_info 6 /OUTPUT 1 "in_ready";
    .port_info 7 /OUTPUT 8 "match_data";
    .port_info 8 /OUTPUT 1 "match_valid";
    .port_info 9 /OUTPUT 1 "match_sop";
    .port_info 10 /OUTPUT 1 "match_eop";
    .port_info 11 /INPUT 1 "match_ready";
    .port_info 12 /OUTPUT 8 "pass_data";
    .port_info 13 /OUTPUT 1 "pass_valid";
    .port_info 14 /OUTPUT 1 "pass_sop";
    .port_info 15 /OUTPUT 1 "pass_eop";
    .port_info 16 /INPUT 1 "pass_ready";
P_0x5af9e1d87c20 .param/l "MATCH_MASK" 0 4 19, C4<11111111>;
P_0x5af9e1d87c60 .param/l "MATCH_VALUE" 0 4 18, C4<00000001>;
P_0x5af9e1d87ca0 .param/l "STRIP_ON_MATCH" 0 4 20, +C4<00000000000000000000000000000001>;
L_0x743029cbf018 .functor BUFT 1, C4<00000001>, C4<0>, C4<0>, C4<0>;
L_0x5af9e1d3f840 .functor XOR 8, v0x5af9e1d9f480_0, L_0x743029cbf018, C4<00000000>, C4<00000000>;
L_0x743029cbf060 .functor BUFT 1, C4<11111111>, C4<0>, C4<0>, C4<0>;
L_0x5af9e1d59b30 .functor AND 8, L_0x5af9e1d3f840, L_0x743029cbf060, C4<11111111>, C4<11111111>;
L_0x743029cbf0f0 .functor BUFT 1, C4<1>, C4<0>, C4<0>, C4<0>;
L_0x5af9e1cbfbd0 .functor AND 1, L_0x743029cbf0f0, v0x5af9e1d9f750_0, C4<1>, C4<1>;
L_0x5af9e1d6ff70 .functor AND 1, L_0x5af9e1cbfbd0, L_0x5af9e1da0cf0, C4<1>, C4<1>;
L_0x5af9e1d6ff00 .functor BUFZ 8, v0x5af9e1d9f480_0, C4<00000000>, C4<00000000>, C4<00000000>;
L_0x5af9e1da1030 .functor AND 1, v0x5af9e1d9f840_0, L_0x5af9e1da0cf0, C4<1>, C4<1>;
L_0x5af9e1da1180 .functor AND 1, L_0x5af9e1da1030, L_0x5af9e1da10e0, C4<1>, C4<1>;
L_0x5af9e1da1280 .functor BUFZ 1, v0x5af9e1d89d60_0, C4<0>, C4<0>, C4<0>;
L_0x5af9e1da13d0 .functor BUFZ 1, v0x5af9e1d9f570_0, C4<0>, C4<0>, C4<0>;
L_0x5af9e1da14d0 .functor BUFZ 8, v0x5af9e1d9f480_0, C4<00000000>, C4<00000000>, C4<00000000>;
L_0x5af9e1da1760 .functor AND 1, v0x5af9e1d9f840_0, L_0x5af9e1da1630, C4<1>, C4<1>;
L_0x5af9e1da18f0 .functor BUFZ 1, v0x5af9e1d9f750_0, C4<0>, C4<0>, C4<0>;
L_0x5af9e1da1a60 .functor BUFZ 1, v0x5af9e1d9f570_0, C4<0>, C4<0>, C4<0>;
v0x5af9e1d88050_0 .net/2u *"_ivl_0", 7 0, L_0x743029cbf018;  1 drivers
v0x5af9e1d88150_0 .net/2u *"_ivl_14", 0 0, L_0x743029cbf0f0;  1 drivers
v0x5af9e1d88230_0 .net *"_ivl_17", 0 0, L_0x5af9e1cbfbd0;  1 drivers
v0x5af9e1d882d0_0 .net *"_ivl_2", 7 0, L_0x5af9e1d3f840;  1 drivers
v0x5af9e1d883b0_0 .net *"_ivl_23", 0 0, L_0x5af9e1da1030;  1 drivers
v0x5af9e1d884c0_0 .net *"_ivl_25", 0 0, L_0x5af9e1da10e0;  1 drivers
v0x5af9e1d88580_0 .net *"_ivl_35", 0 0, L_0x5af9e1da1630;  1 drivers
v0x5af9e1d88640_0 .net/2u *"_ivl_4", 7 0, L_0x743029cbf060;  1 drivers
L_0x743029cbf138 .functor BUFT 1, C4<1>, C4<0>, C4<0>, C4<0>;
v0x5af9e1d88720_0 .net/2u *"_ivl_42", 0 0, L_0x743029cbf138;  1 drivers
v0x5af9e1d88890_0 .net *"_ivl_44", 0 0, L_0x5af9e1da1bf0;  1 drivers
v0x5af9e1d88970_0 .net *"_ivl_6", 7 0, L_0x5af9e1d59b30;  1 drivers
L_0x743029cbf0a8 .functor BUFT 1, C4<00000000>, C4<0>, C4<0>, C4<0>;
v0x5af9e1d88a50_0 .net/2u *"_ivl_8", 7 0, L_0x743029cbf0a8;  1 drivers
v0x5af9e1d88b30_0 .net "clk", 0 0, v0x5af9e1d9cca0_0;  alias, 1 drivers
v0x5af9e1d88c60_0 .net "cmp_match", 0 0, L_0x5af9e1da0c50;  1 drivers
v0x5af9e1d88d20_0 .net "in_data", 7 0, v0x5af9e1d9f480_0;  alias, 1 drivers
v0x5af9e1d88e00_0 .net "in_eop", 0 0, v0x5af9e1d9f570_0;  alias, 1 drivers
v0x5af9e1d88ec0_0 .net "in_ready", 0 0, L_0x5af9e1da1d20;  alias, 1 drivers
v0x5af9e1d88f80_0 .net "in_sop", 0 0, v0x5af9e1d9f750_0;  alias, 1 drivers
v0x5af9e1d89040_0 .net "in_valid", 0 0, v0x5af9e1d9f840_0;  alias, 1 drivers
v0x5af9e1d89100_0 .net "match_data", 7 0, L_0x5af9e1d6ff00;  alias, 1 drivers
v0x5af9e1d891e0_0 .net "match_drop", 0 0, L_0x5af9e1d6ff70;  1 drivers
v0x5af9e1d892a0_0 .net "match_eop", 0 0, L_0x5af9e1da13d0;  alias, 1 drivers
v0x5af9e1d89360_0 .net "match_ready", 0 0, v0x5af9e1d90b60_0;  alias, 1 drivers
v0x5af9e1d89420_0 .net "match_sop", 0 0, L_0x5af9e1da1280;  alias, 1 drivers
v0x5af9e1d894e0_0 .net "match_valid", 0 0, L_0x5af9e1da1180;  alias, 1 drivers
v0x5af9e1d895a0_0 .net "pass_data", 7 0, L_0x5af9e1da14d0;  alias, 1 drivers
v0x5af9e1d89660_0 .net "pass_eop", 0 0, L_0x5af9e1da1a60;  alias, 1 drivers
v0x5af9e1d89700_0 .net "pass_ready", 0 0, L_0x5af9e1da1f80;  alias, 1 drivers
v0x5af9e1d897d0_0 .net "pass_sop", 0 0, L_0x5af9e1da18f0;  alias, 1 drivers
v0x5af9e1d898a0_0 .net "pass_valid", 0 0, L_0x5af9e1da1760;  alias, 1 drivers
v0x5af9e1d89970_0 .net "route_match", 0 0, L_0x5af9e1da0cf0;  1 drivers
v0x5af9e1d89a10_0 .var "route_match_q", 0 0;
v0x5af9e1d89ab0_0 .net "rst_n", 0 0, v0x5af9e1d9f3e0_0;  alias, 1 drivers
v0x5af9e1d89d60_0 .var "strip_next_q", 0 0;
L_0x5af9e1da0c50 .cmp/eq 8, L_0x5af9e1d59b30, L_0x743029cbf0a8;
L_0x5af9e1da0cf0 .functor MUXZ 1, v0x5af9e1d89a10_0, L_0x5af9e1da0c50, v0x5af9e1d9f750_0, C4<>;
L_0x5af9e1da10e0 .reduce/nor L_0x5af9e1d6ff70;
L_0x5af9e1da1630 .reduce/nor L_0x5af9e1da0cf0;
L_0x5af9e1da1bf0 .functor MUXZ 1, v0x5af9e1d90b60_0, L_0x743029cbf138, L_0x5af9e1d6ff70, C4<>;
L_0x5af9e1da1d20 .functor MUXZ 1, L_0x5af9e1da1f80, L_0x5af9e1da1bf0, L_0x5af9e1da0cf0, C4<>;
S_0x5af9e1d8aed0 .scope module, "ing2" "z_ingress" 2 83, 6 16 0, S_0x5af9e1d5de90;
 .timescale 0 0;
    .port_info 0 /INPUT 1 "clk";
    .port_info 1 /INPUT 1 "rst_n";
    .port_info 2 /INPUT 8 "spin_data";
    .port_info 3 /INPUT 1 "spin_valid";
    .port_info 4 /INPUT 1 "spin_sop";
    .port_info 5 /INPUT 1 "spin_eop";
    .port_info 6 /OUTPUT 1 "spin_ready";
    .port_info 7 /OUTPUT 8 "spout_data";
    .port_info 8 /OUTPUT 1 "spout_valid";
    .port_info 9 /OUTPUT 1 "spout_sop";
    .port_info 10 /OUTPUT 1 "spout_eop";
    .port_info 11 /INPUT 1 "spout_ready";
    .port_info 12 /OUTPUT 8 "nob_data";
    .port_info 13 /OUTPUT 1 "nob_valid";
    .port_info 14 /OUTPUT 1 "nob_sop";
    .port_info 15 /OUTPUT 1 "nob_eop";
    .port_info 16 /INPUT 1 "nob_ready";
P_0x5af9e1d62c10 .param/l "LAYER_MASK" 0 6 18, C4<11111111>;
P_0x5af9e1d62c50 .param/l "LOCAL_LAYER" 0 6 17, C4<00000010>;
v0x5af9e1d8dac0_0 .net "clk", 0 0, v0x5af9e1d9cca0_0;  alias, 1 drivers
v0x5af9e1d8db80_0 .net "nob_data", 7 0, L_0x5af9e1da2530;  alias, 1 drivers
v0x5af9e1d8dc70_0 .net "nob_eop", 0 0, L_0x5af9e1da29d0;  alias, 1 drivers
v0x5af9e1d8dd70_0 .net "nob_ready", 0 0, v0x5af9e1d91a30_0;  alias, 1 drivers
v0x5af9e1d8de40_0 .net "nob_sop", 0 0, L_0x5af9e1da2880;  alias, 1 drivers
v0x5af9e1d8dee0_0 .net "nob_valid", 0 0, L_0x5af9e1da2780;  alias, 1 drivers
v0x5af9e1d8dfb0_0 .net "rst_n", 0 0, v0x5af9e1d9f3e0_0;  alias, 1 drivers
v0x5af9e1d8e050_0 .net "spin_data", 7 0, v0x5af9e1d86030_0;  alias, 1 drivers
v0x5af9e1d8e140_0 .net "spin_eop", 0 0, v0x5af9e1d86110_0;  alias, 1 drivers
v0x5af9e1d8e1e0_0 .net "spin_ready", 0 0, L_0x5af9e1da3230;  alias, 1 drivers
v0x5af9e1d8e2d0_0 .net "spin_sop", 0 0, v0x5af9e1d86290_0;  alias, 1 drivers
v0x5af9e1d8e3c0_0 .net "spin_valid", 0 0, v0x5af9e1d86350_0;  alias, 1 drivers
v0x5af9e1d8e4b0_0 .net "spout_data", 7 0, L_0x5af9e1da2b60;  alias, 1 drivers
v0x5af9e1d8e550_0 .net "spout_eop", 0 0, L_0x5af9e1da3000;  alias, 1 drivers
v0x5af9e1d8e5f0_0 .net "spout_ready", 0 0, v0x5af9e1d93640_0;  alias, 1 drivers
v0x5af9e1d8e690_0 .net "spout_sop", 0 0, L_0x5af9e1da2e90;  alias, 1 drivers
v0x5af9e1d8e730_0 .net "spout_valid", 0 0, L_0x5af9e1da2d90;  alias, 1 drivers
S_0x5af9e1d8b450 .scope module, "gate" "flit_gate" 6 49, 4 17 0, S_0x5af9e1d8aed0;
 .timescale 0 0;
    .port_info 0 /INPUT 1 "clk";
    .port_info 1 /INPUT 1 "rst_n";
    .port_info 2 /INPUT 8 "in_data";
    .port_info 3 /INPUT 1 "in_valid";
    .port_info 4 /INPUT 1 "in_sop";
    .port_info 5 /INPUT 1 "in_eop";
    .port_info 6 /OUTPUT 1 "in_ready";
    .port_info 7 /OUTPUT 8 "match_data";
    .port_info 8 /OUTPUT 1 "match_valid";
    .port_info 9 /OUTPUT 1 "match_sop";
    .port_info 10 /OUTPUT 1 "match_eop";
    .port_info 11 /INPUT 1 "match_ready";
    .port_info 12 /OUTPUT 8 "pass_data";
    .port_info 13 /OUTPUT 1 "pass_valid";
    .port_info 14 /OUTPUT 1 "pass_sop";
    .port_info 15 /OUTPUT 1 "pass_eop";
    .port_info 16 /INPUT 1 "pass_ready";
P_0x5af9e1d8b650 .param/l "MATCH_MASK" 0 4 19, C4<11111111>;
P_0x5af9e1d8b690 .param/l "MATCH_VALUE" 0 4 18, C4<00000010>;
P_0x5af9e1d8b6d0 .param/l "STRIP_ON_MATCH" 0 4 20, +C4<00000000000000000000000000000001>;
L_0x743029cbf180 .functor BUFT 1, C4<00000010>, C4<0>, C4<0>, C4<0>;
L_0x5af9e1da2080 .functor XOR 8, v0x5af9e1d86030_0, L_0x743029cbf180, C4<00000000>, C4<00000000>;
L_0x743029cbf1c8 .functor BUFT 1, C4<11111111>, C4<0>, C4<0>, C4<0>;
L_0x5af9e1da2180 .functor AND 8, L_0x5af9e1da2080, L_0x743029cbf1c8, C4<11111111>, C4<11111111>;
L_0x743029cbf258 .functor BUFT 1, C4<1>, C4<0>, C4<0>, C4<0>;
L_0x5af9e1da2450 .functor AND 1, L_0x743029cbf258, v0x5af9e1d86290_0, C4<1>, C4<1>;
L_0x5af9e1da24c0 .functor AND 1, L_0x5af9e1da2450, L_0x5af9e1da2290, C4<1>, C4<1>;
L_0x5af9e1da2530 .functor BUFZ 8, v0x5af9e1d86030_0, C4<00000000>, C4<00000000>, C4<00000000>;
L_0x5af9e1da2630 .functor AND 1, v0x5af9e1d86350_0, L_0x5af9e1da2290, C4<1>, C4<1>;
L_0x5af9e1da2780 .functor AND 1, L_0x5af9e1da2630, L_0x5af9e1da26e0, C4<1>, C4<1>;
L_0x5af9e1da2880 .functor BUFZ 1, v0x5af9e1d8d7e0_0, C4<0>, C4<0>, C4<0>;
L_0x5af9e1da29d0 .functor BUFZ 1, v0x5af9e1d86110_0, C4<0>, C4<0>, C4<0>;
L_0x5af9e1da2b60 .functor BUFZ 8, v0x5af9e1d86030_0, C4<00000000>, C4<00000000>, C4<00000000>;
L_0x5af9e1da2d90 .functor AND 1, v0x5af9e1d86350_0, L_0x5af9e1da2c60, C4<1>, C4<1>;
L_0x5af9e1da2e90 .functor BUFZ 1, v0x5af9e1d86290_0, C4<0>, C4<0>, C4<0>;
L_0x5af9e1da3000 .functor BUFZ 1, v0x5af9e1d86110_0, C4<0>, C4<0>, C4<0>;
v0x5af9e1d8bb10_0 .net/2u *"_ivl_0", 7 0, L_0x743029cbf180;  1 drivers
v0x5af9e1d8bc10_0 .net/2u *"_ivl_14", 0 0, L_0x743029cbf258;  1 drivers
v0x5af9e1d8bcf0_0 .net *"_ivl_17", 0 0, L_0x5af9e1da2450;  1 drivers
v0x5af9e1d8bd90_0 .net *"_ivl_2", 7 0, L_0x5af9e1da2080;  1 drivers
v0x5af9e1d8be70_0 .net *"_ivl_23", 0 0, L_0x5af9e1da2630;  1 drivers
v0x5af9e1d8bf80_0 .net *"_ivl_25", 0 0, L_0x5af9e1da26e0;  1 drivers
v0x5af9e1d8c040_0 .net *"_ivl_35", 0 0, L_0x5af9e1da2c60;  1 drivers
v0x5af9e1d8c100_0 .net/2u *"_ivl_4", 7 0, L_0x743029cbf1c8;  1 drivers
L_0x743029cbf2a0 .functor BUFT 1, C4<1>, C4<0>, C4<0>, C4<0>;
v0x5af9e1d8c1e0_0 .net/2u *"_ivl_42", 0 0, L_0x743029cbf2a0;  1 drivers
v0x5af9e1d8c350_0 .net *"_ivl_44", 0 0, L_0x5af9e1da3100;  1 drivers
v0x5af9e1d8c430_0 .net *"_ivl_6", 7 0, L_0x5af9e1da2180;  1 drivers
L_0x743029cbf210 .functor BUFT 1, C4<00000000>, C4<0>, C4<0>, C4<0>;
v0x5af9e1d8c510_0 .net/2u *"_ivl_8", 7 0, L_0x743029cbf210;  1 drivers
v0x5af9e1d8c5f0_0 .net "clk", 0 0, v0x5af9e1d9cca0_0;  alias, 1 drivers
v0x5af9e1d8c690_0 .net "cmp_match", 0 0, L_0x5af9e1da21f0;  1 drivers
v0x5af9e1d8c750_0 .net "in_data", 7 0, v0x5af9e1d86030_0;  alias, 1 drivers
v0x5af9e1d8c810_0 .net "in_eop", 0 0, v0x5af9e1d86110_0;  alias, 1 drivers
v0x5af9e1d8c8b0_0 .net "in_ready", 0 0, L_0x5af9e1da3230;  alias, 1 drivers
v0x5af9e1d8ca60_0 .net "in_sop", 0 0, v0x5af9e1d86290_0;  alias, 1 drivers
v0x5af9e1d8cb00_0 .net "in_valid", 0 0, v0x5af9e1d86350_0;  alias, 1 drivers
v0x5af9e1d8cbd0_0 .net "match_data", 7 0, L_0x5af9e1da2530;  alias, 1 drivers
v0x5af9e1d8cc70_0 .net "match_drop", 0 0, L_0x5af9e1da24c0;  1 drivers
v0x5af9e1d8cd10_0 .net "match_eop", 0 0, L_0x5af9e1da29d0;  alias, 1 drivers
v0x5af9e1d8cdb0_0 .net "match_ready", 0 0, v0x5af9e1d91a30_0;  alias, 1 drivers
v0x5af9e1d8ce50_0 .net "match_sop", 0 0, L_0x5af9e1da2880;  alias, 1 drivers
v0x5af9e1d8cf10_0 .net "match_valid", 0 0, L_0x5af9e1da2780;  alias, 1 drivers
v0x5af9e1d8cfd0_0 .net "pass_data", 7 0, L_0x5af9e1da2b60;  alias, 1 drivers
v0x5af9e1d8d0b0_0 .net "pass_eop", 0 0, L_0x5af9e1da3000;  alias, 1 drivers
v0x5af9e1d8d170_0 .net "pass_ready", 0 0, v0x5af9e1d93640_0;  alias, 1 drivers
v0x5af9e1d8d230_0 .net "pass_sop", 0 0, L_0x5af9e1da2e90;  alias, 1 drivers
v0x5af9e1d8d2f0_0 .net "pass_valid", 0 0, L_0x5af9e1da2d90;  alias, 1 drivers
v0x5af9e1d8d3b0_0 .net "route_match", 0 0, L_0x5af9e1da2290;  1 drivers
v0x5af9e1d8d470_0 .var "route_match_q", 0 0;
v0x5af9e1d8d530_0 .net "rst_n", 0 0, v0x5af9e1d9f3e0_0;  alias, 1 drivers
v0x5af9e1d8d7e0_0 .var "strip_next_q", 0 0;
L_0x5af9e1da21f0 .cmp/eq 8, L_0x5af9e1da2180, L_0x743029cbf210;
L_0x5af9e1da2290 .functor MUXZ 1, v0x5af9e1d8d470_0, L_0x5af9e1da21f0, v0x5af9e1d86290_0, C4<>;
L_0x5af9e1da26e0 .reduce/nor L_0x5af9e1da24c0;
L_0x5af9e1da2c60 .reduce/nor L_0x5af9e1da2290;
L_0x5af9e1da3100 .functor MUXZ 1, v0x5af9e1d91a30_0, L_0x743029cbf2a0, L_0x5af9e1da24c0, C4<>;
L_0x5af9e1da3230 .functor MUXZ 1, v0x5af9e1d93640_0, L_0x5af9e1da3100, L_0x5af9e1da2290, C4<>;
S_0x5af9e1d8e8d0 .scope task, "send_b" "send_b" 2 218, 2 218 0, S_0x5af9e1d5de90;
 .timescale -9 -12;
v0x5af9e1d8ecf0_0 .var "d", 7 0;
v0x5af9e1d8edf0_0 .var "eop", 0 0;
v0x5af9e1d8eeb0_0 .var "sop", 0 0;
TD_tb_fabric.send_b ;
    %wait E_0x5af9e1cdb060;
    %load/vec4 v0x5af9e1d8ecf0_0;
    %store/vec4 v0x5af9e1d9c740_0, 0, 8;
    %load/vec4 v0x5af9e1d8eeb0_0;
    %store/vec4 v0x5af9e1d9ca70_0, 0, 1;
    %load/vec4 v0x5af9e1d8edf0_0;
    %store/vec4 v0x5af9e1d9c870_0, 0, 1;
    %pushi/vec4 1, 0, 1;
    %store/vec4 v0x5af9e1d9cb60_0, 0, 1;
    %fork t_1, S_0x5af9e1d8eab0;
    %jmp t_0;
    .scope S_0x5af9e1d8eab0;
t_1 ;
T_2.4 ;
    %wait E_0x5af9e1cdb060;
    %load/vec4 v0x5af9e1d9c980_0;
    %flag_set/vec4 8;
    %jmp/0xz  T_2.6, 8;
    %disable S_0x5af9e1d8eab0;
T_2.6 ;
    %jmp T_2.4;
T_2.5 ;
    %end;
    .scope S_0x5af9e1d8e8d0;
t_0 %join;
    %pushi/vec4 0, 0, 1;
    %store/vec4 v0x5af9e1d9cb60_0, 0, 1;
    %pushi/vec4 0, 0, 1;
    %store/vec4 v0x5af9e1d9ca70_0, 0, 1;
    %pushi/vec4 0, 0, 1;
    %store/vec4 v0x5af9e1d9c870_0, 0, 1;
    %end;
S_0x5af9e1d8eab0 .scope begin, "wait_b" "wait_b" 2 228, 2 228 0, S_0x5af9e1d8e8d0;
 .timescale -9 -12;
E_0x5af9e1cdb060 .event negedge, v0x5af9e1d83690_0;
S_0x5af9e1d8ef80 .scope task, "send_board_pkt" "send_board_pkt" 2 261, 2 261 0, S_0x5af9e1d5de90;
 .timescale -9 -12;
v0x5af9e1d8f160_0 .var "ctrl", 7 0;
v0x5af9e1d8f260_0 .var "mod_id", 7 0;
v0x5af9e1d8f340_0 .var "pay0", 7 0;
TD_tb_fabric.send_board_pkt ;
    %load/vec4 v0x5af9e1d8f260_0;
    %store/vec4 v0x5af9e1d8ecf0_0, 0, 8;
    %pushi/vec4 1, 0, 1;
    %store/vec4 v0x5af9e1d8eeb0_0, 0, 1;
    %pushi/vec4 0, 0, 1;
    %store/vec4 v0x5af9e1d8edf0_0, 0, 1;
    %fork TD_tb_fabric.send_b, S_0x5af9e1d8e8d0;
    %join;
    %load/vec4 v0x5af9e1d8f160_0;
    %store/vec4 v0x5af9e1d8ecf0_0, 0, 8;
    %pushi/vec4 0, 0, 1;
    %store/vec4 v0x5af9e1d8eeb0_0, 0, 1;
    %pushi/vec4 0, 0, 1;
    %store/vec4 v0x5af9e1d8edf0_0, 0, 1;
    %fork TD_tb_fabric.send_b, S_0x5af9e1d8e8d0;
    %join;
    %pushi/vec4 1, 0, 8;
    %store/vec4 v0x5af9e1d8ecf0_0, 0, 8;
    %pushi/vec4 0, 0, 1;
    %store/vec4 v0x5af9e1d8eeb0_0, 0, 1;
    %pushi/vec4 0, 0, 1;
    %store/vec4 v0x5af9e1d8edf0_0, 0, 1;
    %fork TD_tb_fabric.send_b, S_0x5af9e1d8e8d0;
    %join;
    %pushi/vec4 0, 0, 8;
    %store/vec4 v0x5af9e1d8ecf0_0, 0, 8;
    %pushi/vec4 0, 0, 1;
    %store/vec4 v0x5af9e1d8eeb0_0, 0, 1;
    %pushi/vec4 0, 0, 1;
    %store/vec4 v0x5af9e1d8edf0_0, 0, 1;
    %fork TD_tb_fabric.send_b, S_0x5af9e1d8e8d0;
    %join;
    %load/vec4 v0x5af9e1d8f340_0;
    %store/vec4 v0x5af9e1d8ecf0_0, 0, 8;
    %pushi/vec4 0, 0, 1;
    %store/vec4 v0x5af9e1d8eeb0_0, 0, 1;
    %pushi/vec4 0, 0, 1;
    %store/vec4 v0x5af9e1d8edf0_0, 0, 1;
    %fork TD_tb_fabric.send_b, S_0x5af9e1d8e8d0;
    %join;
    %pushi/vec4 13, 0, 8;
    %store/vec4 v0x5af9e1d8ecf0_0, 0, 8;
    %pushi/vec4 0, 0, 1;
    %store/vec4 v0x5af9e1d8eeb0_0, 0, 1;
    %pushi/vec4 0, 0, 1;
    %store/vec4 v0x5af9e1d8edf0_0, 0, 1;
    %fork TD_tb_fabric.send_b, S_0x5af9e1d8e8d0;
    %join;
    %pushi/vec4 12, 0, 8;
    %store/vec4 v0x5af9e1d8ecf0_0, 0, 8;
    %pushi/vec4 0, 0, 1;
    %store/vec4 v0x5af9e1d8eeb0_0, 0, 1;
    %pushi/vec4 1, 0, 1;
    %store/vec4 v0x5af9e1d8edf0_0, 0, 1;
    %fork TD_tb_fabric.send_b, S_0x5af9e1d8e8d0;
    %join;
    %end;
S_0x5af9e1d8f430 .scope task, "send_s" "send_s" 2 196, 2 196 0, S_0x5af9e1d5de90;
 .timescale -9 -12;
v0x5af9e1d8f7c0_0 .var "d", 7 0;
v0x5af9e1d8f8c0_0 .var "eop", 0 0;
v0x5af9e1d8f980_0 .var "sop", 0 0;
TD_tb_fabric.send_s ;
    %wait E_0x5af9e1cdb060;
    %load/vec4 v0x5af9e1d8f7c0_0;
    %store/vec4 v0x5af9e1d9f480_0, 0, 8;
    %load/vec4 v0x5af9e1d8f980_0;
    %store/vec4 v0x5af9e1d9f750_0, 0, 1;
    %load/vec4 v0x5af9e1d8f8c0_0;
    %store/vec4 v0x5af9e1d9f570_0, 0, 1;
    %pushi/vec4 1, 0, 1;
    %store/vec4 v0x5af9e1d9f840_0, 0, 1;
    %fork t_3, S_0x5af9e1d8f5c0;
    %jmp t_2;
    .scope S_0x5af9e1d8f5c0;
t_3 ;
T_4.8 ;
    %wait E_0x5af9e1cdb060;
    %load/vec4 v0x5af9e1d9f660_0;
    %flag_set/vec4 8;
    %jmp/0xz  T_4.10, 8;
    %disable S_0x5af9e1d8f5c0;
T_4.10 ;
    %jmp T_4.8;
T_4.9 ;
    %end;
    .scope S_0x5af9e1d8f430;
t_2 %join;
    %pushi/vec4 0, 0, 1;
    %store/vec4 v0x5af9e1d9f840_0, 0, 1;
    %pushi/vec4 0, 0, 1;
    %store/vec4 v0x5af9e1d9f750_0, 0, 1;
    %pushi/vec4 0, 0, 1;
    %store/vec4 v0x5af9e1d9f570_0, 0, 1;
    %end;
S_0x5af9e1d8f5c0 .scope begin, "wait_s" "wait_s" 2 206, 2 206 0, S_0x5af9e1d8f430;
 .timescale -9 -12;
S_0x5af9e1d8fa50 .scope task, "send_spine_pkt" "send_spine_pkt" 2 241, 2 241 0, S_0x5af9e1d5de90;
 .timescale -9 -12;
v0x5af9e1d8fc30_0 .var "ctrl", 7 0;
v0x5af9e1d8fd30_0 .var "layer", 7 0;
v0x5af9e1d8fe10_0 .var "mod_id", 7 0;
v0x5af9e1d8ff00_0 .var "pay0", 7 0;
v0x5af9e1d8ffe0_0 .var "pay1", 7 0;
TD_tb_fabric.send_spine_pkt ;
    %load/vec4 v0x5af9e1d8fd30_0;
    %store/vec4 v0x5af9e1d8f7c0_0, 0, 8;
    %pushi/vec4 1, 0, 1;
    %store/vec4 v0x5af9e1d8f980_0, 0, 1;
    %pushi/vec4 0, 0, 1;
    %store/vec4 v0x5af9e1d8f8c0_0, 0, 1;
    %fork TD_tb_fabric.send_s, S_0x5af9e1d8f430;
    %join;
    %load/vec4 v0x5af9e1d8fe10_0;
    %store/vec4 v0x5af9e1d8f7c0_0, 0, 8;
    %pushi/vec4 0, 0, 1;
    %store/vec4 v0x5af9e1d8f980_0, 0, 1;
    %pushi/vec4 0, 0, 1;
    %store/vec4 v0x5af9e1d8f8c0_0, 0, 1;
    %fork TD_tb_fabric.send_s, S_0x5af9e1d8f430;
    %join;
    %load/vec4 v0x5af9e1d8fc30_0;
    %store/vec4 v0x5af9e1d8f7c0_0, 0, 8;
    %pushi/vec4 0, 0, 1;
    %store/vec4 v0x5af9e1d8f980_0, 0, 1;
    %pushi/vec4 0, 0, 1;
    %store/vec4 v0x5af9e1d8f8c0_0, 0, 1;
    %fork TD_tb_fabric.send_s, S_0x5af9e1d8f430;
    %join;
    %pushi/vec4 2, 0, 8;
    %store/vec4 v0x5af9e1d8f7c0_0, 0, 8;
    %pushi/vec4 0, 0, 1;
    %store/vec4 v0x5af9e1d8f980_0, 0, 1;
    %pushi/vec4 0, 0, 1;
    %store/vec4 v0x5af9e1d8f8c0_0, 0, 1;
    %fork TD_tb_fabric.send_s, S_0x5af9e1d8f430;
    %join;
    %pushi/vec4 0, 0, 8;
    %store/vec4 v0x5af9e1d8f7c0_0, 0, 8;
    %pushi/vec4 0, 0, 1;
    %store/vec4 v0x5af9e1d8f980_0, 0, 1;
    %pushi/vec4 0, 0, 1;
    %store/vec4 v0x5af9e1d8f8c0_0, 0, 1;
    %fork TD_tb_fabric.send_s, S_0x5af9e1d8f430;
    %join;
    %load/vec4 v0x5af9e1d8ff00_0;
    %store/vec4 v0x5af9e1d8f7c0_0, 0, 8;
    %pushi/vec4 0, 0, 1;
    %store/vec4 v0x5af9e1d8f980_0, 0, 1;
    %pushi/vec4 0, 0, 1;
    %store/vec4 v0x5af9e1d8f8c0_0, 0, 1;
    %fork TD_tb_fabric.send_s, S_0x5af9e1d8f430;
    %join;
    %load/vec4 v0x5af9e1d8ffe0_0;
    %store/vec4 v0x5af9e1d8f7c0_0, 0, 8;
    %pushi/vec4 0, 0, 1;
    %store/vec4 v0x5af9e1d8f980_0, 0, 1;
    %pushi/vec4 0, 0, 1;
    %store/vec4 v0x5af9e1d8f8c0_0, 0, 1;
    %fork TD_tb_fabric.send_s, S_0x5af9e1d8f430;
    %join;
    %pushi/vec4 13, 0, 8;
    %store/vec4 v0x5af9e1d8f7c0_0, 0, 8;
    %pushi/vec4 0, 0, 1;
    %store/vec4 v0x5af9e1d8f980_0, 0, 1;
    %pushi/vec4 0, 0, 1;
    %store/vec4 v0x5af9e1d8f8c0_0, 0, 1;
    %fork TD_tb_fabric.send_s, S_0x5af9e1d8f430;
    %join;
    %pushi/vec4 12, 0, 8;
    %store/vec4 v0x5af9e1d8f7c0_0, 0, 8;
    %pushi/vec4 0, 0, 1;
    %store/vec4 v0x5af9e1d8f980_0, 0, 1;
    %pushi/vec4 1, 0, 1;
    %store/vec4 v0x5af9e1d8f8c0_0, 0, 1;
    %fork TD_tb_fabric.send_s, S_0x5af9e1d8f430;
    %join;
    %end;
S_0x5af9e1d90110 .scope module, "snk_n1" "byte_sink" 2 93, 2 8 0, S_0x5af9e1d5de90;
 .timescale -9 -12;
    .port_info 0 /INPUT 1 "clk";
    .port_info 1 /INPUT 1 "rst_n";
    .port_info 2 /INPUT 8 "in_data";
    .port_info 3 /INPUT 1 "in_valid";
    .port_info 4 /INPUT 1 "in_sop";
    .port_info 5 /INPUT 1 "in_eop";
    .port_info 6 /OUTPUT 1 "in_ready";
    .port_info 7 /OUTPUT 16 "count";
    .port_info 8 /OUTPUT 8 "first";
    .port_info 9 /OUTPUT 8 "second";
P_0x5af9e1d902f0 .param/l "TOGGLE" 0 2 9, +C4<00000000000000000000000000000000>;
v0x5af9e1d90570_0 .net "clk", 0 0, v0x5af9e1d9cca0_0;  alias, 1 drivers
v0x5af9e1d90740_0 .var "count", 15 0;
v0x5af9e1d90820_0 .var "first", 7 0;
v0x5af9e1d90910_0 .net "in_data", 7 0, L_0x5af9e1d6ff00;  alias, 1 drivers
v0x5af9e1d90a20_0 .net "in_eop", 0 0, L_0x5af9e1da13d0;  alias, 1 drivers
v0x5af9e1d90b60_0 .var "in_ready", 0 0;
v0x5af9e1d90c50_0 .net "in_sop", 0 0, L_0x5af9e1da1280;  alias, 1 drivers
v0x5af9e1d90d40_0 .net "in_valid", 0 0, L_0x5af9e1da1180;  alias, 1 drivers
v0x5af9e1d90e30_0 .net "rst_n", 0 0, v0x5af9e1d9f3e0_0;  alias, 1 drivers
v0x5af9e1d90fe0_0 .var "second", 7 0;
S_0x5af9e1d91200 .scope module, "snk_n2" "byte_sink" 2 99, 2 8 0, S_0x5af9e1d5de90;
 .timescale -9 -12;
    .port_info 0 /INPUT 1 "clk";
    .port_info 1 /INPUT 1 "rst_n";
    .port_info 2 /INPUT 8 "in_data";
    .port_info 3 /INPUT 1 "in_valid";
    .port_info 4 /INPUT 1 "in_sop";
    .port_info 5 /INPUT 1 "in_eop";
    .port_info 6 /OUTPUT 1 "in_ready";
    .port_info 7 /OUTPUT 16 "count";
    .port_info 8 /OUTPUT 8 "first";
    .port_info 9 /OUTPUT 8 "second";
P_0x5af9e1d91390 .param/l "TOGGLE" 0 2 9, +C4<00000000000000000000000000000000>;
v0x5af9e1d91580_0 .net "clk", 0 0, v0x5af9e1d9cca0_0;  alias, 1 drivers
v0x5af9e1d91640_0 .var "count", 15 0;
v0x5af9e1d91720_0 .var "first", 7 0;
v0x5af9e1d917e0_0 .net "in_data", 7 0, L_0x5af9e1da2530;  alias, 1 drivers
v0x5af9e1d918f0_0 .net "in_eop", 0 0, L_0x5af9e1da29d0;  alias, 1 drivers
v0x5af9e1d91a30_0 .var "in_ready", 0 0;
v0x5af9e1d91b20_0 .net "in_sop", 0 0, L_0x5af9e1da2880;  alias, 1 drivers
v0x5af9e1d91c10_0 .net "in_valid", 0 0, L_0x5af9e1da2780;  alias, 1 drivers
v0x5af9e1d91d00_0 .net "rst_n", 0 0, v0x5af9e1d9f3e0_0;  alias, 1 drivers
v0x5af9e1d91da0_0 .var "second", 7 0;
S_0x5af9e1d91fc0 .scope module, "snk_node" "byte_sink" 2 174, 2 8 0, S_0x5af9e1d5de90;
 .timescale -9 -12;
    .port_info 0 /INPUT 1 "clk";
    .port_info 1 /INPUT 1 "rst_n";
    .port_info 2 /INPUT 8 "in_data";
    .port_info 3 /INPUT 1 "in_valid";
    .port_info 4 /INPUT 1 "in_sop";
    .port_info 5 /INPUT 1 "in_eop";
    .port_info 6 /OUTPUT 1 "in_ready";
    .port_info 7 /OUTPUT 16 "count";
    .port_info 8 /OUTPUT 8 "first";
    .port_info 9 /OUTPUT 8 "second";
P_0x5af9e1d92150 .param/l "TOGGLE" 0 2 9, +C4<00000000000000000000000000000000>;
v0x5af9e1d92340_0 .net "clk", 0 0, v0x5af9e1d9cca0_0;  alias, 1 drivers
v0x5af9e1d92400_0 .var "count", 15 0;
v0x5af9e1d924e0_0 .var "first", 7 0;
v0x5af9e1d925a0_0 .net "in_data", 7 0, L_0x5af9e1da44b0;  alias, 1 drivers
v0x5af9e1d926b0_0 .net "in_eop", 0 0, L_0x5af9e1da4880;  alias, 1 drivers
v0x5af9e1d927f0_0 .var "in_ready", 0 0;
v0x5af9e1d928e0_0 .net "in_sop", 0 0, L_0x5af9e1da4730;  alias, 1 drivers
v0x5af9e1d929d0_0 .net "in_valid", 0 0, L_0x5af9e1da4630;  alias, 1 drivers
v0x5af9e1d92ac0_0 .net "rst_n", 0 0, v0x5af9e1d9f3e0_0;  alias, 1 drivers
v0x5af9e1d92b60_0 .var "second", 7 0;
S_0x5af9e1d92d80 .scope module, "snk_pass" "byte_sink" 2 105, 2 8 0, S_0x5af9e1d5de90;
 .timescale -9 -12;
    .port_info 0 /INPUT 1 "clk";
    .port_info 1 /INPUT 1 "rst_n";
    .port_info 2 /INPUT 8 "in_data";
    .port_info 3 /INPUT 1 "in_valid";
    .port_info 4 /INPUT 1 "in_sop";
    .port_info 5 /INPUT 1 "in_eop";
    .port_info 6 /OUTPUT 1 "in_ready";
    .port_info 7 /OUTPUT 16 "count";
    .port_info 8 /OUTPUT 8 "first";
    .port_info 9 /OUTPUT 8 "second";
P_0x5af9e1d92f10 .param/l "TOGGLE" 0 2 9, +C4<00000000000000000000000000000000>;
v0x5af9e1d93190_0 .net "clk", 0 0, v0x5af9e1d9cca0_0;  alias, 1 drivers
v0x5af9e1d93250_0 .var "count", 15 0;
v0x5af9e1d93330_0 .var "first", 7 0;
v0x5af9e1d933f0_0 .net "in_data", 7 0, L_0x5af9e1da2b60;  alias, 1 drivers
v0x5af9e1d93500_0 .net "in_eop", 0 0, L_0x5af9e1da3000;  alias, 1 drivers
v0x5af9e1d93640_0 .var "in_ready", 0 0;
v0x5af9e1d93730_0 .net "in_sop", 0 0, L_0x5af9e1da2e90;  alias, 1 drivers
v0x5af9e1d93820_0 .net "in_valid", 0 0, L_0x5af9e1da2d90;  alias, 1 drivers
v0x5af9e1d93910_0 .net "rst_n", 0 0, v0x5af9e1d9f3e0_0;  alias, 1 drivers
v0x5af9e1d939b0_0 .var "second", 7 0;
S_0x5af9e1d93bd0 .scope module, "snk_x" "byte_sink" 2 186, 2 8 0, S_0x5af9e1d5de90;
 .timescale -9 -12;
    .port_info 0 /INPUT 1 "clk";
    .port_info 1 /INPUT 1 "rst_n";
    .port_info 2 /INPUT 8 "in_data";
    .port_info 3 /INPUT 1 "in_valid";
    .port_info 4 /INPUT 1 "in_sop";
    .port_info 5 /INPUT 1 "in_eop";
    .port_info 6 /OUTPUT 1 "in_ready";
    .port_info 7 /OUTPUT 16 "count";
    .port_info 8 /OUTPUT 8 "first";
    .port_info 9 /OUTPUT 8 "second";
P_0x5af9e1d93d60 .param/l "TOGGLE" 0 2 9, +C4<00000000000000000000000000000000>;
v0x5af9e1d93fe0_0 .net "clk", 0 0, v0x5af9e1d9cca0_0;  alias, 1 drivers
v0x5af9e1d940a0_0 .var "count", 15 0;
v0x5af9e1d94180_0 .var "first", 7 0;
v0x5af9e1d94240_0 .net "in_data", 7 0, L_0x5af9e1da5c90;  alias, 1 drivers
v0x5af9e1d94320_0 .net "in_eop", 0 0, L_0x5af9e1da6080;  alias, 1 drivers
v0x5af9e1d94430_0 .var "in_ready", 0 0;
v0x5af9e1d944f0_0 .net "in_sop", 0 0, L_0x5af9e1da5f80;  alias, 1 drivers
v0x5af9e1d945b0_0 .net "in_valid", 0 0, L_0x5af9e1da5e80;  alias, 1 drivers
v0x5af9e1d94670_0 .net "rst_n", 0 0, v0x5af9e1d9f3e0_0;  alias, 1 drivers
v0x5af9e1d94710_0 .var "second", 7 0;
S_0x5af9e1d94990 .scope module, "snk_y5" "byte_sink" 2 180, 2 8 0, S_0x5af9e1d5de90;
 .timescale -9 -12;
    .port_info 0 /INPUT 1 "clk";
    .port_info 1 /INPUT 1 "rst_n";
    .port_info 2 /INPUT 8 "in_data";
    .port_info 3 /INPUT 1 "in_valid";
    .port_info 4 /INPUT 1 "in_sop";
    .port_info 5 /INPUT 1 "in_eop";
    .port_info 6 /OUTPUT 1 "in_ready";
    .port_info 7 /OUTPUT 16 "count";
    .port_info 8 /OUTPUT 8 "first";
    .port_info 9 /OUTPUT 8 "second";
P_0x5af9e1d94c30 .param/l "TOGGLE" 0 2 9, +C4<00000000000000000000000000000001>;
v0x5af9e1d94e20_0 .net "clk", 0 0, v0x5af9e1d9cca0_0;  alias, 1 drivers
v0x5af9e1d94ee0_0 .var "count", 15 0;
v0x5af9e1d94fc0_0 .var "first", 7 0;
v0x5af9e1d95080_0 .net "in_data", 7 0, L_0x5af9e1da5610;  alias, 1 drivers
v0x5af9e1d95160_0 .net "in_eop", 0 0, L_0x5af9e1da5b00;  alias, 1 drivers
v0x5af9e1d95270_0 .var "in_ready", 0 0;
v0x5af9e1d95330_0 .net "in_sop", 0 0, L_0x5af9e1da59c0;  alias, 1 drivers
v0x5af9e1d953f0_0 .net "in_valid", 0 0, L_0x5af9e1da5870;  alias, 1 drivers
v0x5af9e1d954b0_0 .net "rst_n", 0 0, v0x5af9e1d9f3e0_0;  alias, 1 drivers
v0x5af9e1d95550_0 .var "second", 7 0;
S_0x5af9e1d957d0 .scope module, "turn2" "xy_turn" 2 133, 7 13 0, S_0x5af9e1d5de90;
 .timescale 0 0;
    .port_info 0 /INPUT 1 "clk";
    .port_info 1 /INPUT 1 "rst_n";
    .port_info 2 /INPUT 8 "xin_data";
    .port_info 3 /INPUT 1 "xin_valid";
    .port_info 4 /INPUT 1 "xin_sop";
    .port_info 5 /INPUT 1 "xin_eop";
    .port_info 6 /OUTPUT 1 "xin_ready";
    .port_info 7 /OUTPUT 8 "xout_data";
    .port_info 8 /OUTPUT 1 "xout_valid";
    .port_info 9 /OUTPUT 1 "xout_sop";
    .port_info 10 /OUTPUT 1 "xout_eop";
    .port_info 11 /INPUT 1 "xout_ready";
    .port_info 12 /OUTPUT 8 "yout_data";
    .port_info 13 /OUTPUT 1 "yout_valid";
    .port_info 14 /OUTPUT 1 "yout_sop";
    .port_info 15 /OUTPUT 1 "yout_eop";
    .port_info 16 /INPUT 1 "yout_ready";
P_0x5af9e1d95960 .param/l "LOCAL_X" 0 7 14, C4<0010>;
v0x5af9e1d97f30_0 .net "clk", 0 0, v0x5af9e1d9cca0_0;  alias, 1 drivers
v0x5af9e1d97ff0_0 .net "rst_n", 0 0, v0x5af9e1d9f3e0_0;  alias, 1 drivers
v0x5af9e1d980b0_0 .net "xin_data", 7 0, v0x5af9e1d9c740_0;  1 drivers
v0x5af9e1d98150_0 .net "xin_eop", 0 0, v0x5af9e1d9c870_0;  1 drivers
v0x5af9e1d981f0_0 .net "xin_ready", 0 0, L_0x5af9e1da3fc0;  alias, 1 drivers
v0x5af9e1d982e0_0 .net "xin_sop", 0 0, v0x5af9e1d9ca70_0;  1 drivers
v0x5af9e1d98380_0 .net "xin_valid", 0 0, v0x5af9e1d9cb60_0;  1 drivers
v0x5af9e1d98420_0 .net "xout_data", 7 0, L_0x5af9e1da39b0;  alias, 1 drivers
v0x5af9e1d98510_0 .net "xout_eop", 0 0, L_0x5af9e1da3e30;  alias, 1 drivers
v0x5af9e1d985b0_0 .net "xout_ready", 0 0, L_0x5af9e1da51d0;  alias, 1 drivers
v0x5af9e1d986a0_0 .net "xout_sop", 0 0, L_0x5af9e1da3d30;  alias, 1 drivers
v0x5af9e1d98790_0 .net "xout_valid", 0 0, L_0x5af9e1da3ba0;  alias, 1 drivers
v0x5af9e1d98880_0 .net "yout_data", 7 0, L_0x5af9e1da3580;  alias, 1 drivers
v0x5af9e1d98920_0 .net "yout_eop", 0 0, L_0x5af9e1da3940;  alias, 1 drivers
v0x5af9e1d989c0_0 .net "yout_ready", 0 0, L_0x5af9e1da4f70;  alias, 1 drivers
v0x5af9e1d98a60_0 .net "yout_sop", 0 0, L_0x5af9e1da3800;  alias, 1 drivers
v0x5af9e1d98b00_0 .net "yout_valid", 0 0, L_0x5af9e1da3790;  alias, 1 drivers
S_0x5af9e1d95d00 .scope module, "gate" "flit_gate" 7 45, 4 17 0, S_0x5af9e1d957d0;
 .timescale 0 0;
    .port_info 0 /INPUT 1 "clk";
    .port_info 1 /INPUT 1 "rst_n";
    .port_info 2 /INPUT 8 "in_data";
    .port_info 3 /INPUT 1 "in_valid";
    .port_info 4 /INPUT 1 "in_sop";
    .port_info 5 /INPUT 1 "in_eop";
    .port_info 6 /OUTPUT 1 "in_ready";
    .port_info 7 /OUTPUT 8 "match_data";
    .port_info 8 /OUTPUT 1 "match_valid";
    .port_info 9 /OUTPUT 1 "match_sop";
    .port_info 10 /OUTPUT 1 "match_eop";
    .port_info 11 /INPUT 1 "match_ready";
    .port_info 12 /OUTPUT 8 "pass_data";
    .port_info 13 /OUTPUT 1 "pass_valid";
    .port_info 14 /OUTPUT 1 "pass_sop";
    .port_info 15 /OUTPUT 1 "pass_eop";
    .port_info 16 /INPUT 1 "pass_ready";
P_0x5af9e1d95ee0 .param/l "MATCH_MASK" 0 4 19, C4<11110000>;
P_0x5af9e1d95f20 .param/l "MATCH_VALUE" 0 4 18, C4<00100000>;
P_0x5af9e1d95f60 .param/l "STRIP_ON_MATCH" 0 4 20, +C4<00000000000000000000000000000000>;
L_0x743029cbf2e8 .functor BUFT 1, C4<00100000>, C4<0>, C4<0>, C4<0>;
L_0x5af9e1da3360 .functor XOR 8, v0x5af9e1d9c740_0, L_0x743029cbf2e8, C4<00000000>, C4<00000000>;
L_0x743029cbf330 .functor BUFT 1, C4<11110000>, C4<0>, C4<0>, C4<0>;
L_0x5af9e1da33d0 .functor AND 8, L_0x5af9e1da3360, L_0x743029cbf330, C4<11111111>, C4<11111111>;
L_0x5af9e1da3580 .functor BUFZ 8, v0x5af9e1d9c740_0, C4<00000000>, C4<00000000>, C4<00000000>;
L_0x5af9e1da3680 .functor AND 1, v0x5af9e1d9cb60_0, L_0x5af9e1da34e0, C4<1>, C4<1>;
L_0x5af9e1da3790 .functor AND 1, L_0x5af9e1da3680, L_0x5af9e1da36f0, C4<1>, C4<1>;
L_0x5af9e1da3800 .functor BUFZ 1, v0x5af9e1d9ca70_0, C4<0>, C4<0>, C4<0>;
L_0x5af9e1da3940 .functor BUFZ 1, v0x5af9e1d9c870_0, C4<0>, C4<0>, C4<0>;
L_0x5af9e1da39b0 .functor BUFZ 8, v0x5af9e1d9c740_0, C4<00000000>, C4<00000000>, C4<00000000>;
L_0x5af9e1da3ba0 .functor AND 1, v0x5af9e1d9cb60_0, L_0x5af9e1da3b00, C4<1>, C4<1>;
L_0x5af9e1da3d30 .functor BUFZ 1, v0x5af9e1d9ca70_0, C4<0>, C4<0>, C4<0>;
L_0x5af9e1da3e30 .functor BUFZ 1, v0x5af9e1d9c870_0, C4<0>, C4<0>, C4<0>;
L_0x5af9e1da6360 .functor BUFT 1, L_0x5af9e1da4f70, C4<0>, C4<0>, C4<0>;
v0x5af9e1d963a0_0 .net/2u *"_ivl_0", 7 0, L_0x743029cbf2e8;  1 drivers
v0x5af9e1d964a0_0 .net *"_ivl_19", 0 0, L_0x5af9e1da3680;  1 drivers
v0x5af9e1d96560_0 .net *"_ivl_2", 7 0, L_0x5af9e1da3360;  1 drivers
v0x5af9e1d96620_0 .net *"_ivl_21", 0 0, L_0x5af9e1da36f0;  1 drivers
v0x5af9e1d966e0_0 .net *"_ivl_31", 0 0, L_0x5af9e1da3b00;  1 drivers
v0x5af9e1d967f0_0 .net/2u *"_ivl_4", 7 0, L_0x743029cbf330;  1 drivers
v0x5af9e1d968d0_0 .net *"_ivl_40", 0 0, L_0x5af9e1da6360;  1 drivers
v0x5af9e1d969b0_0 .net *"_ivl_6", 7 0, L_0x5af9e1da33d0;  1 drivers
L_0x743029cbf378 .functor BUFT 1, C4<00000000>, C4<0>, C4<0>, C4<0>;
v0x5af9e1d96a90_0 .net/2u *"_ivl_8", 7 0, L_0x743029cbf378;  1 drivers
v0x5af9e1d96c00_0 .net "clk", 0 0, v0x5af9e1d9cca0_0;  alias, 1 drivers
v0x5af9e1d96ca0_0 .net "cmp_match", 0 0, L_0x5af9e1da3440;  1 drivers
v0x5af9e1d96d60_0 .net "in_data", 7 0, v0x5af9e1d9c740_0;  alias, 1 drivers
v0x5af9e1d96e40_0 .net "in_eop", 0 0, v0x5af9e1d9c870_0;  alias, 1 drivers
v0x5af9e1d96f00_0 .net "in_ready", 0 0, L_0x5af9e1da3fc0;  alias, 1 drivers
v0x5af9e1d96fc0_0 .net "in_sop", 0 0, v0x5af9e1d9ca70_0;  alias, 1 drivers
v0x5af9e1d97080_0 .net "in_valid", 0 0, v0x5af9e1d9cb60_0;  alias, 1 drivers
v0x5af9e1d97140_0 .net "match_data", 7 0, L_0x5af9e1da3580;  alias, 1 drivers
L_0x743029cbf3c0 .functor BUFT 1, C4<0>, C4<0>, C4<0>, C4<0>;
v0x5af9e1d97310_0 .net "match_drop", 0 0, L_0x743029cbf3c0;  1 drivers
v0x5af9e1d973d0_0 .net "match_eop", 0 0, L_0x5af9e1da3940;  alias, 1 drivers
v0x5af9e1d974c0_0 .net "match_ready", 0 0, L_0x5af9e1da4f70;  alias, 1 drivers
v0x5af9e1d975b0_0 .net "match_sop", 0 0, L_0x5af9e1da3800;  alias, 1 drivers
v0x5af9e1d976a0_0 .net "match_valid", 0 0, L_0x5af9e1da3790;  alias, 1 drivers
v0x5af9e1d97790_0 .net "pass_data", 7 0, L_0x5af9e1da39b0;  alias, 1 drivers
v0x5af9e1d97850_0 .net "pass_eop", 0 0, L_0x5af9e1da3e30;  alias, 1 drivers
v0x5af9e1d978f0_0 .net "pass_ready", 0 0, L_0x5af9e1da51d0;  alias, 1 drivers
v0x5af9e1d97990_0 .net "pass_sop", 0 0, L_0x5af9e1da3d30;  alias, 1 drivers
v0x5af9e1d97a30_0 .net "pass_valid", 0 0, L_0x5af9e1da3ba0;  alias, 1 drivers
v0x5af9e1d97ad0_0 .net "route_match", 0 0, L_0x5af9e1da34e0;  1 drivers
v0x5af9e1d97b70_0 .var "route_match_q", 0 0;
v0x5af9e1d97c10_0 .net "rst_n", 0 0, v0x5af9e1d9f3e0_0;  alias, 1 drivers
v0x5af9e1d97cb0_0 .var "strip_next_q", 0 0;
L_0x5af9e1da3440 .cmp/eq 8, L_0x5af9e1da33d0, L_0x743029cbf378;
L_0x5af9e1da34e0 .functor MUXZ 1, v0x5af9e1d97b70_0, L_0x5af9e1da3440, v0x5af9e1d9ca70_0, C4<>;
L_0x5af9e1da36f0 .reduce/nor L_0x743029cbf3c0;
L_0x5af9e1da3b00 .reduce/nor L_0x5af9e1da34e0;
L_0x5af9e1da3fc0 .functor MUXZ 1, L_0x5af9e1da51d0, L_0x5af9e1da6360, L_0x5af9e1da34e0, C4<>;
S_0x5af9e1d98e50 .scope module, "turn5" "xy_turn" 2 164, 7 13 0, S_0x5af9e1d5de90;
 .timescale 0 0;
    .port_info 0 /INPUT 1 "clk";
    .port_info 1 /INPUT 1 "rst_n";
    .port_info 2 /INPUT 8 "xin_data";
    .port_info 3 /INPUT 1 "xin_valid";
    .port_info 4 /INPUT 1 "xin_sop";
    .port_info 5 /INPUT 1 "xin_eop";
    .port_info 6 /OUTPUT 1 "xin_ready";
    .port_info 7 /OUTPUT 8 "xout_data";
    .port_info 8 /OUTPUT 1 "xout_valid";
    .port_info 9 /OUTPUT 1 "xout_sop";
    .port_info 10 /OUTPUT 1 "xout_eop";
    .port_info 11 /INPUT 1 "xout_ready";
    .port_info 12 /OUTPUT 8 "yout_data";
    .port_info 13 /OUTPUT 1 "yout_valid";
    .port_info 14 /OUTPUT 1 "yout_sop";
    .port_info 15 /OUTPUT 1 "yout_eop";
    .port_info 16 /INPUT 1 "yout_ready";
P_0x5af9e1d99030 .param/l "LOCAL_X" 0 7 14, C4<0101>;
v0x5af9e1d9b590_0 .net "clk", 0 0, v0x5af9e1d9cca0_0;  alias, 1 drivers
v0x5af9e1d9b650_0 .net "rst_n", 0 0, v0x5af9e1d9f3e0_0;  alias, 1 drivers
v0x5af9e1d9b710_0 .net "xin_data", 7 0, v0x5af9e1d86f80_0;  alias, 1 drivers
v0x5af9e1d9b7e0_0 .net "xin_eop", 0 0, v0x5af9e1d87060_0;  alias, 1 drivers
v0x5af9e1d9b8d0_0 .net "xin_ready", 0 0, L_0x5af9e1da6180;  alias, 1 drivers
v0x5af9e1d9ba10_0 .net "xin_sop", 0 0, v0x5af9e1d871e0_0;  alias, 1 drivers
v0x5af9e1d9bb00_0 .net "xin_valid", 0 0, v0x5af9e1d872a0_0;  alias, 1 drivers
v0x5af9e1d9bbf0_0 .net "xout_data", 7 0, L_0x5af9e1da5c90;  alias, 1 drivers
v0x5af9e1d9bce0_0 .net "xout_eop", 0 0, L_0x5af9e1da6080;  alias, 1 drivers
v0x5af9e1d9bd80_0 .net "xout_ready", 0 0, v0x5af9e1d94430_0;  alias, 1 drivers
v0x5af9e1d9be70_0 .net "xout_sop", 0 0, L_0x5af9e1da5f80;  alias, 1 drivers
v0x5af9e1d9bf60_0 .net "xout_valid", 0 0, L_0x5af9e1da5e80;  alias, 1 drivers
v0x5af9e1d9c050_0 .net "yout_data", 7 0, L_0x5af9e1da5610;  alias, 1 drivers
v0x5af9e1d9c160_0 .net "yout_eop", 0 0, L_0x5af9e1da5b00;  alias, 1 drivers
v0x5af9e1d9c250_0 .net "yout_ready", 0 0, v0x5af9e1d95270_0;  alias, 1 drivers
v0x5af9e1d9c340_0 .net "yout_sop", 0 0, L_0x5af9e1da59c0;  alias, 1 drivers
v0x5af9e1d9c430_0 .net "yout_valid", 0 0, L_0x5af9e1da5870;  alias, 1 drivers
S_0x5af9e1d99340 .scope module, "gate" "flit_gate" 7 45, 4 17 0, S_0x5af9e1d98e50;
 .timescale 0 0;
    .port_info 0 /INPUT 1 "clk";
    .port_info 1 /INPUT 1 "rst_n";
    .port_info 2 /INPUT 8 "in_data";
    .port_info 3 /INPUT 1 "in_valid";
    .port_info 4 /INPUT 1 "in_sop";
    .port_info 5 /INPUT 1 "in_eop";
    .port_info 6 /OUTPUT 1 "in_ready";
    .port_info 7 /OUTPUT 8 "match_data";
    .port_info 8 /OUTPUT 1 "match_valid";
    .port_info 9 /OUTPUT 1 "match_sop";
    .port_info 10 /OUTPUT 1 "match_eop";
    .port_info 11 /INPUT 1 "match_ready";
    .port_info 12 /OUTPUT 8 "pass_data";
    .port_info 13 /OUTPUT 1 "pass_valid";
    .port_info 14 /OUTPUT 1 "pass_sop";
    .port_info 15 /OUTPUT 1 "pass_eop";
    .port_info 16 /INPUT 1 "pass_ready";
P_0x5af9e1d99520 .param/l "MATCH_MASK" 0 4 19, C4<11110000>;
P_0x5af9e1d99560 .param/l "MATCH_VALUE" 0 4 18, C4<01010000>;
P_0x5af9e1d995a0 .param/l "STRIP_ON_MATCH" 0 4 20, +C4<00000000000000000000000000000000>;
L_0x743029cbf5b8 .functor BUFT 1, C4<01010000>, C4<0>, C4<0>, C4<0>;
L_0x5af9e1da52d0 .functor XOR 8, v0x5af9e1d86f80_0, L_0x743029cbf5b8, C4<00000000>, C4<00000000>;
L_0x743029cbf600 .functor BUFT 1, C4<11110000>, C4<0>, C4<0>, C4<0>;
L_0x5af9e1da53d0 .functor AND 8, L_0x5af9e1da52d0, L_0x743029cbf600, C4<11111111>, C4<11111111>;
L_0x5af9e1da5610 .functor BUFZ 8, v0x5af9e1d86f80_0, C4<00000000>, C4<00000000>, C4<00000000>;
L_0x5af9e1da5710 .functor AND 1, v0x5af9e1d872a0_0, L_0x5af9e1da54e0, C4<1>, C4<1>;
L_0x5af9e1da5870 .functor AND 1, L_0x5af9e1da5710, L_0x5af9e1da5780, C4<1>, C4<1>;
L_0x5af9e1da59c0 .functor BUFZ 1, v0x5af9e1d871e0_0, C4<0>, C4<0>, C4<0>;
L_0x5af9e1da5b00 .functor BUFZ 1, v0x5af9e1d87060_0, C4<0>, C4<0>, C4<0>;
L_0x5af9e1da5c90 .functor BUFZ 8, v0x5af9e1d86f80_0, C4<00000000>, C4<00000000>, C4<00000000>;
L_0x5af9e1da5e80 .functor AND 1, v0x5af9e1d872a0_0, L_0x5af9e1da5de0, C4<1>, C4<1>;
L_0x5af9e1da5f80 .functor BUFZ 1, v0x5af9e1d871e0_0, C4<0>, C4<0>, C4<0>;
L_0x5af9e1da6080 .functor BUFZ 1, v0x5af9e1d87060_0, C4<0>, C4<0>, C4<0>;
L_0x5af9e1da6440 .functor BUFT 1, v0x5af9e1d95270_0, C4<0>, C4<0>, C4<0>;
v0x5af9e1d999e0_0 .net/2u *"_ivl_0", 7 0, L_0x743029cbf5b8;  1 drivers
v0x5af9e1d99ae0_0 .net *"_ivl_19", 0 0, L_0x5af9e1da5710;  1 drivers
v0x5af9e1d99ba0_0 .net *"_ivl_2", 7 0, L_0x5af9e1da52d0;  1 drivers
v0x5af9e1d99c60_0 .net *"_ivl_21", 0 0, L_0x5af9e1da5780;  1 drivers
v0x5af9e1d99d20_0 .net *"_ivl_31", 0 0, L_0x5af9e1da5de0;  1 drivers
v0x5af9e1d99e30_0 .net/2u *"_ivl_4", 7 0, L_0x743029cbf600;  1 drivers
v0x5af9e1d99f10_0 .net *"_ivl_40", 0 0, L_0x5af9e1da6440;  1 drivers
v0x5af9e1d99ff0_0 .net *"_ivl_6", 7 0, L_0x5af9e1da53d0;  1 drivers
L_0x743029cbf648 .functor BUFT 1, C4<00000000>, C4<0>, C4<0>, C4<0>;
v0x5af9e1d9a0d0_0 .net/2u *"_ivl_8", 7 0, L_0x743029cbf648;  1 drivers
v0x5af9e1d9a240_0 .net "clk", 0 0, v0x5af9e1d9cca0_0;  alias, 1 drivers
v0x5af9e1d9a4f0_0 .net "cmp_match", 0 0, L_0x5af9e1da5440;  1 drivers
v0x5af9e1d9a5b0_0 .net "in_data", 7 0, v0x5af9e1d86f80_0;  alias, 1 drivers
v0x5af9e1d9a670_0 .net "in_eop", 0 0, v0x5af9e1d87060_0;  alias, 1 drivers
v0x5af9e1d9a710_0 .net "in_ready", 0 0, L_0x5af9e1da6180;  alias, 1 drivers
v0x5af9e1d9a7b0_0 .net "in_sop", 0 0, v0x5af9e1d871e0_0;  alias, 1 drivers
v0x5af9e1d9a850_0 .net "in_valid", 0 0, v0x5af9e1d872a0_0;  alias, 1 drivers
v0x5af9e1d9a8f0_0 .net "match_data", 7 0, L_0x5af9e1da5610;  alias, 1 drivers
L_0x743029cbf690 .functor BUFT 1, C4<0>, C4<0>, C4<0>, C4<0>;
v0x5af9e1d9a990_0 .net "match_drop", 0 0, L_0x743029cbf690;  1 drivers
v0x5af9e1d9aa30_0 .net "match_eop", 0 0, L_0x5af9e1da5b00;  alias, 1 drivers
v0x5af9e1d9aad0_0 .net "match_ready", 0 0, v0x5af9e1d95270_0;  alias, 1 drivers
v0x5af9e1d9ab70_0 .net "match_sop", 0 0, L_0x5af9e1da59c0;  alias, 1 drivers
v0x5af9e1d9ac10_0 .net "match_valid", 0 0, L_0x5af9e1da5870;  alias, 1 drivers
v0x5af9e1d9acb0_0 .net "pass_data", 7 0, L_0x5af9e1da5c90;  alias, 1 drivers
v0x5af9e1d9ad50_0 .net "pass_eop", 0 0, L_0x5af9e1da6080;  alias, 1 drivers
v0x5af9e1d9adf0_0 .net "pass_ready", 0 0, v0x5af9e1d94430_0;  alias, 1 drivers
v0x5af9e1d9ae90_0 .net "pass_sop", 0 0, L_0x5af9e1da5f80;  alias, 1 drivers
v0x5af9e1d9af30_0 .net "pass_valid", 0 0, L_0x5af9e1da5e80;  alias, 1 drivers
v0x5af9e1d9b000_0 .net "route_match", 0 0, L_0x5af9e1da54e0;  1 drivers
v0x5af9e1d9b0a0_0 .var "route_match_q", 0 0;
v0x5af9e1d9b140_0 .net "rst_n", 0 0, v0x5af9e1d9f3e0_0;  alias, 1 drivers
v0x5af9e1d9b3f0_0 .var "strip_next_q", 0 0;
L_0x5af9e1da5440 .cmp/eq 8, L_0x5af9e1da53d0, L_0x743029cbf648;
L_0x5af9e1da54e0 .functor MUXZ 1, v0x5af9e1d9b0a0_0, L_0x5af9e1da5440, v0x5af9e1d871e0_0, C4<>;
L_0x5af9e1da5780 .reduce/nor L_0x743029cbf690;
L_0x5af9e1da5de0 .reduce/nor L_0x5af9e1da54e0;
L_0x5af9e1da6180 .functor MUXZ 1, v0x5af9e1d94430_0, L_0x5af9e1da6440, L_0x5af9e1da54e0, C4<>;
    .scope S_0x5af9e1d87a20;
T_6 ;
    %wait E_0x5af9e1cdb590;
    %load/vec4 v0x5af9e1d89ab0_0;
    %nor/r;
    %flag_set/vec4 8;
    %jmp/0xz  T_6.0, 8;
    %pushi/vec4 0, 0, 1;
    %assign/vec4 v0x5af9e1d89a10_0, 0;
    %jmp T_6.1;
T_6.0 ;
    %load/vec4 v0x5af9e1d89040_0;
    %flag_set/vec4 10;
    %flag_get/vec4 10;
    %jmp/0 T_6.5, 10;
    %load/vec4 v0x5af9e1d88ec0_0;
    %and;
T_6.5;
    %flag_set/vec4 9;
    %flag_get/vec4 9;
    %jmp/0 T_6.4, 9;
    %load/vec4 v0x5af9e1d88f80_0;
    %and;
T_6.4;
    %flag_set/vec4 8;
    %jmp/0xz  T_6.2, 8;
    %load/vec4 v0x5af9e1d88c60_0;
    %assign/vec4 v0x5af9e1d89a10_0, 0;
T_6.2 ;
T_6.1 ;
    %jmp T_6;
    .thread T_6;
    .scope S_0x5af9e1d87a20;
T_7 ;
    %wait E_0x5af9e1cdb590;
    %load/vec4 v0x5af9e1d89ab0_0;
    %nor/r;
    %flag_set/vec4 8;
    %jmp/0xz  T_7.0, 8;
    %pushi/vec4 0, 0, 1;
    %assign/vec4 v0x5af9e1d89d60_0, 0;
    %jmp T_7.1;
T_7.0 ;
    %load/vec4 v0x5af9e1d89040_0;
    %flag_set/vec4 9;
    %flag_get/vec4 9;
    %jmp/0 T_7.4, 9;
    %load/vec4 v0x5af9e1d88ec0_0;
    %and;
T_7.4;
    %flag_set/vec4 8;
    %jmp/0xz  T_7.2, 8;
    %load/vec4 v0x5af9e1d88f80_0;
    %flag_set/vec4 10;
    %flag_get/vec4 10;
    %jmp/0 T_7.8, 10;
    %load/vec4 v0x5af9e1d89970_0;
    %and;
T_7.8;
    %flag_set/vec4 9;
    %flag_get/vec4 9;
    %jmp/0 T_7.7, 9;
    %pushi/vec4 1, 0, 1;
    %and;
T_7.7;
    %flag_set/vec4 8;
    %jmp/0xz  T_7.5, 8;
    %pushi/vec4 1, 0, 1;
    %assign/vec4 v0x5af9e1d89d60_0, 0;
    %jmp T_7.6;
T_7.5 ;
    %load/vec4 v0x5af9e1d89970_0;
    %flag_set/vec4 8;
    %jmp/0xz  T_7.9, 8;
    %pushi/vec4 0, 0, 1;
    %assign/vec4 v0x5af9e1d89d60_0, 0;
T_7.9 ;
T_7.6 ;
T_7.2 ;
T_7.1 ;
    %jmp T_7;
    .thread T_7;
    .scope S_0x5af9e1d85730;
T_8 ;
    %wait E_0x5af9e1cdb590;
    %load/vec4 v0x5af9e1d86410_0;
    %nor/r;
    %flag_set/vec4 8;
    %jmp/0xz  T_8.0, 8;
    %pushi/vec4 0, 0, 1;
    %assign/vec4 v0x5af9e1d86350_0, 0;
    %pushi/vec4 0, 0, 1;
    %assign/vec4 v0x5af9e1d86290_0, 0;
    %pushi/vec4 0, 0, 1;
    %assign/vec4 v0x5af9e1d86110_0, 0;
    %pushi/vec4 0, 0, 8;
    %assign/vec4 v0x5af9e1d86030_0, 0;
    %jmp T_8.1;
T_8.0 ;
    %load/vec4 v0x5af9e1d85da0_0;
    %flag_set/vec4 8;
    %jmp/0xz  T_8.2, 8;
    %load/vec4 v0x5af9e1d85f70_0;
    %assign/vec4 v0x5af9e1d86350_0, 0;
    %load/vec4 v0x5af9e1d85c40_0;
    %assign/vec4 v0x5af9e1d86030_0, 0;
    %load/vec4 v0x5af9e1d85eb0_0;
    %assign/vec4 v0x5af9e1d86290_0, 0;
    %load/vec4 v0x5af9e1d85ce0_0;
    %assign/vec4 v0x5af9e1d86110_0, 0;
T_8.2 ;
T_8.1 ;
    %jmp T_8;
    .thread T_8;
    .scope S_0x5af9e1d8b450;
T_9 ;
    %wait E_0x5af9e1cdb590;
    %load/vec4 v0x5af9e1d8d530_0;
    %nor/r;
    %flag_set/vec4 8;
    %jmp/0xz  T_9.0, 8;
    %pushi/vec4 0, 0, 1;
    %assign/vec4 v0x5af9e1d8d470_0, 0;
    %jmp T_9.1;
T_9.0 ;
    %load/vec4 v0x5af9e1d8cb00_0;
    %flag_set/vec4 10;
    %flag_get/vec4 10;
    %jmp/0 T_9.5, 10;
    %load/vec4 v0x5af9e1d8c8b0_0;
    %and;
T_9.5;
    %flag_set/vec4 9;
    %flag_get/vec4 9;
    %jmp/0 T_9.4, 9;
    %load/vec4 v0x5af9e1d8ca60_0;
    %and;
T_9.4;
    %flag_set/vec4 8;
    %jmp/0xz  T_9.2, 8;
    %load/vec4 v0x5af9e1d8c690_0;
    %assign/vec4 v0x5af9e1d8d470_0, 0;
T_9.2 ;
T_9.1 ;
    %jmp T_9;
    .thread T_9;
    .scope S_0x5af9e1d8b450;
T_10 ;
    %wait E_0x5af9e1cdb590;
    %load/vec4 v0x5af9e1d8d530_0;
    %nor/r;
    %flag_set/vec4 8;
    %jmp/0xz  T_10.0, 8;
    %pushi/vec4 0, 0, 1;
    %assign/vec4 v0x5af9e1d8d7e0_0, 0;
    %jmp T_10.1;
T_10.0 ;
    %load/vec4 v0x5af9e1d8cb00_0;
    %flag_set/vec4 9;
    %flag_get/vec4 9;
    %jmp/0 T_10.4, 9;
    %load/vec4 v0x5af9e1d8c8b0_0;
    %and;
T_10.4;
    %flag_set/vec4 8;
    %jmp/0xz  T_10.2, 8;
    %load/vec4 v0x5af9e1d8ca60_0;
    %flag_set/vec4 10;
    %flag_get/vec4 10;
    %jmp/0 T_10.8, 10;
    %load/vec4 v0x5af9e1d8d3b0_0;
    %and;
T_10.8;
    %flag_set/vec4 9;
    %flag_get/vec4 9;
    %jmp/0 T_10.7, 9;
    %pushi/vec4 1, 0, 1;
    %and;
T_10.7;
    %flag_set/vec4 8;
    %jmp/0xz  T_10.5, 8;
    %pushi/vec4 1, 0, 1;
    %assign/vec4 v0x5af9e1d8d7e0_0, 0;
    %jmp T_10.6;
T_10.5 ;
    %load/vec4 v0x5af9e1d8d3b0_0;
    %flag_set/vec4 8;
    %jmp/0xz  T_10.9, 8;
    %pushi/vec4 0, 0, 1;
    %assign/vec4 v0x5af9e1d8d7e0_0, 0;
T_10.9 ;
T_10.6 ;
T_10.2 ;
T_10.1 ;
    %jmp T_10;
    .thread T_10;
    .scope S_0x5af9e1d90110;
T_11 ;
    %wait E_0x5af9e1cdb590;
    %load/vec4 v0x5af9e1d90e30_0;
    %nor/r;
    %flag_set/vec4 8;
    %jmp/0xz  T_11.0, 8;
    %pushi/vec4 1, 0, 1;
    %assign/vec4 v0x5af9e1d90b60_0, 0;
    %pushi/vec4 0, 0, 16;
    %assign/vec4 v0x5af9e1d90740_0, 0;
    %pushi/vec4 255, 255, 8;
    %assign/vec4 v0x5af9e1d90820_0, 0;
    %pushi/vec4 255, 255, 8;
    %assign/vec4 v0x5af9e1d90fe0_0, 0;
    %jmp T_11.1;
T_11.0 ;
    %load/vec4 v0x5af9e1d90d40_0;
    %flag_set/vec4 9;
    %flag_get/vec4 9;
    %jmp/0 T_11.4, 9;
    %load/vec4 v0x5af9e1d90b60_0;
    %and;
T_11.4;
    %flag_set/vec4 8;
    %jmp/0xz  T_11.2, 8;
    %load/vec4 v0x5af9e1d90740_0;
    %cmpi/e 0, 0, 16;
    %jmp/0xz  T_11.5, 4;
    %load/vec4 v0x5af9e1d90910_0;
    %assign/vec4 v0x5af9e1d90820_0, 0;
T_11.5 ;
    %load/vec4 v0x5af9e1d90740_0;
    %cmpi/e 1, 0, 16;
    %jmp/0xz  T_11.7, 4;
    %load/vec4 v0x5af9e1d90910_0;
    %assign/vec4 v0x5af9e1d90fe0_0, 0;
T_11.7 ;
    %load/vec4 v0x5af9e1d90740_0;
    %addi 1, 0, 16;
    %assign/vec4 v0x5af9e1d90740_0, 0;
T_11.2 ;
T_11.1 ;
    %jmp T_11;
    .thread T_11;
    .scope S_0x5af9e1d91200;
T_12 ;
    %wait E_0x5af9e1cdb590;
    %load/vec4 v0x5af9e1d91d00_0;
    %nor/r;
    %flag_set/vec4 8;
    %jmp/0xz  T_12.0, 8;
    %pushi/vec4 1, 0, 1;
    %assign/vec4 v0x5af9e1d91a30_0, 0;
    %pushi/vec4 0, 0, 16;
    %assign/vec4 v0x5af9e1d91640_0, 0;
    %pushi/vec4 255, 255, 8;
    %assign/vec4 v0x5af9e1d91720_0, 0;
    %pushi/vec4 255, 255, 8;
    %assign/vec4 v0x5af9e1d91da0_0, 0;
    %jmp T_12.1;
T_12.0 ;
    %load/vec4 v0x5af9e1d91c10_0;
    %flag_set/vec4 9;
    %flag_get/vec4 9;
    %jmp/0 T_12.4, 9;
    %load/vec4 v0x5af9e1d91a30_0;
    %and;
T_12.4;
    %flag_set/vec4 8;
    %jmp/0xz  T_12.2, 8;
    %load/vec4 v0x5af9e1d91640_0;
    %cmpi/e 0, 0, 16;
    %jmp/0xz  T_12.5, 4;
    %load/vec4 v0x5af9e1d917e0_0;
    %assign/vec4 v0x5af9e1d91720_0, 0;
T_12.5 ;
    %load/vec4 v0x5af9e1d91640_0;
    %cmpi/e 1, 0, 16;
    %jmp/0xz  T_12.7, 4;
    %load/vec4 v0x5af9e1d917e0_0;
    %assign/vec4 v0x5af9e1d91da0_0, 0;
T_12.7 ;
    %load/vec4 v0x5af9e1d91640_0;
    %addi 1, 0, 16;
    %assign/vec4 v0x5af9e1d91640_0, 0;
T_12.2 ;
T_12.1 ;
    %jmp T_12;
    .thread T_12;
    .scope S_0x5af9e1d92d80;
T_13 ;
    %wait E_0x5af9e1cdb590;
    %load/vec4 v0x5af9e1d93910_0;
    %nor/r;
    %flag_set/vec4 8;
    %jmp/0xz  T_13.0, 8;
    %pushi/vec4 1, 0, 1;
    %assign/vec4 v0x5af9e1d93640_0, 0;
    %pushi/vec4 0, 0, 16;
    %assign/vec4 v0x5af9e1d93250_0, 0;
    %pushi/vec4 255, 255, 8;
    %assign/vec4 v0x5af9e1d93330_0, 0;
    %pushi/vec4 255, 255, 8;
    %assign/vec4 v0x5af9e1d939b0_0, 0;
    %jmp T_13.1;
T_13.0 ;
    %load/vec4 v0x5af9e1d93820_0;
    %flag_set/vec4 9;
    %flag_get/vec4 9;
    %jmp/0 T_13.4, 9;
    %load/vec4 v0x5af9e1d93640_0;
    %and;
T_13.4;
    %flag_set/vec4 8;
    %jmp/0xz  T_13.2, 8;
    %load/vec4 v0x5af9e1d93250_0;
    %cmpi/e 0, 0, 16;
    %jmp/0xz  T_13.5, 4;
    %load/vec4 v0x5af9e1d933f0_0;
    %assign/vec4 v0x5af9e1d93330_0, 0;
T_13.5 ;
    %load/vec4 v0x5af9e1d93250_0;
    %cmpi/e 1, 0, 16;
    %jmp/0xz  T_13.7, 4;
    %load/vec4 v0x5af9e1d933f0_0;
    %assign/vec4 v0x5af9e1d939b0_0, 0;
T_13.7 ;
    %load/vec4 v0x5af9e1d93250_0;
    %addi 1, 0, 16;
    %assign/vec4 v0x5af9e1d93250_0, 0;
T_13.2 ;
T_13.1 ;
    %jmp T_13;
    .thread T_13;
    .scope S_0x5af9e1d95d00;
T_14 ;
    %wait E_0x5af9e1cdb590;
    %load/vec4 v0x5af9e1d97c10_0;
    %nor/r;
    %flag_set/vec4 8;
    %jmp/0xz  T_14.0, 8;
    %pushi/vec4 0, 0, 1;
    %assign/vec4 v0x5af9e1d97b70_0, 0;
    %jmp T_14.1;
T_14.0 ;
    %load/vec4 v0x5af9e1d97080_0;
    %flag_set/vec4 10;
    %flag_get/vec4 10;
    %jmp/0 T_14.5, 10;
    %load/vec4 v0x5af9e1d96f00_0;
    %and;
T_14.5;
    %flag_set/vec4 9;
    %flag_get/vec4 9;
    %jmp/0 T_14.4, 9;
    %load/vec4 v0x5af9e1d96fc0_0;
    %and;
T_14.4;
    %flag_set/vec4 8;
    %jmp/0xz  T_14.2, 8;
    %load/vec4 v0x5af9e1d96ca0_0;
    %assign/vec4 v0x5af9e1d97b70_0, 0;
T_14.2 ;
T_14.1 ;
    %jmp T_14;
    .thread T_14;
    .scope S_0x5af9e1d95d00;
T_15 ;
    %wait E_0x5af9e1cdb590;
    %load/vec4 v0x5af9e1d97c10_0;
    %nor/r;
    %flag_set/vec4 8;
    %jmp/0xz  T_15.0, 8;
    %pushi/vec4 0, 0, 1;
    %assign/vec4 v0x5af9e1d97cb0_0, 0;
    %jmp T_15.1;
T_15.0 ;
    %load/vec4 v0x5af9e1d97080_0;
    %flag_set/vec4 9;
    %flag_get/vec4 9;
    %jmp/0 T_15.4, 9;
    %load/vec4 v0x5af9e1d96f00_0;
    %and;
T_15.4;
    %flag_set/vec4 8;
    %jmp/0xz  T_15.2, 8;
    %load/vec4 v0x5af9e1d96fc0_0;
    %flag_set/vec4 10;
    %flag_get/vec4 10;
    %jmp/0 T_15.8, 10;
    %load/vec4 v0x5af9e1d97ad0_0;
    %and;
T_15.8;
    %flag_set/vec4 9;
    %flag_get/vec4 9;
    %jmp/0 T_15.7, 9;
    %pushi/vec4 0, 0, 1;
    %and;
T_15.7;
    %flag_set/vec4 8;
    %jmp/0xz  T_15.5, 8;
    %pushi/vec4 1, 0, 1;
    %assign/vec4 v0x5af9e1d97cb0_0, 0;
    %jmp T_15.6;
T_15.5 ;
    %load/vec4 v0x5af9e1d97ad0_0;
    %flag_set/vec4 8;
    %jmp/0xz  T_15.9, 8;
    %pushi/vec4 0, 0, 1;
    %assign/vec4 v0x5af9e1d97cb0_0, 0;
T_15.9 ;
T_15.6 ;
T_15.2 ;
T_15.1 ;
    %jmp T_15;
    .thread T_15;
    .scope S_0x5af9e1d82670;
T_16 ;
    %wait E_0x5af9e1cdb590;
    %load/vec4 v0x5af9e1d845f0_0;
    %nor/r;
    %flag_set/vec4 8;
    %jmp/0xz  T_16.0, 8;
    %pushi/vec4 0, 0, 1;
    %assign/vec4 v0x5af9e1d84530_0, 0;
    %jmp T_16.1;
T_16.0 ;
    %load/vec4 v0x5af9e1d83b30_0;
    %flag_set/vec4 10;
    %flag_get/vec4 10;
    %jmp/0 T_16.5, 10;
    %load/vec4 v0x5af9e1d839b0_0;
    %and;
T_16.5;
    %flag_set/vec4 9;
    %flag_get/vec4 9;
    %jmp/0 T_16.4, 9;
    %load/vec4 v0x5af9e1d83a70_0;
    %and;
T_16.4;
    %flag_set/vec4 8;
    %jmp/0xz  T_16.2, 8;
    %load/vec4 v0x5af9e1d83750_0;
    %assign/vec4 v0x5af9e1d84530_0, 0;
T_16.2 ;
T_16.1 ;
    %jmp T_16;
    .thread T_16;
    .scope S_0x5af9e1d82670;
T_17 ;
    %wait E_0x5af9e1cdb590;
    %load/vec4 v0x5af9e1d845f0_0;
    %nor/r;
    %flag_set/vec4 8;
    %jmp/0xz  T_17.0, 8;
    %pushi/vec4 0, 0, 1;
    %assign/vec4 v0x5af9e1d846b0_0, 0;
    %jmp T_17.1;
T_17.0 ;
    %load/vec4 v0x5af9e1d83b30_0;
    %flag_set/vec4 9;
    %flag_get/vec4 9;
    %jmp/0 T_17.4, 9;
    %load/vec4 v0x5af9e1d839b0_0;
    %and;
T_17.4;
    %flag_set/vec4 8;
    %jmp/0xz  T_17.2, 8;
    %load/vec4 v0x5af9e1d83a70_0;
    %flag_set/vec4 10;
    %flag_get/vec4 10;
    %jmp/0 T_17.8, 10;
    %load/vec4 v0x5af9e1d84470_0;
    %and;
T_17.8;
    %flag_set/vec4 9;
    %flag_get/vec4 9;
    %jmp/0 T_17.7, 9;
    %pushi/vec4 1, 0, 1;
    %and;
T_17.7;
    %flag_set/vec4 8;
    %jmp/0xz  T_17.5, 8;
    %pushi/vec4 1, 0, 1;
    %assign/vec4 v0x5af9e1d846b0_0, 0;
    %jmp T_17.6;
T_17.5 ;
    %load/vec4 v0x5af9e1d84470_0;
    %flag_set/vec4 8;
    %jmp/0xz  T_17.9, 8;
    %pushi/vec4 0, 0, 1;
    %assign/vec4 v0x5af9e1d846b0_0, 0;
T_17.9 ;
T_17.6 ;
T_17.2 ;
T_17.1 ;
    %jmp T_17;
    .thread T_17;
    .scope S_0x5af9e1d86630;
T_18 ;
    %wait E_0x5af9e1cdb590;
    %load/vec4 v0x5af9e1d87360_0;
    %nor/r;
    %flag_set/vec4 8;
    %jmp/0xz  T_18.0, 8;
    %pushi/vec4 0, 0, 1;
    %assign/vec4 v0x5af9e1d872a0_0, 0;
    %pushi/vec4 0, 0, 1;
    %assign/vec4 v0x5af9e1d871e0_0, 0;
    %pushi/vec4 0, 0, 1;
    %assign/vec4 v0x5af9e1d87060_0, 0;
    %pushi/vec4 0, 0, 8;
    %assign/vec4 v0x5af9e1d86f80_0, 0;
    %jmp T_18.1;
T_18.0 ;
    %load/vec4 v0x5af9e1d86cf0_0;
    %flag_set/vec4 8;
    %jmp/0xz  T_18.2, 8;
    %load/vec4 v0x5af9e1d86ec0_0;
    %assign/vec4 v0x5af9e1d872a0_0, 0;
    %load/vec4 v0x5af9e1d86b90_0;
    %assign/vec4 v0x5af9e1d86f80_0, 0;
    %load/vec4 v0x5af9e1d86e00_0;
    %assign/vec4 v0x5af9e1d871e0_0, 0;
    %load/vec4 v0x5af9e1d86c30_0;
    %assign/vec4 v0x5af9e1d87060_0, 0;
T_18.2 ;
T_18.1 ;
    %jmp T_18;
    .thread T_18;
    .scope S_0x5af9e1d99340;
T_19 ;
    %wait E_0x5af9e1cdb590;
    %load/vec4 v0x5af9e1d9b140_0;
    %nor/r;
    %flag_set/vec4 8;
    %jmp/0xz  T_19.0, 8;
    %pushi/vec4 0, 0, 1;
    %assign/vec4 v0x5af9e1d9b0a0_0, 0;
    %jmp T_19.1;
T_19.0 ;
    %load/vec4 v0x5af9e1d9a850_0;
    %flag_set/vec4 10;
    %flag_get/vec4 10;
    %jmp/0 T_19.5, 10;
    %load/vec4 v0x5af9e1d9a710_0;
    %and;
T_19.5;
    %flag_set/vec4 9;
    %flag_get/vec4 9;
    %jmp/0 T_19.4, 9;
    %load/vec4 v0x5af9e1d9a7b0_0;
    %and;
T_19.4;
    %flag_set/vec4 8;
    %jmp/0xz  T_19.2, 8;
    %load/vec4 v0x5af9e1d9a4f0_0;
    %assign/vec4 v0x5af9e1d9b0a0_0, 0;
T_19.2 ;
T_19.1 ;
    %jmp T_19;
    .thread T_19;
    .scope S_0x5af9e1d99340;
T_20 ;
    %wait E_0x5af9e1cdb590;
    %load/vec4 v0x5af9e1d9b140_0;
    %nor/r;
    %flag_set/vec4 8;
    %jmp/0xz  T_20.0, 8;
    %pushi/vec4 0, 0, 1;
    %assign/vec4 v0x5af9e1d9b3f0_0, 0;
    %jmp T_20.1;
T_20.0 ;
    %load/vec4 v0x5af9e1d9a850_0;
    %flag_set/vec4 9;
    %flag_get/vec4 9;
    %jmp/0 T_20.4, 9;
    %load/vec4 v0x5af9e1d9a710_0;
    %and;
T_20.4;
    %flag_set/vec4 8;
    %jmp/0xz  T_20.2, 8;
    %load/vec4 v0x5af9e1d9a7b0_0;
    %flag_set/vec4 10;
    %flag_get/vec4 10;
    %jmp/0 T_20.8, 10;
    %load/vec4 v0x5af9e1d9b000_0;
    %and;
T_20.8;
    %flag_set/vec4 9;
    %flag_get/vec4 9;
    %jmp/0 T_20.7, 9;
    %pushi/vec4 0, 0, 1;
    %and;
T_20.7;
    %flag_set/vec4 8;
    %jmp/0xz  T_20.5, 8;
    %pushi/vec4 1, 0, 1;
    %assign/vec4 v0x5af9e1d9b3f0_0, 0;
    %jmp T_20.6;
T_20.5 ;
    %load/vec4 v0x5af9e1d9b000_0;
    %flag_set/vec4 8;
    %jmp/0xz  T_20.9, 8;
    %pushi/vec4 0, 0, 1;
    %assign/vec4 v0x5af9e1d9b3f0_0, 0;
T_20.9 ;
T_20.6 ;
T_20.2 ;
T_20.1 ;
    %jmp T_20;
    .thread T_20;
    .scope S_0x5af9e1d91fc0;
T_21 ;
    %wait E_0x5af9e1cdb590;
    %load/vec4 v0x5af9e1d92ac0_0;
    %nor/r;
    %flag_set/vec4 8;
    %jmp/0xz  T_21.0, 8;
    %pushi/vec4 1, 0, 1;
    %assign/vec4 v0x5af9e1d927f0_0, 0;
    %pushi/vec4 0, 0, 16;
    %assign/vec4 v0x5af9e1d92400_0, 0;
    %pushi/vec4 255, 255, 8;
    %assign/vec4 v0x5af9e1d924e0_0, 0;
    %pushi/vec4 255, 255, 8;
    %assign/vec4 v0x5af9e1d92b60_0, 0;
    %jmp T_21.1;
T_21.0 ;
    %load/vec4 v0x5af9e1d929d0_0;
    %flag_set/vec4 9;
    %flag_get/vec4 9;
    %jmp/0 T_21.4, 9;
    %load/vec4 v0x5af9e1d927f0_0;
    %and;
T_21.4;
    %flag_set/vec4 8;
    %jmp/0xz  T_21.2, 8;
    %load/vec4 v0x5af9e1d92400_0;
    %cmpi/e 0, 0, 16;
    %jmp/0xz  T_21.5, 4;
    %load/vec4 v0x5af9e1d925a0_0;
    %assign/vec4 v0x5af9e1d924e0_0, 0;
T_21.5 ;
    %load/vec4 v0x5af9e1d92400_0;
    %cmpi/e 1, 0, 16;
    %jmp/0xz  T_21.7, 4;
    %load/vec4 v0x5af9e1d925a0_0;
    %assign/vec4 v0x5af9e1d92b60_0, 0;
T_21.7 ;
    %load/vec4 v0x5af9e1d92400_0;
    %addi 1, 0, 16;
    %assign/vec4 v0x5af9e1d92400_0, 0;
T_21.2 ;
T_21.1 ;
    %jmp T_21;
    .thread T_21;
    .scope S_0x5af9e1d94990;
T_22 ;
    %wait E_0x5af9e1cdb590;
    %load/vec4 v0x5af9e1d954b0_0;
    %nor/r;
    %flag_set/vec4 8;
    %jmp/0xz  T_22.0, 8;
    %pushi/vec4 1, 0, 1;
    %assign/vec4 v0x5af9e1d95270_0, 0;
    %pushi/vec4 0, 0, 16;
    %assign/vec4 v0x5af9e1d94ee0_0, 0;
    %pushi/vec4 255, 255, 8;
    %assign/vec4 v0x5af9e1d94fc0_0, 0;
    %pushi/vec4 255, 255, 8;
    %assign/vec4 v0x5af9e1d95550_0, 0;
    %jmp T_22.1;
T_22.0 ;
    %load/vec4 v0x5af9e1d95270_0;
    %inv;
    %assign/vec4 v0x5af9e1d95270_0, 0;
    %load/vec4 v0x5af9e1d953f0_0;
    %flag_set/vec4 9;
    %flag_get/vec4 9;
    %jmp/0 T_22.4, 9;
    %load/vec4 v0x5af9e1d95270_0;
    %and;
T_22.4;
    %flag_set/vec4 8;
    %jmp/0xz  T_22.2, 8;
    %load/vec4 v0x5af9e1d94ee0_0;
    %cmpi/e 0, 0, 16;
    %jmp/0xz  T_22.5, 4;
    %load/vec4 v0x5af9e1d95080_0;
    %assign/vec4 v0x5af9e1d94fc0_0, 0;
T_22.5 ;
    %load/vec4 v0x5af9e1d94ee0_0;
    %cmpi/e 1, 0, 16;
    %jmp/0xz  T_22.7, 4;
    %load/vec4 v0x5af9e1d95080_0;
    %assign/vec4 v0x5af9e1d95550_0, 0;
T_22.7 ;
    %load/vec4 v0x5af9e1d94ee0_0;
    %addi 1, 0, 16;
    %assign/vec4 v0x5af9e1d94ee0_0, 0;
T_22.2 ;
T_22.1 ;
    %jmp T_22;
    .thread T_22;
    .scope S_0x5af9e1d93bd0;
T_23 ;
    %wait E_0x5af9e1cdb590;
    %load/vec4 v0x5af9e1d94670_0;
    %nor/r;
    %flag_set/vec4 8;
    %jmp/0xz  T_23.0, 8;
    %pushi/vec4 1, 0, 1;
    %assign/vec4 v0x5af9e1d94430_0, 0;
    %pushi/vec4 0, 0, 16;
    %assign/vec4 v0x5af9e1d940a0_0, 0;
    %pushi/vec4 255, 255, 8;
    %assign/vec4 v0x5af9e1d94180_0, 0;
    %pushi/vec4 255, 255, 8;
    %assign/vec4 v0x5af9e1d94710_0, 0;
    %jmp T_23.1;
T_23.0 ;
    %load/vec4 v0x5af9e1d945b0_0;
    %flag_set/vec4 9;
    %flag_get/vec4 9;
    %jmp/0 T_23.4, 9;
    %load/vec4 v0x5af9e1d94430_0;
    %and;
T_23.4;
    %flag_set/vec4 8;
    %jmp/0xz  T_23.2, 8;
    %load/vec4 v0x5af9e1d940a0_0;
    %cmpi/e 0, 0, 16;
    %jmp/0xz  T_23.5, 4;
    %load/vec4 v0x5af9e1d94240_0;
    %assign/vec4 v0x5af9e1d94180_0, 0;
T_23.5 ;
    %load/vec4 v0x5af9e1d940a0_0;
    %cmpi/e 1, 0, 16;
    %jmp/0xz  T_23.7, 4;
    %load/vec4 v0x5af9e1d94240_0;
    %assign/vec4 v0x5af9e1d94710_0, 0;
T_23.7 ;
    %load/vec4 v0x5af9e1d940a0_0;
    %addi 1, 0, 16;
    %assign/vec4 v0x5af9e1d940a0_0, 0;
T_23.2 ;
T_23.1 ;
    %jmp T_23;
    .thread T_23;
    .scope S_0x5af9e1d5de90;
T_24 ;
    %pushi/vec4 0, 0, 1;
    %store/vec4 v0x5af9e1d9cca0_0, 0, 1;
    %pushi/vec4 0, 0, 1;
    %store/vec4 v0x5af9e1d9f3e0_0, 0, 1;
    %pushi/vec4 0, 0, 32;
    %store/vec4 v0x5af9e1d9d1a0_0, 0, 32;
    %end;
    .thread T_24;
    .scope S_0x5af9e1d5de90;
T_25 ;
    %delay 5000, 0;
    %load/vec4 v0x5af9e1d9cca0_0;
    %inv;
    %store/vec4 v0x5af9e1d9cca0_0, 0, 1;
    %jmp T_25;
    .thread T_25;
    .scope S_0x5af9e1d5de90;
T_26 ;
    %pushi/vec4 0, 0, 8;
    %store/vec4 v0x5af9e1d9f480_0, 0, 8;
    %pushi/vec4 0, 0, 1;
    %store/vec4 v0x5af9e1d9f840_0, 0, 1;
    %pushi/vec4 0, 0, 1;
    %store/vec4 v0x5af9e1d9f750_0, 0, 1;
    %pushi/vec4 0, 0, 1;
    %store/vec4 v0x5af9e1d9f570_0, 0, 1;
    %pushi/vec4 0, 0, 8;
    %store/vec4 v0x5af9e1d9c740_0, 0, 8;
    %pushi/vec4 0, 0, 1;
    %store/vec4 v0x5af9e1d9cb60_0, 0, 1;
    %pushi/vec4 0, 0, 1;
    %store/vec4 v0x5af9e1d9ca70_0, 0, 1;
    %pushi/vec4 0, 0, 1;
    %store/vec4 v0x5af9e1d9c870_0, 0, 1;
    %pushi/vec4 4, 0, 32;
T_26.0 %dup/vec4;
    %cmpi/s 0, 0, 32;
    %jmp/1xz T_26.1, 5;
    %jmp/1 T_26.1, 4;
    %subi 1, 0, 32;
    %wait E_0x5af9e1cdb060;
    %jmp T_26.0;
T_26.1 ;
    %pop/vec4 1;
    %pushi/vec4 1, 0, 1;
    %store/vec4 v0x5af9e1d9f3e0_0, 0, 1;
    %pushi/vec4 2, 0, 32;
T_26.2 %dup/vec4;
    %cmpi/s 0, 0, 32;
    %jmp/1xz T_26.3, 5;
    %jmp/1 T_26.3, 4;
    %subi 1, 0, 32;
    %wait E_0x5af9e1cdb060;
    %jmp T_26.2;
T_26.3 ;
    %pop/vec4 1;
    %vpi_call 2 315 "$display", "=== SPINE TEST ===" {0 0 0};
    %pushi/vec4 2, 0, 8;
    %store/vec4 v0x5af9e1d8fd30_0, 0, 8;
    %pushi/vec4 53, 0, 8;
    %store/vec4 v0x5af9e1d8fe10_0, 0, 8;
    %pushi/vec4 64, 0, 8;
    %store/vec4 v0x5af9e1d8fc30_0, 0, 8;
    %pushi/vec4 170, 0, 8;
    %store/vec4 v0x5af9e1d8ff00_0, 0, 8;
    %pushi/vec4 187, 0, 8;
    %store/vec4 v0x5af9e1d8ffe0_0, 0, 8;
    %fork TD_tb_fabric.send_spine_pkt, S_0x5af9e1d8fa50;
    %join;
    %pushi/vec4 3, 0, 8;
    %store/vec4 v0x5af9e1d8fd30_0, 0, 8;
    %pushi/vec4 119, 0, 8;
    %store/vec4 v0x5af9e1d8fe10_0, 0, 8;
    %pushi/vec4 64, 0, 8;
    %store/vec4 v0x5af9e1d8fc30_0, 0, 8;
    %pushi/vec4 204, 0, 8;
    %store/vec4 v0x5af9e1d8ff00_0, 0, 8;
    %pushi/vec4 221, 0, 8;
    %store/vec4 v0x5af9e1d8ffe0_0, 0, 8;
    %fork TD_tb_fabric.send_spine_pkt, S_0x5af9e1d8fa50;
    %join;
    %pushi/vec4 20, 0, 32;
T_26.4 %dup/vec4;
    %cmpi/s 0, 0, 32;
    %jmp/1xz T_26.5, 5;
    %jmp/1 T_26.5, 4;
    %subi 1, 0, 32;
    %wait E_0x5af9e1cdb060;
    %jmp T_26.4;
T_26.5 ;
    %pop/vec4 1;
    %pushi/vec4 0, 0, 32; draw_string_vec4
    %pushi/vec4 0, 0, 32; draw_string_vec4
    %concat/vec4; draw_string_vec4
    %pushi/vec4 0, 0, 32; draw_string_vec4
    %concat/vec4; draw_string_vec4
    %pushi/vec4 0, 0, 32; draw_string_vec4
    %concat/vec4; draw_string_vec4
    %pushi/vec4 29552, 0, 32; draw_string_vec4
    %concat/vec4; draw_string_vec4
    %pushi/vec4 1768842528, 0, 32; draw_string_vec4
    %concat/vec4; draw_string_vec4
    %pushi/vec4 1848729443, 0, 32; draw_string_vec4
    %concat/vec4; draw_string_vec4
    %pushi/vec4 1869966964, 0, 32; draw_string_vec4
    %concat/vec4; draw_string_vec4
    %store/vec4 v0x5af9e1d59c40_0, 0, 256;
    %load/vec4 v0x5af9e1d9e070_0;
    %pad/u 32;
    %store/vec4 v0x5af9e1d41680_0, 0, 32;
    %pushi/vec4 0, 0, 32;
    %store/vec4 v0x5af9e1d415b0_0, 0, 32;
    %fork TD_tb_fabric.check_eq, S_0x5af9e1d39e60;
    %join;
    %pushi/vec4 0, 0, 32; draw_string_vec4
    %pushi/vec4 0, 0, 32; draw_string_vec4
    %concat/vec4; draw_string_vec4
    %pushi/vec4 0, 0, 32; draw_string_vec4
    %concat/vec4; draw_string_vec4
    %pushi/vec4 0, 0, 32; draw_string_vec4
    %concat/vec4; draw_string_vec4
    %pushi/vec4 29552, 0, 32; draw_string_vec4
    %concat/vec4; draw_string_vec4
    %pushi/vec4 1768842528, 0, 32; draw_string_vec4
    %concat/vec4; draw_string_vec4
    %pushi/vec4 1848794979, 0, 32; draw_string_vec4
    %concat/vec4; draw_string_vec4
    %pushi/vec4 1869966964, 0, 32; draw_string_vec4
    %concat/vec4; draw_string_vec4
    %store/vec4 v0x5af9e1d59c40_0, 0, 256;
    %load/vec4 v0x5af9e1d9e7c0_0;
    %pad/u 32;
    %store/vec4 v0x5af9e1d41680_0, 0, 32;
    %pushi/vec4 8, 0, 32;
    %store/vec4 v0x5af9e1d415b0_0, 0, 32;
    %fork TD_tb_fabric.check_eq, S_0x5af9e1d39e60;
    %join;
    %pushi/vec4 0, 0, 32; draw_string_vec4
    %pushi/vec4 0, 0, 32; draw_string_vec4
    %concat/vec4; draw_string_vec4
    %pushi/vec4 0, 0, 32; draw_string_vec4
    %concat/vec4; draw_string_vec4
    %pushi/vec4 0, 0, 32; draw_string_vec4
    %concat/vec4; draw_string_vec4
    %pushi/vec4 1936746862, 0, 32; draw_string_vec4
    %concat/vec4; draw_string_vec4
    %pushi/vec4 1696624737, 0, 32; draw_string_vec4
    %concat/vec4; draw_string_vec4
    %pushi/vec4 1936940899, 0, 32; draw_string_vec4
    %concat/vec4; draw_string_vec4
    %pushi/vec4 1869966964, 0, 32; draw_string_vec4
    %concat/vec4; draw_string_vec4
    %store/vec4 v0x5af9e1d59c40_0, 0, 256;
    %load/vec4 v0x5af9e1d9f200_0;
    %pad/u 32;
    %store/vec4 v0x5af9e1d41680_0, 0, 32;
    %pushi/vec4 9, 0, 32;
    %store/vec4 v0x5af9e1d415b0_0, 0, 32;
    %fork TD_tb_fabric.check_eq, S_0x5af9e1d39e60;
    %join;
    %pushi/vec4 0, 0, 32; draw_string_vec4
    %pushi/vec4 0, 0, 32; draw_string_vec4
    %concat/vec4; draw_string_vec4
    %pushi/vec4 7565417, 0, 32; draw_string_vec4
    %concat/vec4; draw_string_vec4
    %pushi/vec4 1852121198, 0, 32; draw_string_vec4
    %concat/vec4; draw_string_vec4
    %pushi/vec4 845112937, 0, 32; draw_string_vec4
    %concat/vec4; draw_string_vec4
    %pushi/vec4 1920168992, 0, 32; draw_string_vec4
    %concat/vec4; draw_string_vec4
    %pushi/vec4 676155204, 0, 32; draw_string_vec4
    %concat/vec4; draw_string_vec4
    %pushi/vec4 1431061801, 0, 32; draw_string_vec4
    %concat/vec4; draw_string_vec4
    %store/vec4 v0x5af9e1d51830_0, 0, 256;
    %load/vec4 v0x5af9e1d9e9a0_0;
    %store/vec4 v0x5af9e1d61760_0, 0, 8;
    %pushi/vec4 53, 0, 8;
    %store/vec4 v0x5af9e1d59d40_0, 0, 8;
    %fork TD_tb_fabric.check_hex, S_0x5af9e1d42d20;
    %join;
    %pushi/vec4 0, 0, 32; draw_string_vec4
    %pushi/vec4 0, 0, 32; draw_string_vec4
    %concat/vec4; draw_string_vec4
    %pushi/vec4 29552, 0, 32; draw_string_vec4
    %concat/vec4; draw_string_vec4
    %pushi/vec4 1768842528, 0, 32; draw_string_vec4
    %concat/vec4; draw_string_vec4
    %pushi/vec4 1848794995, 0, 32; draw_string_vec4
    %concat/vec4; draw_string_vec4
    %pushi/vec4 1701015406, 0, 32; draw_string_vec4
    %concat/vec4; draw_string_vec4
    %pushi/vec4 1679829059, 0, 32; draw_string_vec4
    %concat/vec4; draw_string_vec4
    %pushi/vec4 1414679593, 0, 32; draw_string_vec4
    %concat/vec4; draw_string_vec4
    %store/vec4 v0x5af9e1d51830_0, 0, 256;
    %load/vec4 v0x5af9e1d9eb00_0;
    %store/vec4 v0x5af9e1d61760_0, 0, 8;
    %pushi/vec4 64, 0, 8;
    %store/vec4 v0x5af9e1d59d40_0, 0, 8;
    %fork TD_tb_fabric.check_hex, S_0x5af9e1d42d20;
    %join;
    %pushi/vec4 0, 0, 32; draw_string_vec4
    %pushi/vec4 0, 0, 32; draw_string_vec4
    %concat/vec4; draw_string_vec4
    %pushi/vec4 1936746862, 0, 32; draw_string_vec4
    %concat/vec4; draw_string_vec4
    %pushi/vec4 1696624737, 0, 32; draw_string_vec4
    %concat/vec4; draw_string_vec4
    %pushi/vec4 1936940902, 0, 32; draw_string_vec4
    %concat/vec4; draw_string_vec4
    %pushi/vec4 1769108340, 0, 32; draw_string_vec4
    %concat/vec4; draw_string_vec4
    %pushi/vec4 539511873, 0, 32; draw_string_vec4
    %concat/vec4; draw_string_vec4
    %pushi/vec4 1497715241, 0, 32; draw_string_vec4
    %concat/vec4; draw_string_vec4
    %store/vec4 v0x5af9e1d51830_0, 0, 256;
    %load/vec4 v0x5af9e1d9f2a0_0;
    %store/vec4 v0x5af9e1d61760_0, 0, 8;
    %pushi/vec4 3, 0, 8;
    %store/vec4 v0x5af9e1d59d40_0, 0, 8;
    %fork TD_tb_fabric.check_hex, S_0x5af9e1d42d20;
    %join;
    %vpi_call 2 331 "$display", "=== BOARD TEST ===" {0 0 0};
    %pushi/vec4 37, 0, 8;
    %store/vec4 v0x5af9e1d8f260_0, 0, 8;
    %pushi/vec4 128, 0, 8;
    %store/vec4 v0x5af9e1d8f160_0, 0, 8;
    %pushi/vec4 90, 0, 8;
    %store/vec4 v0x5af9e1d8f340_0, 0, 8;
    %fork TD_tb_fabric.send_board_pkt, S_0x5af9e1d8ef80;
    %join;
    %pushi/vec4 83, 0, 8;
    %store/vec4 v0x5af9e1d8f260_0, 0, 8;
    %pushi/vec4 128, 0, 8;
    %store/vec4 v0x5af9e1d8f160_0, 0, 8;
    %pushi/vec4 107, 0, 8;
    %store/vec4 v0x5af9e1d8f340_0, 0, 8;
    %fork TD_tb_fabric.send_board_pkt, S_0x5af9e1d8ef80;
    %join;
    %pushi/vec4 60, 0, 32;
T_26.6 %dup/vec4;
    %cmpi/s 0, 0, 32;
    %jmp/1xz T_26.7, 5;
    %jmp/1 T_26.7, 4;
    %subi 1, 0, 32;
    %wait E_0x5af9e1cdb060;
    %jmp T_26.6;
T_26.7 ;
    %pop/vec4 1;
    %pushi/vec4 0, 0, 32; draw_string_vec4
    %pushi/vec4 0, 0, 32; draw_string_vec4
    %concat/vec4; draw_string_vec4
    %pushi/vec4 0, 0, 32; draw_string_vec4
    %concat/vec4; draw_string_vec4
    %pushi/vec4 0, 0, 32; draw_string_vec4
    %concat/vec4; draw_string_vec4
    %pushi/vec4 1651466610, 0, 32; draw_string_vec4
    %concat/vec4; draw_string_vec4
    %pushi/vec4 1679847023, 0, 32; draw_string_vec4
    %concat/vec4; draw_string_vec4
    %pushi/vec4 1684365155, 0, 32; draw_string_vec4
    %concat/vec4; draw_string_vec4
    %pushi/vec4 1869966964, 0, 32; draw_string_vec4
    %concat/vec4; draw_string_vec4
    %store/vec4 v0x5af9e1d59c40_0, 0, 256;
    %load/vec4 v0x5af9e1d9f000_0;
    %pad/u 32;
    %store/vec4 v0x5af9e1d41680_0, 0, 32;
    %pushi/vec4 6, 0, 32;
    %store/vec4 v0x5af9e1d415b0_0, 0, 32;
    %fork TD_tb_fabric.check_eq, S_0x5af9e1d39e60;
    %join;
    %pushi/vec4 0, 0, 32; draw_string_vec4
    %pushi/vec4 0, 0, 32; draw_string_vec4
    %concat/vec4; draw_string_vec4
    %pushi/vec4 0, 0, 32; draw_string_vec4
    %concat/vec4; draw_string_vec4
    %pushi/vec4 0, 0, 32; draw_string_vec4
    %concat/vec4; draw_string_vec4
    %pushi/vec4 25199, 0, 32; draw_string_vec4
    %concat/vec4; draw_string_vec4
    %pushi/vec4 1634886688, 0, 32; draw_string_vec4
    %concat/vec4; draw_string_vec4
    %pushi/vec4 2033540963, 0, 32; draw_string_vec4
    %concat/vec4; draw_string_vec4
    %pushi/vec4 1869966964, 0, 32; draw_string_vec4
    %concat/vec4; draw_string_vec4
    %store/vec4 v0x5af9e1d59c40_0, 0, 256;
    %load/vec4 v0x5af9e1da0a70_0;
    %pad/u 32;
    %store/vec4 v0x5af9e1d41680_0, 0, 32;
    %pushi/vec4 7, 0, 32;
    %store/vec4 v0x5af9e1d415b0_0, 0, 32;
    %fork TD_tb_fabric.check_eq, S_0x5af9e1d39e60;
    %join;
    %pushi/vec4 0, 0, 32; draw_string_vec4
    %pushi/vec4 0, 0, 32; draw_string_vec4
    %concat/vec4; draw_string_vec4
    %pushi/vec4 0, 0, 32; draw_string_vec4
    %concat/vec4; draw_string_vec4
    %pushi/vec4 0, 0, 32; draw_string_vec4
    %concat/vec4; draw_string_vec4
    %pushi/vec4 98, 0, 32; draw_string_vec4
    %concat/vec4; draw_string_vec4
    %pushi/vec4 1868657252, 0, 32; draw_string_vec4
    %concat/vec4; draw_string_vec4
    %pushi/vec4 544759651, 0, 32; draw_string_vec4
    %concat/vec4; draw_string_vec4
    %pushi/vec4 1869966964, 0, 32; draw_string_vec4
    %concat/vec4; draw_string_vec4
    %store/vec4 v0x5af9e1d59c40_0, 0, 256;
    %load/vec4 v0x5af9e1da0870_0;
    %pad/u 32;
    %store/vec4 v0x5af9e1d41680_0, 0, 32;
    %pushi/vec4 0, 0, 32;
    %store/vec4 v0x5af9e1d415b0_0, 0, 32;
    %fork TD_tb_fabric.check_eq, S_0x5af9e1d39e60;
    %join;
    %pushi/vec4 0, 0, 32; draw_string_vec4
    %pushi/vec4 0, 0, 32; draw_string_vec4
    %concat/vec4; draw_string_vec4
    %pushi/vec4 6451041, 0, 32; draw_string_vec4
    %concat/vec4; draw_string_vec4
    %pushi/vec4 1919164526, 0, 32; draw_string_vec4
    %concat/vec4; draw_string_vec4
    %pushi/vec4 1868850527, 0, 32; draw_string_vec4
    %concat/vec4; draw_string_vec4
    %pushi/vec4 1718186611, 0, 32; draw_string_vec4
    %concat/vec4; draw_string_vec4
    %pushi/vec4 1948264515, 0, 32; draw_string_vec4
    %concat/vec4; draw_string_vec4
    %pushi/vec4 1414679593, 0, 32; draw_string_vec4
    %concat/vec4; draw_string_vec4
    %store/vec4 v0x5af9e1d51830_0, 0, 256;
    %load/vec4 v0x5af9e1d9f0c0_0;
    %store/vec4 v0x5af9e1d61760_0, 0, 8;
    %pushi/vec4 128, 0, 8;
    %store/vec4 v0x5af9e1d59d40_0, 0, 8;
    %fork TD_tb_fabric.check_hex, S_0x5af9e1d42d20;
    %join;
    %pushi/vec4 0, 0, 32; draw_string_vec4
    %pushi/vec4 0, 0, 32; draw_string_vec4
    %concat/vec4; draw_string_vec4
    %pushi/vec4 6451041, 0, 32; draw_string_vec4
    %concat/vec4; draw_string_vec4
    %pushi/vec4 1919164537, 0, 32; draw_string_vec4
    %concat/vec4; draw_string_vec4
    %pushi/vec4 895444585, 0, 32; draw_string_vec4
    %concat/vec4; draw_string_vec4
    %pushi/vec4 1920168992, 0, 32; draw_string_vec4
    %concat/vec4; draw_string_vec4
    %pushi/vec4 676155204, 0, 32; draw_string_vec4
    %concat/vec4; draw_string_vec4
    %pushi/vec4 1431061801, 0, 32; draw_string_vec4
    %concat/vec4; draw_string_vec4
    %store/vec4 v0x5af9e1d51830_0, 0, 256;
    %load/vec4 v0x5af9e1da0b10_0;
    %store/vec4 v0x5af9e1d61760_0, 0, 8;
    %pushi/vec4 83, 0, 8;
    %store/vec4 v0x5af9e1d59d40_0, 0, 8;
    %fork TD_tb_fabric.check_hex, S_0x5af9e1d42d20;
    %join;
    %load/vec4 v0x5af9e1d9d1a0_0;
    %cmpi/e 0, 0, 32;
    %jmp/0xz  T_26.8, 4;
    %vpi_call 2 347 "$display", "\012*** ALL TESTS PASSED ***" {0 0 0};
    %jmp T_26.9;
T_26.8 ;
    %vpi_call 2 349 "$display", "\012*** %0d TEST(S) FAILED ***", v0x5af9e1d9d1a0_0 {0 0 0};
T_26.9 ;
    %vpi_call 2 351 "$finish" {0 0 0};
    %end;
    .thread T_26;
    .scope S_0x5af9e1d5de90;
T_27 ;
    %delay 200000000, 0;
    %vpi_call 2 357 "$display", "TIMEOUT" {0 0 0};
    %vpi_call 2 358 "$finish" {0 0 0};
    %end;
    .thread T_27;
# The file index is used to find the file name in the following table.
:file_names 8;
    "N/A";
    "<interactive>";
    "tb_fabric.v";
    "node_eject.v";
    "flit_gate.v";
    "hfr.v";
    "z_ingress.v";
    "xy_turn.v";
